Archive member included to satisfy reference by file (symbol)

d:/st/stm32cubeide_1.1.0/stm32cubeide/plugins/com.st.stm32cube.ide.mcu.externaltools.gnu-tools-for-stm32.7-2018-q2-update.win32_1.0.0.201904181610/tools/bin/../lib/gcc/arm-none-eabi/7.3.1/../../../../arm-none-eabi/lib/thumb/v7e-m/fpv4-sp/hard\libc_nano.a(lib_a-errno.o)
                              Core/Src/syscalls.o (__errno)
d:/st/stm32cubeide_1.1.0/stm32cubeide/plugins/com.st.stm32cube.ide.mcu.externaltools.gnu-tools-for-stm32.7-2018-q2-update.win32_1.0.0.201904181610/tools/bin/../lib/gcc/arm-none-eabi/7.3.1/../../../../arm-none-eabi/lib/thumb/v7e-m/fpv4-sp/hard\libc_nano.a(lib_a-exit.o)
                              d:/st/stm32cubeide_1.1.0/stm32cubeide/plugins/com.st.stm32cube.ide.mcu.externaltools.gnu-tools-for-stm32.7-2018-q2-update.win32_1.0.0.201904181610/tools/bin/../lib/gcc/arm-none-eabi/7.3.1/../../../../arm-none-eabi/lib/thumb/v7e-m/fpv4-sp/hard/crt0.o (exit)
d:/st/stm32cubeide_1.1.0/stm32cubeide/plugins/com.st.stm32cube.ide.mcu.externaltools.gnu-tools-for-stm32.7-2018-q2-update.win32_1.0.0.201904181610/tools/bin/../lib/gcc/arm-none-eabi/7.3.1/../../../../arm-none-eabi/lib/thumb/v7e-m/fpv4-sp/hard\libc_nano.a(lib_a-impure.o)
                              d:/st/stm32cubeide_1.1.0/stm32cubeide/plugins/com.st.stm32cube.ide.mcu.externaltools.gnu-tools-for-stm32.7-2018-q2-update.win32_1.0.0.201904181610/tools/bin/../lib/gcc/arm-none-eabi/7.3.1/../../../../arm-none-eabi/lib/thumb/v7e-m/fpv4-sp/hard\libc_nano.a(lib_a-exit.o) (_global_impure_ptr)
d:/st/stm32cubeide_1.1.0/stm32cubeide/plugins/com.st.stm32cube.ide.mcu.externaltools.gnu-tools-for-stm32.7-2018-q2-update.win32_1.0.0.201904181610/tools/bin/../lib/gcc/arm-none-eabi/7.3.1/../../../../arm-none-eabi/lib/thumb/v7e-m/fpv4-sp/hard\libc_nano.a(lib_a-init.o)
                              d:/st/stm32cubeide_1.1.0/stm32cubeide/plugins/com.st.stm32cube.ide.mcu.externaltools.gnu-tools-for-stm32.7-2018-q2-update.win32_1.0.0.201904181610/tools/bin/../lib/gcc/arm-none-eabi/7.3.1/../../../../arm-none-eabi/lib/thumb/v7e-m/fpv4-sp/hard/crt0.o (__libc_init_array)
d:/st/stm32cubeide_1.1.0/stm32cubeide/plugins/com.st.stm32cube.ide.mcu.externaltools.gnu-tools-for-stm32.7-2018-q2-update.win32_1.0.0.201904181610/tools/bin/../lib/gcc/arm-none-eabi/7.3.1/../../../../arm-none-eabi/lib/thumb/v7e-m/fpv4-sp/hard\libc_nano.a(lib_a-memset.o)
                              d:/st/stm32cubeide_1.1.0/stm32cubeide/plugins/com.st.stm32cube.ide.mcu.externaltools.gnu-tools-for-stm32.7-2018-q2-update.win32_1.0.0.201904181610/tools/bin/../lib/gcc/arm-none-eabi/7.3.1/../../../../arm-none-eabi/lib/thumb/v7e-m/fpv4-sp/hard/crt0.o (memset)
d:/st/stm32cubeide_1.1.0/stm32cubeide/plugins/com.st.stm32cube.ide.mcu.externaltools.gnu-tools-for-stm32.7-2018-q2-update.win32_1.0.0.201904181610/tools/bin/../lib/gcc/arm-none-eabi/7.3.1/thumb/v7e-m/fpv4-sp/hard\libgcc.a(_arm_addsubdf3.o)
                              Core/Src/mainSpinalCord.o (__aeabi_dadd)
d:/st/stm32cubeide_1.1.0/stm32cubeide/plugins/com.st.stm32cube.ide.mcu.externaltools.gnu-tools-for-stm32.7-2018-q2-update.win32_1.0.0.201904181610/tools/bin/../lib/gcc/arm-none-eabi/7.3.1/thumb/v7e-m/fpv4-sp/hard\libgcc.a(_arm_muldivdf3.o)
                              Core/Src/mainSpinalCord.o (__aeabi_dmul)
d:/st/stm32cubeide_1.1.0/stm32cubeide/plugins/com.st.stm32cube.ide.mcu.externaltools.gnu-tools-for-stm32.7-2018-q2-update.win32_1.0.0.201904181610/tools/bin/../lib/gcc/arm-none-eabi/7.3.1/thumb/v7e-m/fpv4-sp/hard\libgcc.a(_arm_cmpdf2.o)
                              Core/Src/mainSpinalCord.o (__aeabi_dcmplt)
d:/st/stm32cubeide_1.1.0/stm32cubeide/plugins/com.st.stm32cube.ide.mcu.externaltools.gnu-tools-for-stm32.7-2018-q2-update.win32_1.0.0.201904181610/tools/bin/../lib/gcc/arm-none-eabi/7.3.1/thumb/v7e-m/fpv4-sp/hard\libgcc.a(_aeabi_uldivmod.o)
                              Drivers/STM32F4xx_HAL_Driver/Src/stm32f4xx_hal_rcc.o (__aeabi_uldivmod)
d:/st/stm32cubeide_1.1.0/stm32cubeide/plugins/com.st.stm32cube.ide.mcu.externaltools.gnu-tools-for-stm32.7-2018-q2-update.win32_1.0.0.201904181610/tools/bin/../lib/gcc/arm-none-eabi/7.3.1/thumb/v7e-m/fpv4-sp/hard\libgcc.a(_udivmoddi4.o)
                              d:/st/stm32cubeide_1.1.0/stm32cubeide/plugins/com.st.stm32cube.ide.mcu.externaltools.gnu-tools-for-stm32.7-2018-q2-update.win32_1.0.0.201904181610/tools/bin/../lib/gcc/arm-none-eabi/7.3.1/thumb/v7e-m/fpv4-sp/hard\libgcc.a(_aeabi_uldivmod.o) (__udivmoddi4)
d:/st/stm32cubeide_1.1.0/stm32cubeide/plugins/com.st.stm32cube.ide.mcu.externaltools.gnu-tools-for-stm32.7-2018-q2-update.win32_1.0.0.201904181610/tools/bin/../lib/gcc/arm-none-eabi/7.3.1/thumb/v7e-m/fpv4-sp/hard\libgcc.a(_dvmd_tls.o)
                              d:/st/stm32cubeide_1.1.0/stm32cubeide/plugins/com.st.stm32cube.ide.mcu.externaltools.gnu-tools-for-stm32.7-2018-q2-update.win32_1.0.0.201904181610/tools/bin/../lib/gcc/arm-none-eabi/7.3.1/thumb/v7e-m/fpv4-sp/hard\libgcc.a(_aeabi_uldivmod.o) (__aeabi_ldiv0)

[...]
Memory Configuration

Name             Origin             Length             Attributes
CCMRAM           0x0000000010000000 0x0000000000010000 xrw
RAM              0x0000000020000000 0x0000000000020000 xrw
FLASH            0x0000000008000000 0x0000000000080000 xr
*default*        0x0000000000000000 0xffffffffffffffff

Linker script and memory map

LOAD d:/st/stm32cubeide_1.1.0/stm32cubeide/plugins/com.st.stm32cube.ide.mcu.externaltools.gnu-tools-for-stm32.7-2018-q2-update.win32_1.0.0.201904181610/tools/bin/../lib/gcc/arm-none-eabi/7.3.1/thumb/v7e-m/fpv4-sp/hard/crti.o
LOAD d:/st/stm32cubeide_1.1.0/stm32cubeide/plugins/com.st.stm32cube.ide.mcu.externaltools.gnu-tools-for-stm32.7-2018-q2-update.win32_1.0.0.201904181610/tools/bin/../lib/gcc/arm-none-eabi/7.3.1/thumb/v7e-m/fpv4-sp/hard/crtbegin.o
LOAD d:/st/stm32cubeide_1.1.0/stm32cubeide/plugins/com.st.stm32cube.ide.mcu.externaltools.gnu-tools-for-stm32.7-2018-q2-update.win32_1.0.0.201904181610/tools/bin/../lib/gcc/arm-none-eabi/7.3.1/../../../../arm-none-eabi/lib/thumb/v7e-m/fpv4-sp/hard/crt0.o
LOAD Core/Src/mainSpinalCord.o
LOAD Core/Src/stm32f4xx_hal_msp.o
LOAD Core/Src/stm32f4xx_it.o
LOAD Core/Src/syscalls.o
LOAD Core/Src/sysmem.o
LOAD Core/Src/system_stm32f4xx.o
LOAD Core/Startup/startup_stm32f407vetx.o
LOAD Drivers/STM32F4xx_HAL_Driver/Src/stm32f4xx_hal.o
LOAD Drivers/STM32F4xx_HAL_Driver/Src/stm32f4xx_hal_cortex.o
LOAD Drivers/STM32F4xx_HAL_Driver/Src/stm32f4xx_hal_dma.o
LOAD Drivers/STM32F4xx_HAL_Driver/Src/stm32f4xx_hal_dma_ex.o
LOAD Drivers/STM32F4xx_HAL_Driver/Src/stm32f4xx_hal_exti.o
LOAD Drivers/STM32F4xx_HAL_Driver/Src/stm32f4xx_hal_flash.o
LOAD Drivers/STM32F4xx_HAL_Driver/Src/stm32f4xx_hal_flash_ex.o
LOAD Drivers/STM32F4xx_HAL_Driver/Src/stm32f4xx_hal_flash_ramfunc.o
LOAD Drivers/STM32F4xx_HAL_Driver/Src/stm32f4xx_hal_gpio.o
LOAD Drivers/STM32F4xx_HAL_Driver/Src/stm32f4xx_hal_pwr.o
LOAD Drivers/STM32F4xx_HAL_Driver/Src/stm32f4xx_hal_pwr_ex.o
LOAD Drivers/STM32F4xx_HAL_Driver/Src/stm32f4xx_hal_rcc.o
LOAD Drivers/STM32F4xx_HAL_Driver/Src/stm32f4xx_hal_rcc_ex.o
LOAD Drivers/STM32F4xx_HAL_Driver/Src/stm32f4xx_hal_tim.o
LOAD Drivers/STM32F4xx_HAL_Driver/Src/stm32f4xx_hal_tim_ex.o
LOAD Drivers/STM32F4xx_HAL_Driver/Src/stm32f4xx_hal_uart.o
START GROUP
LOAD d:/st/stm32cubeide_1.1.0/stm32cubeide/plugins/com.st.stm32cube.ide.mcu.externaltools.gnu-tools-for-stm32.7-2018-q2-update.win32_1.0.0.201904181610/tools/bin/../lib/gcc/arm-none-eabi/7.3.1/../../../../arm-none-eabi/lib/thumb/v7e-m/fpv4-sp/hard\libc_nano.a
LOAD d:/st/stm32cubeide_1.1.0/stm32cubeide/plugins/com.st.stm32cube.ide.mcu.externaltools.gnu-tools-for-stm32.7-2018-q2-update.win32_1.0.0.201904181610/tools/bin/../lib/gcc/arm-none-eabi/7.3.1/../../../../arm-none-eabi/lib/thumb/v7e-m/fpv4-sp/hard\libm.a
END GROUP
START GROUP
LOAD d:/st/stm32cubeide_1.1.0/stm32cubeide/plugins/com.st.stm32cube.ide.mcu.externaltools.gnu-tools-for-stm32.7-2018-q2-update.win32_1.0.0.201904181610/tools/bin/../lib/gcc/arm-none-eabi/7.3.1/thumb/v7e-m/fpv4-sp/hard\libgcc.a
LOAD d:/st/stm32cubeide_1.1.0/stm32cubeide/plugins/com.st.stm32cube.ide.mcu.externaltools.gnu-tools-for-stm32.7-2018-q2-update.win32_1.0.0.201904181610/tools/bin/../lib/gcc/arm-none-eabi/7.3.1/../../../../arm-none-eabi/lib/thumb/v7e-m/fpv4-sp/hard\libc_nano.a
END GROUP
START GROUP
LOAD d:/st/stm32cubeide_1.1.0/stm32cubeide/plugins/com.st.stm32cube.ide.mcu.externaltools.gnu-tools-for-stm32.7-2018-q2-update.win32_1.0.0.201904181610/tools/bin/../lib/gcc/arm-none-eabi/7.3.1/thumb/v7e-m/fpv4-sp/hard\libgcc.a
LOAD d:/st/stm32cubeide_1.1.0/stm32cubeide/plugins/com.st.stm32cube.ide.mcu.externaltools.gnu-tools-for-stm32.7-2018-q2-update.win32_1.0.0.201904181610/tools/bin/../lib/gcc/arm-none-eabi/7.3.1/../../../../arm-none-eabi/lib/thumb/v7e-m/fpv4-sp/hard\libc_nano.a
LOAD d:/st/stm32cubeide_1.1.0/stm32cubeide/plugins/com.st.stm32cube.ide.mcu.externaltools.gnu-tools-for-stm32.7-2018-q2-update.win32_1.0.0.201904181610/tools/bin/../lib/gcc/arm-none-eabi/7.3.1/../../../../arm-none-eabi/lib/thumb/v7e-m/fpv4-sp/hard\libnosys.a
END GROUP
START GROUP
LOAD d:/st/stm32cubeide_1.1.0/stm32cubeide/plugins/com.st.stm32cube.ide.mcu.externaltools.gnu-tools-for-stm32.7-2018-q2-update.win32_1.0.0.201904181610/tools/bin/../lib/gcc/arm-none-eabi/7.3.1/thumb/v7e-m/fpv4-sp/hard\libgcc.a
LOAD d:/st/stm32cubeide_1.1.0/stm32cubeide/plugins/com.st.stm32cube.ide.mcu.externaltools.gnu-tools-for-stm32.7-2018-q2-update.win32_1.0.0.201904181610/tools/bin/../lib/gcc/arm-none-eabi/7.3.1/../../../../arm-none-eabi/lib/thumb/v7e-m/fpv4-sp/hard\libc_nano.a
LOAD d:/st/stm32cubeide_1.1.0/stm32cubeide/plugins/com.st.stm32cube.ide.mcu.externaltools.gnu-tools-for-stm32.7-2018-q2-update.win32_1.0.0.201904181610/tools/bin/../lib/gcc/arm-none-eabi/7.3.1/../../../../arm-none-eabi/lib/thumb/v7e-m/fpv4-sp/hard\libnosys.a
END GROUP
LOAD d:/st/stm32cubeide_1.1.0/stm32cubeide/plugins/com.st.stm32cube.ide.mcu.externaltools.gnu-tools-for-stm32.7-2018-q2-update.win32_1.0.0.201904181610/tools/bin/../lib/gcc/arm-none-eabi/7.3.1/thumb/v7e-m/fpv4-sp/hard/crtend.o
LOAD d:/st/stm32cubeide_1.1.0/stm32cubeide/plugins/com.st.stm32cube.ide.mcu.externaltools.gnu-tools-for-stm32.7-2018-q2-update.win32_1.0.0.201904181610/tools/bin/../lib/gcc/arm-none-eabi/7.3.1/thumb/v7e-m/fpv4-sp/hard/crtn.o
                0x0000000020020000                _estack = (ORIGIN (RAM) + LENGTH (RAM))
                0x0000000000000200                _Min_Heap_Size = 0x200
                0x0000000000000400                _Min_Stack_Size = 0x400

.isr_vector     0x0000000008000000      0x188
                0x0000000008000000                . = ALIGN (0x4)
 *(.isr_vector)
 .isr_vector    0x0000000008000000      0x188 Core/Startup/startup_stm32f407vetx.o
                0x0000000008000000                g_pfnVectors
                0x0000000008000188                . = ALIGN (0x4)

.text           0x0000000008000188     0x3904
                0x0000000008000188                . = ALIGN (0x4)
 *(.text)
 .text          0x0000000008000188       0x40 d:/st/stm32cubeide_1.1.0/stm32cubeide/plugins/com.st.stm32cube.ide.mcu.externaltools.gnu-tools-for-stm32.7-2018-q2-update.win32_1.0.0.201904181610/tools/bin/../lib/gcc/arm-none-eabi/7.3.1/thumb/v7e-m/fpv4-sp/hard/crtbegin.o
 .text          0x00000000080001c8       0x30 d:/st/stm32cubeide_1.1.0/stm32cubeide/plugins/com.st.stm32cube.ide.mcu.externaltools.gnu-tools-for-stm32.7-2018-q2-update.win32_1.0.0.201904181610/tools/bin/../lib/gcc/arm-none-eabi/7.3.1/thumb/v7e-m/fpv4-sp/hard\libgcc.a(_aeabi_uldivmod.o)
                0x00000000080001c8                __aeabi_uldivmod
 .text          0x00000000080001f8      0x2cc d:/st/stm32cubeide_1.1.0/stm32cubeide/plugins/com.st.stm32cube.ide.mcu.externaltools.gnu-tools-for-stm32.7-2018-q2-update.win32_1.0.0.201904181610/tools/bin/../lib/gcc/arm-none-eabi/7.3.1/thumb/v7e-m/fpv4-sp/hard\libgcc.a(_udivmoddi4.o)
                0x00000000080001f8                __udivmoddi4
 .text          0x00000000080004c4        0x4 d:/st/stm32cubeide_1.1.0/stm32cubeide/plugins/com.st.stm32cube.ide.mcu.externaltools.gnu-tools-for-stm32.7-2018-q2-update.win32_1.0.0.201904181610/tools/bin/../lib/gcc/arm-none-eabi/7.3.1/thumb/v7e-m/fpv4-sp/hard\libgcc.a(_dvmd_tls.o)
                0x00000000080004c4                __aeabi_idiv0
                0x00000000080004c4                __aeabi_ldiv0
 *(.text*)
 .text.brainRequest
                0x00000000080004c8       0x20 Core/Src/mainSpinalCord.o
                0x00000000080004c8                brainRequest
 .text.brainGetData
                0x00000000080004e8       0x1c Core/Src/mainSpinalCord.o
                0x00000000080004e8                brainGetData
 .text.wait4BrainTx
                0x0000000008000504       0x24 Core/Src/mainSpinalCord.o
                0x0000000008000504                wait4BrainTx
 .text.peripheralPWM_Init
                0x0000000008000528       0x38 Core/Src/mainSpinalCord.o
                0x0000000008000528                peripheralPWM_Init
 .text.controlMotor1
                0x0000000008000560       0x30 Core/Src/mainSpinalCord.o
                0x0000000008000560                controlMotor1
 .text.controlMotor2
                0x0000000008000590       0x30 Core/Src/mainSpinalCord.o
                0x0000000008000590                controlMotor2
 .text.controlMotor3
                0x00000000080005c0       0x34 Core/Src/mainSpinalCord.o
                0x00000000080005c0                controlMotor3
 .text.controlMotor4
                0x00000000080005f4       0x30 Core/Src/mainSpinalCord.o
                0x00000000080005f4                controlMotor4
 .text.HAL_UART_RxCpltCallback
                0x0000000008000624       0x30 Core/Src/mainSpinalCord.o
                0x0000000008000624                HAL_UART_RxCpltCallback
 .text.HAL_UART_TxCpltCallback
                0x0000000008000654       0x30 Core/Src/mainSpinalCord.o
                0x0000000008000654                HAL_UART_TxCpltCallback
 .text.main     0x0000000008000684       0xa4 Core/Src/mainSpinalCord.o
                0x0000000008000684                main
 .text.SystemClock_Config
                0x0000000008000728       0xd4 Core/Src/mainSpinalCord.o
                0x0000000008000728                SystemClock_Config
 .text.MX_TIM2_Init
                0x00000000080007fc       0xe8 Core/Src/mainSpinalCord.o
 .text.MX_TIM3_Init
                0x00000000080008e4       0xec Core/Src/mainSpinalCord.o
 .text.MX_TIM4_Init
                0x00000000080009d0       0xec Core/Src/mainSpinalCord.o
 .text.MX_TIM5_Init
                0x0000000008000abc       0xec Core/Src/mainSpinalCord.o
 .text.MX_USART1_UART_Init
                0x0000000008000ba8       0x54 Core/Src/mainSpinalCord.o
 .text.MX_GPIO_Init
                0x0000000008000bfc       0xf8 Core/Src/mainSpinalCord.o
 .text.Error_Handler
                0x0000000008000cf4        0xe Core/Src/mainSpinalCord.o
                0x0000000008000cf4                Error_Handler
 *fill*         0x0000000008000d02        0x2 
 .text.HAL_MspInit
                0x0000000008000d04       0x50 Core/Src/stm32f4xx_hal_msp.o
                0x0000000008000d04                HAL_MspInit
 .text.HAL_TIM_Base_MspInit
                0x0000000008000d54       0xc4 Core/Src/stm32f4xx_hal_msp.o
                0x0000000008000d54                HAL_TIM_Base_MspInit
 .text.HAL_TIM_MspPostInit
                0x0000000008000e18      0x160 Core/Src/stm32f4xx_hal_msp.o
                0x0000000008000e18                HAL_TIM_MspPostInit
 .text.HAL_UART_MspInit
                0x0000000008000f78       0xa0 Core/Src/stm32f4xx_hal_msp.o
                0x0000000008000f78                HAL_UART_MspInit
 .text.NMI_Handler
                0x0000000008001018        0xe Core/Src/stm32f4xx_it.o
                0x0000000008001018                NMI_Handler
 .text.HardFault_Handler
                0x0000000008001026        0x6 Core/Src/stm32f4xx_it.o
                0x0000000008001026                HardFault_Handler
 .text.MemManage_Handler
                0x000000000800102c        0x6 Core/Src/stm32f4xx_it.o
                0x000000000800102c                MemManage_Handler
 .text.BusFault_Handler
                0x0000000008001032        0x6 Core/Src/stm32f4xx_it.o
                0x0000000008001032                BusFault_Handler
 .text.UsageFault_Handler
                0x0000000008001038        0x6 Core/Src/stm32f4xx_it.o
                0x0000000008001038                UsageFault_Handler
 .text.SVC_Handler
                0x000000000800103e        0xe Core/Src/stm32f4xx_it.o
                0x000000000800103e                SVC_Handler
 .text.DebugMon_Handler
                0x000000000800104c        0xe Core/Src/stm32f4xx_it.o
                0x000000000800104c                DebugMon_Handler
 .text.PendSV_Handler
                0x000000000800105a        0xe Core/Src/stm32f4xx_it.o
                0x000000000800105a                PendSV_Handler
 .text.SysTick_Handler
                0x0000000008001068        0xc Core/Src/stm32f4xx_it.o
                0x0000000008001068                SysTick_Handler
 .text.USART1_IRQHandler
                0x0000000008001074       0x14 Core/Src/stm32f4xx_it.o
                0x0000000008001074                USART1_IRQHandler
 .text.SystemInit
                0x0000000008001088       0x2c Core/Src/system_stm32f4xx.o
                0x0000000008001088                SystemInit
 .text.Reset_Handler
                0x00000000080010b4       0x50 Core/Startup/startup_stm32f407vetx.o
                0x00000000080010b4                Reset_Handler
 .text.Default_Handler
                0x0000000008001104        0x2 Core/Startup/startup_stm32f407vetx.o
                0x0000000008001104                RTC_Alarm_IRQHandler
                0x0000000008001104                HASH_RNG_IRQHandler
                0x0000000008001104                EXTI2_IRQHandler
                0x0000000008001104                TIM8_CC_IRQHandler
                0x0000000008001104                TIM1_CC_IRQHandler
                0x0000000008001104                DMA2_Stream5_IRQHandler
                0x0000000008001104                DMA1_Stream5_IRQHandler
                0x0000000008001104                PVD_IRQHandler
                0x0000000008001104                SDIO_IRQHandler
                0x0000000008001104                TAMP_STAMP_IRQHandler
                0x0000000008001104                CAN2_RX1_IRQHandler
                0x0000000008001104                EXTI3_IRQHandler
                0x0000000008001104                TIM8_TRG_COM_TIM14_IRQHandler
                0x0000000008001104                TIM1_UP_TIM10_IRQHandler
                0x0000000008001104                TIM8_UP_TIM13_IRQHandler
                0x0000000008001104                I2C3_ER_IRQHandler
                0x0000000008001104                EXTI0_IRQHandler
                0x0000000008001104                I2C2_EV_IRQHandler
                0x0000000008001104                DMA1_Stream2_IRQHandler
                0x0000000008001104                CAN1_RX0_IRQHandler
                0x0000000008001104                FPU_IRQHandler
                0x0000000008001104                OTG_HS_WKUP_IRQHandler
                0x0000000008001104                CAN2_SCE_IRQHandler
                0x0000000008001104                DMA2_Stream2_IRQHandler
                0x0000000008001104                SPI1_IRQHandler
                0x0000000008001104                TIM6_DAC_IRQHandler
                0x0000000008001104                TIM1_BRK_TIM9_IRQHandler
                0x0000000008001104                DCMI_IRQHandler
                0x0000000008001104                CAN2_RX0_IRQHandler
                0x0000000008001104                DMA2_Stream3_IRQHandler
                0x0000000008001104                USART6_IRQHandler
                0x0000000008001104                USART3_IRQHandler
                0x0000000008001104                CAN1_RX1_IRQHandler
                0x0000000008001104                UART5_IRQHandler
                0x0000000008001104                DMA2_Stream0_IRQHandler
                0x0000000008001104                TIM4_IRQHandler
                0x0000000008001104                I2C1_EV_IRQHandler
                0x0000000008001104                DMA1_Stream6_IRQHandler
                0x0000000008001104                DMA1_Stream1_IRQHandler
                0x0000000008001104                UART4_IRQHandler
                0x0000000008001104                TIM3_IRQHandler
                0x0000000008001104                RCC_IRQHandler
                0x0000000008001104                TIM8_BRK_TIM12_IRQHandler
                0x0000000008001104                Default_Handler
                0x0000000008001104                EXTI15_10_IRQHandler
                0x0000000008001104                ADC_IRQHandler
                0x0000000008001104                DMA1_Stream7_IRQHandler
                0x0000000008001104                TIM7_IRQHandler
                0x0000000008001104                CAN2_TX_IRQHandler
                0x0000000008001104                TIM5_IRQHandler
                0x0000000008001104                DMA2_Stream7_IRQHandler
                0x0000000008001104                I2C3_EV_IRQHandler
                0x0000000008001104                EXTI9_5_IRQHandler
                0x0000000008001104                RTC_WKUP_IRQHandler
                0x0000000008001104                ETH_WKUP_IRQHandler
                0x0000000008001104                SPI2_IRQHandler
                0x0000000008001104                OTG_HS_EP1_IN_IRQHandler
                0x0000000008001104                DMA1_Stream0_IRQHandler
                0x0000000008001104                CAN1_TX_IRQHandler
                0x0000000008001104                EXTI4_IRQHandler
                0x0000000008001104                FSMC_IRQHandler
                0x0000000008001104                ETH_IRQHandler
                0x0000000008001104                OTG_HS_EP1_OUT_IRQHandler
                0x0000000008001104                WWDG_IRQHandler
                0x0000000008001104                TIM2_IRQHandler
                0x0000000008001104                OTG_FS_WKUP_IRQHandler
                0x0000000008001104                TIM1_TRG_COM_TIM11_IRQHandler
                0x0000000008001104                OTG_HS_IRQHandler
                0x0000000008001104                EXTI1_IRQHandler
                0x0000000008001104                USART2_IRQHandler
                0x0000000008001104                I2C2_ER_IRQHandler
                0x0000000008001104                DMA2_Stream1_IRQHandler
                0x0000000008001104                CAN1_SCE_IRQHandler
                0x0000000008001104                FLASH_IRQHandler
                0x0000000008001104                DMA2_Stream4_IRQHandler
                0x0000000008001104                OTG_FS_IRQHandler
                0x0000000008001104                SPI3_IRQHandler
                0x0000000008001104                DMA1_Stream4_IRQHandler
                0x0000000008001104                I2C1_ER_IRQHandler
                0x0000000008001104                DMA2_Stream6_IRQHandler
                0x0000000008001104                DMA1_Stream3_IRQHandler
 *fill*         0x0000000008001106        0x2 
 .text.HAL_Init
                0x0000000008001108       0x44 Drivers/STM32F4xx_HAL_Driver/Src/stm32f4xx_hal.o
                0x0000000008001108                HAL_Init
 .text.HAL_InitTick
                0x000000000800114c       0x60 Drivers/STM32F4xx_HAL_Driver/Src/stm32f4xx_hal.o
                0x000000000800114c                HAL_InitTick
 .text.HAL_IncTick
                0x00000000080011ac       0x28 Drivers/STM32F4xx_HAL_Driver/Src/stm32f4xx_hal.o
                0x00000000080011ac                HAL_IncTick
 .text.HAL_GetTick
                0x00000000080011d4       0x18 Drivers/STM32F4xx_HAL_Driver/Src/stm32f4xx_hal.o
                0x00000000080011d4                HAL_GetTick
 .text.HAL_Delay
                0x00000000080011ec       0x44 Drivers/STM32F4xx_HAL_Driver/Src/stm32f4xx_hal.o
                0x00000000080011ec                HAL_Delay
 .text.__NVIC_SetPriorityGrouping
                0x0000000008001230       0x48 Drivers/STM32F4xx_HAL_Driver/Src/stm32f4xx_hal_cortex.o
 .text.__NVIC_GetPriorityGrouping
                0x0000000008001278       0x1c Drivers/STM32F4xx_HAL_Driver/Src/stm32f4xx_hal_cortex.o
 .text.__NVIC_EnableIRQ
                0x0000000008001294       0x3c Drivers/STM32F4xx_HAL_Driver/Src/stm32f4xx_hal_cortex.o
 .text.__NVIC_SetPriority
                0x00000000080012d0       0x54 Drivers/STM32F4xx_HAL_Driver/Src/stm32f4xx_hal_cortex.o
 .text.NVIC_EncodePriority
                0x0000000008001324       0x66 Drivers/STM32F4xx_HAL_Driver/Src/stm32f4xx_hal_cortex.o
 *fill*         0x000000000800138a        0x2 
 .text.SysTick_Config
                0x000000000800138c       0x44 Drivers/STM32F4xx_HAL_Driver/Src/stm32f4xx_hal_cortex.o
 .text.HAL_NVIC_SetPriorityGrouping
                0x00000000080013d0       0x16 Drivers/STM32F4xx_HAL_Driver/Src/stm32f4xx_hal_cortex.o
                0x00000000080013d0                HAL_NVIC_SetPriorityGrouping
 .text.HAL_NVIC_SetPriority
                0x00000000080013e6       0x38 Drivers/STM32F4xx_HAL_Driver/Src/stm32f4xx_hal_cortex.o
                0x00000000080013e6                HAL_NVIC_SetPriority
 .text.HAL_NVIC_EnableIRQ
                0x000000000800141e       0x1c Drivers/STM32F4xx_HAL_Driver/Src/stm32f4xx_hal_cortex.o
                0x000000000800141e                HAL_NVIC_EnableIRQ
 .text.HAL_SYSTICK_Config
                0x000000000800143a       0x18 Drivers/STM32F4xx_HAL_Driver/Src/stm32f4xx_hal_cortex.o
                0x000000000800143a                HAL_SYSTICK_Config
 .text.HAL_DMA_Abort_IT
                0x0000000008001452       0x44 Drivers/STM32F4xx_HAL_Driver/Src/stm32f4xx_hal_dma.o
                0x0000000008001452                HAL_DMA_Abort_IT
 *fill*         0x0000000008001496        0x2 
 .text.HAL_GPIO_Init
                0x0000000008001498      0x334 Drivers/STM32F4xx_HAL_Driver/Src/stm32f4xx_hal_gpio.o
                0x0000000008001498                HAL_GPIO_Init
 .text.HAL_GPIO_WritePin
                0x00000000080017cc       0x32 Drivers/STM32F4xx_HAL_Driver/Src/stm32f4xx_hal_gpio.o
                0x00000000080017cc                HAL_GPIO_WritePin
 *fill*         0x00000000080017fe        0x2 
 .text.HAL_RCC_OscConfig
                0x0000000008001800      0x4e0 Drivers/STM32F4xx_HAL_Driver/Src/stm32f4xx_hal_rcc.o
                0x0000000008001800                HAL_RCC_OscConfig
 .text.HAL_RCC_ClockConfig
                0x0000000008001ce0      0x1cc Drivers/STM32F4xx_HAL_Driver/Src/stm32f4xx_hal_rcc.o
                0x0000000008001ce0                HAL_RCC_ClockConfig
 .text.HAL_RCC_GetSysClockFreq
                0x0000000008001eac      0x164 Drivers/STM32F4xx_HAL_Driver/Src/stm32f4xx_hal_rcc.o
                0x0000000008001eac                HAL_RCC_GetSysClockFreq
 .text.HAL_RCC_GetHCLKFreq
                0x0000000008002010       0x18 Drivers/STM32F4xx_HAL_Driver/Src/stm32f4xx_hal_rcc.o
                0x0000000008002010                HAL_RCC_GetHCLKFreq
 .text.HAL_RCC_GetPCLK1Freq
                0x0000000008002028       0x28 Drivers/STM32F4xx_HAL_Driver/Src/stm32f4xx_hal_rcc.o
                0x0000000008002028                HAL_RCC_GetPCLK1Freq
 .text.HAL_RCC_GetPCLK2Freq
                0x0000000008002050       0x28 Drivers/STM32F4xx_HAL_Driver/Src/stm32f4xx_hal_rcc.o
                0x0000000008002050                HAL_RCC_GetPCLK2Freq
 .text.HAL_TIM_Base_Init
                0x0000000008002078       0x56 Drivers/STM32F4xx_HAL_Driver/Src/stm32f4xx_hal_tim.o
                0x0000000008002078                HAL_TIM_Base_Init
 .text.HAL_TIM_PWM_Init
                0x00000000080020ce       0x56 Drivers/STM32F4xx_HAL_Driver/Src/stm32f4xx_hal_tim.o
                0x00000000080020ce                HAL_TIM_PWM_Init
 .text.HAL_TIM_PWM_MspInit
                0x0000000008002124       0x14 Drivers/STM32F4xx_HAL_Driver/Src/stm32f4xx_hal_tim.o
                0x0000000008002124                HAL_TIM_PWM_MspInit
 .text.HAL_TIM_PWM_Start
                0x0000000008002138       0x7c Drivers/STM32F4xx_HAL_Driver/Src/stm32f4xx_hal_tim.o
                0x0000000008002138                HAL_TIM_PWM_Start
 .text.HAL_TIM_PWM_ConfigChannel
                0x00000000080021b4      0x18c Drivers/STM32F4xx_HAL_Driver/Src/stm32f4xx_hal_tim.o
                0x00000000080021b4                HAL_TIM_PWM_ConfigChannel
 .text.HAL_TIM_ConfigClockSource
                0x0000000008002340      0x16e Drivers/STM32F4xx_HAL_Driver/Src/stm32f4xx_hal_tim.o
                0x0000000008002340                HAL_TIM_ConfigClockSource
 *fill*         0x00000000080024ae        0x2 
 .text.TIM_Base_SetConfig
                0x00000000080024b0      0x140 Drivers/STM32F4xx_HAL_Driver/Src/stm32f4xx_hal_tim.o
                0x00000000080024b0                TIM_Base_SetConfig
 .text.TIM_OC1_SetConfig
                0x00000000080025f0       0xe0 Drivers/STM32F4xx_HAL_Driver/Src/stm32f4xx_hal_tim.o
 .text.TIM_OC2_SetConfig
                0x00000000080026d0       0xec Drivers/STM32F4xx_HAL_Driver/Src/stm32f4xx_hal_tim.o
                0x00000000080026d0                TIM_OC2_SetConfig
 .text.TIM_OC3_SetConfig
                0x00000000080027bc       0xe8 Drivers/STM32F4xx_HAL_Driver/Src/stm32f4xx_hal_tim.o
 .text.TIM_OC4_SetConfig
                0x00000000080028a4       0xac Drivers/STM32F4xx_HAL_Driver/Src/stm32f4xx_hal_tim.o
 .text.TIM_TI1_ConfigInputStage
                0x0000000008002950       0x5e Drivers/STM32F4xx_HAL_Driver/Src/stm32f4xx_hal_tim.o
 .text.TIM_TI2_ConfigInputStage
                0x00000000080029ae       0x60 Drivers/STM32F4xx_HAL_Driver/Src/stm32f4xx_hal_tim.o
 .text.TIM_ITRx_SetConfig
                0x0000000008002a0e       0x36 Drivers/STM32F4xx_HAL_Driver/Src/stm32f4xx_hal_tim.o
 .text.TIM_ETR_SetConfig
                0x0000000008002a44       0x40 Drivers/STM32F4xx_HAL_Driver/Src/stm32f4xx_hal_tim.o
                0x0000000008002a44                TIM_ETR_SetConfig
 .text.TIM_CCxChannelCmd
                0x0000000008002a84       0x4a Drivers/STM32F4xx_HAL_Driver/Src/stm32f4xx_hal_tim.o
                0x0000000008002a84                TIM_CCxChannelCmd
 *fill*         0x0000000008002ace        0x2 
 .text.HAL_TIMEx_MasterConfigSynchronization
                0x0000000008002ad0       0xf8 Drivers/STM32F4xx_HAL_Driver/Src/stm32f4xx_hal_tim_ex.o
                0x0000000008002ad0                HAL_TIMEx_MasterConfigSynchronization
 .text.HAL_UART_Init
                0x0000000008002bc8       0x9a Drivers/STM32F4xx_HAL_Driver/Src/stm32f4xx_hal_uart.o
                0x0000000008002bc8                HAL_UART_Init
 .text.HAL_UART_Receive
                0x0000000008002c62      0x14c Drivers/STM32F4xx_HAL_Driver/Src/stm32f4xx_hal_uart.o
                0x0000000008002c62                HAL_UART_Receive
 .text.HAL_UART_Transmit_IT
                0x0000000008002dae       0x8a Drivers/STM32F4xx_HAL_Driver/Src/stm32f4xx_hal_uart.o
                0x0000000008002dae                HAL_UART_Transmit_IT
 .text.HAL_UART_IRQHandler
                0x0000000008002e38      0x200 Drivers/STM32F4xx_HAL_Driver/Src/stm32f4xx_hal_uart.o
                0x0000000008002e38                HAL_UART_IRQHandler
 .text.HAL_UART_ErrorCallback
                0x0000000008003038       0x14 Drivers/STM32F4xx_HAL_Driver/Src/stm32f4xx_hal_uart.o
                0x0000000008003038                HAL_UART_ErrorCallback
 .text.UART_WaitOnFlagUntilTimeout
                0x000000000800304c       0x94 Drivers/STM32F4xx_HAL_Driver/Src/stm32f4xx_hal_uart.o
 .text.UART_EndRxTransfer
                0x00000000080030e0       0x3c Drivers/STM32F4xx_HAL_Driver/Src/stm32f4xx_hal_uart.o
 .text.UART_DMAAbortOnError
                0x000000000800311c       0x28 Drivers/STM32F4xx_HAL_Driver/Src/stm32f4xx_hal_uart.o
 .text.UART_Transmit_IT
                0x0000000008003144       0xac Drivers/STM32F4xx_HAL_Driver/Src/stm32f4xx_hal_uart.o
 .text.UART_EndTransmit_IT
                0x00000000080031f0       0x30 Drivers/STM32F4xx_HAL_Driver/Src/stm32f4xx_hal_uart.o
 .text.UART_Receive_IT
                0x0000000008003220      0x102 Drivers/STM32F4xx_HAL_Driver/Src/stm32f4xx_hal_uart.o
 *fill*         0x0000000008003322        0x2 
 .text.UART_SetConfig
                0x0000000008003324      0x6f8 Drivers/STM32F4xx_HAL_Driver/Src/stm32f4xx_hal_uart.o
 .text.__libc_init_array
                0x0000000008003a1c       0x48 d:/st/stm32cubeide_1.1.0/stm32cubeide/plugins/com.st.stm32cube.ide.mcu.externaltools.gnu-tools-for-stm32.7-2018-q2-update.win32_1.0.0.201904181610/tools/bin/../lib/gcc/arm-none-eabi/7.3.1/../../../../arm-none-eabi/lib/thumb/v7e-m/fpv4-sp/hard\libc_nano.a(lib_a-init.o)
                0x0000000008003a1c                __libc_init_array
 .text.memset   0x0000000008003a64       0x10 d:/st/stm32cubeide_1.1.0/stm32cubeide/plugins/com.st.stm32cube.ide.mcu.externaltools.gnu-tools-for-stm32.7-2018-q2-update.win32_1.0.0.201904181610/tools/bin/../lib/gcc/arm-none-eabi/7.3.1/../../../../arm-none-eabi/lib/thumb/v7e-m/fpv4-sp/hard\libc_nano.a(lib_a-memset.o)
                0x0000000008003a64                memset
 *(.glue_7)
 .glue_7        0x0000000008003a74        0x0 linker stubs
 *(.glue_7t)
 .glue_7t       0x0000000008003a74        0x0 linker stubs
 *(.eh_frame)
 .eh_frame      0x0000000008003a74        0x0 d:/st/stm32cubeide_1.1.0/stm32cubeide/plugins/com.st.stm32cube.ide.mcu.externaltools.gnu-tools-for-stm32.7-2018-q2-update.win32_1.0.0.201904181610/tools/bin/../lib/gcc/arm-none-eabi/7.3.1/thumb/v7e-m/fpv4-sp/hard/crtbegin.o
 *(.init)
 .init          0x0000000008003a74        0x4 d:/st/stm32cubeide_1.1.0/stm32cubeide/plugins/com.st.stm32cube.ide.mcu.externaltools.gnu-tools-for-stm32.7-2018-q2-update.win32_1.0.0.201904181610/tools/bin/../lib/gcc/arm-none-eabi/7.3.1/thumb/v7e-m/fpv4-sp/hard/crti.o
                0x0000000008003a74                _init
 .init          0x0000000008003a78        0x8 d:/st/stm32cubeide_1.1.0/stm32cubeide/plugins/com.st.stm32cube.ide.mcu.externaltools.gnu-tools-for-stm32.7-2018-q2-update.win32_1.0.0.201904181610/tools/bin/../lib/gcc/arm-none-eabi/7.3.1/thumb/v7e-m/fpv4-sp/hard/crtn.o
 *(.fini)
 .fini          0x0000000008003a80        0x4 d:/st/stm32cubeide_1.1.0/stm32cubeide/plugins/com.st.stm32cube.ide.mcu.externaltools.gnu-tools-for-stm32.7-2018-q2-update.win32_1.0.0.201904181610/tools/bin/../lib/gcc/arm-none-eabi/7.3.1/thumb/v7e-m/fpv4-sp/hard/crti.o
                0x0000000008003a80                _fini
 .fini          0x0000000008003a84        0x8 d:/st/stm32cubeide_1.1.0/stm32cubeide/plugins/com.st.stm32cube.ide.mcu.externaltools.gnu-tools-for-stm32.7-2018-q2-update.win32_1.0.0.201904181610/tools/bin/../lib/gcc/arm-none-eabi/7.3.1/thumb/v7e-m/fpv4-sp/hard/crtn.o
                0x0000000008003a8c                . = ALIGN (0x4)
                0x0000000008003a8c                _etext = .

.vfp11_veneer   0x0000000008003a8c        0x0
 .vfp11_veneer  0x0000000008003a8c        0x0 linker stubs

.v4_bx          0x0000000008003a8c        0x0
 .v4_bx         0x0000000008003a8c        0x0 linker stubs

.iplt           0x0000000008003a8c        0x0
 .iplt          0x0000000008003a8c        0x0 d:/st/stm32cubeide_1.1.0/stm32cubeide/plugins/com.st.stm32cube.ide.mcu.externaltools.gnu-tools-for-stm32.7-2018-q2-update.win32_1.0.0.201904181610/tools/bin/../lib/gcc/arm-none-eabi/7.3.1/thumb/v7e-m/fpv4-sp/hard/crtbegin.o

.rodata         0x0000000008003a8c       0x18
                0x0000000008003a8c                . = ALIGN (0x4)
 *(.rodata)
 *(.rodata*)
 .rodata.AHBPrescTable
                0x0000000008003a8c       0x10 Core/Src/system_stm32f4xx.o
                0x0000000008003a8c                AHBPrescTable
 .rodata.APBPrescTable
                0x0000000008003a9c        0x8 Core/Src/system_stm32f4xx.o
                0x0000000008003a9c                APBPrescTable
                0x0000000008003aa4                . = ALIGN (0x4)

.ARM.extab      0x0000000008003aa4        0x0
                0x0000000008003aa4                . = ALIGN (0x4)
 *(.ARM.extab* .gnu.linkonce.armextab.*)
                0x0000000008003aa4                . = ALIGN (0x4)

.ARM            0x0000000008003aa4        0x8
                0x0000000008003aa4                . = ALIGN (0x4)
                0x0000000008003aa4                __exidx_start = .
 *(.ARM.exidx*)
 .ARM.exidx     0x0000000008003aa4        0x8 d:/st/stm32cubeide_1.1.0/stm32cubeide/plugins/com.st.stm32cube.ide.mcu.externaltools.gnu-tools-for-stm32.7-2018-q2-update.win32_1.0.0.201904181610/tools/bin/../lib/gcc/arm-none-eabi/7.3.1/thumb/v7e-m/fpv4-sp/hard\libgcc.a(_udivmoddi4.o)
                0x0000000008003aac                __exidx_end = .
                0x0000000008003aac                . = ALIGN (0x4)

.rel.dyn        0x0000000008003aac        0x0
 .rel.iplt      0x0000000008003aac        0x0 d:/st/stm32cubeide_1.1.0/stm32cubeide/plugins/com.st.stm32cube.ide.mcu.externaltools.gnu-tools-for-stm32.7-2018-q2-update.win32_1.0.0.201904181610/tools/bin/../lib/gcc/arm-none-eabi/7.3.1/thumb/v7e-m/fpv4-sp/hard/crtbegin.o

.preinit_array  0x0000000008003aac        0x0
                0x0000000008003aac                . = ALIGN (0x4)
                0x0000000008003aac                PROVIDE (__preinit_array_start = .)
 *(.preinit_array*)
                0x0000000008003aac                PROVIDE (__preinit_array_end = .)
                0x0000000008003aac                . = ALIGN (0x4)

.init_array     0x0000000008003aac        0x4
                0x0000000008003aac                . = ALIGN (0x4)
                0x0000000008003aac                PROVIDE (__init_array_start = .)
 *(SORT_BY_NAME(.init_array.*))
 *(.init_array*)
 .init_array    0x0000000008003aac        0x4 d:/st/stm32cubeide_1.1.0/stm32cubeide/plugins/com.st.stm32cube.ide.mcu.externaltools.gnu-tools-for-stm32.7-2018-q2-update.win32_1.0.0.201904181610/tools/bin/../lib/gcc/arm-none-eabi/7.3.1/thumb/v7e-m/fpv4-sp/hard/crtbegin.o
                0x0000000008003ab0                PROVIDE (__init_array_end = .)
                0x0000000008003ab0                . = ALIGN (0x4)

.fini_array     0x0000000008003ab0        0x4
                0x0000000008003ab0                . = ALIGN (0x4)
                [!provide]                        PROVIDE (__fini_array_start = .)
 *(SORT_BY_NAME(.fini_array.*))
 *(.fini_array*)
 .fini_array    0x0000000008003ab0        0x4 d:/st/stm32cubeide_1.1.0/stm32cubeide/plugins/com.st.stm32cube.ide.mcu.externaltools.gnu-tools-for-stm32.7-2018-q2-update.win32_1.0.0.201904181610/tools/bin/../lib/gcc/arm-none-eabi/7.3.1/thumb/v7e-m/fpv4-sp/hard/crtbegin.o
                [!provide]                        PROVIDE (__fini_array_end = .)
                0x0000000008003ab4                . = ALIGN (0x4)
                0x0000000008003ab4                _sidata = LOADADDR (.data)

.data           0x0000000020000000       0x18 load address 0x0000000008003ab4
                0x0000000020000000                . = ALIGN (0x4)
                0x0000000020000000                _sdata = .
 *(.data)
 *(.data*)
 .data.brainTxPacket
                0x0000000020000000        0x9 Core/Src/mainSpinalCord.o
                0x0000000020000000                brainTxPacket
 *fill*         0x0000000020000009        0x3 
 .data.SystemCoreClock
                0x000000002000000c        0x4 Core/Src/system_stm32f4xx.o
                0x000000002000000c                SystemCoreClock
 .data.uwTickPrio
                0x0000000020000010        0x4 Drivers/STM32F4xx_HAL_Driver/Src/stm32f4xx_hal.o
                0x0000000020000010                uwTickPrio
 .data.uwTickFreq
                0x0000000020000014        0x1 Drivers/STM32F4xx_HAL_Driver/Src/stm32f4xx_hal.o
                0x0000000020000014                uwTickFreq
                0x0000000020000018                . = ALIGN (0x4)
 *fill*         0x0000000020000015        0x3 
                0x0000000020000018                _edata = .

.igot.plt       0x0000000020000018        0x0 load address 0x0000000008003acc
 .igot.plt      0x0000000020000018        0x0 d:/st/stm32cubeide_1.1.0/stm32cubeide/plugins/com.st.stm32cube.ide.mcu.externaltools.gnu-tools-for-stm32.7-2018-q2-update.win32_1.0.0.201904181610/tools/bin/../lib/gcc/arm-none-eabi/7.3.1/thumb/v7e-m/fpv4-sp/hard/crtbegin.o
                0x0000000020000018                . = ALIGN (0x4)

.bss            0x0000000020000018      0x1b4 load address 0x0000000008003acc
                0x0000000020000018                _sbss = .
                0x0000000020000018                __bss_start__ = _sbss
 *(.bss)
 .bss           0x0000000020000018       0x1c d:/st/stm32cubeide_1.1.0/stm32cubeide/plugins/com.st.stm32cube.ide.mcu.externaltools.gnu-tools-for-stm32.7-2018-q2-update.win32_1.0.0.201904181610/tools/bin/../lib/gcc/arm-none-eabi/7.3.1/thumb/v7e-m/fpv4-sp/hard/crtbegin.o
 *(.bss*)
 *(COMMON)
 *fill*         0x0000000020000034        0x4 
 COMMON         0x0000000020000038      0x18d Core/Src/mainSpinalCord.o
                0x0000000020000038                b
                0x0000000020000040                yawD
                0x0000000020000048                htim4
                0x0000000020000088                yawPreError
                0x000000002000008a                brainRxCplt
                0x000000002000008b                brainTxCplt
                0x0000000020000090                yawI
                0x0000000020000098                yawError
                0x000000002000009c                htim5
                0x00000000200000dc                htim3
                0x000000002000011c                compassData
                0x0000000020000120                yawP
                0x0000000020000128                huart1
                0x0000000020000168                tracking
                0x0000000020000170                yawPID
                0x0000000020000178                htim2
                0x00000000200001b8                a
                0x00000000200001bc                brainRxPacket
 *fill*         0x00000000200001c5        0x3 
 COMMON         0x00000000200001c8        0x4 Drivers/STM32F4xx_HAL_Driver/Src/stm32f4xx_hal.o
                0x00000000200001c8                uwTick
                0x00000000200001cc                . = ALIGN (0x4)
                0x00000000200001cc                _ebss = .
                0x00000000200001cc                __bss_end__ = _ebss

._user_heap_stack
                0x00000000200001cc      0x604 load address 0x0000000008003acc
                0x00000000200001d0                . = ALIGN (0x8)
 *fill*         0x00000000200001cc        0x4 
                0x00000000200001d0                PROVIDE (end = .)
                [!provide]                        PROVIDE (_end = .)
                0x00000000200003d0                . = (. + _Min_Heap_Size)
 *fill*         0x00000000200001d0      0x200 
                0x00000000200007d0                . = (. + _Min_Stack_Size)
 *fill*         0x00000000200003d0      0x400 
                0x00000000200007d0                . = ALIGN (0x8)

/DISCARD/
 libc.a(*)
 libm.a(*)
 libgcc.a(*)

.ARM.attributes
                0x0000000000000000       0x30
 *(.ARM.attributes)
 .ARM.attributes
                0x0000000000000000       0x22 d:/st/stm32cubeide_1.1.0/stm32cubeide/plugins/com.st.stm32cube.ide.mcu.externaltools.gnu-tools-for-stm32.7-2018-q2-update.win32_1.0.0.201904181610/tools/bin/../lib/gcc/arm-none-eabi/7.3.1/thumb/v7e-m/fpv4-sp/hard/crti.o
 .ARM.attributes
                0x0000000000000022       0x34 d:/st/stm32cubeide_1.1.0/stm32cubeide/plugins/com.st.stm32cube.ide.mcu.externaltools.gnu-tools-for-stm32.7-2018-q2-update.win32_1.0.0.201904181610/tools/bin/../lib/gcc/arm-none-eabi/7.3.1/thumb/v7e-m/fpv4-sp/hard/crtbegin.o
 .ARM.attributes
                0x0000000000000056       0x39 Core/Src/mainSpinalCord.o
 .ARM.attributes
                0x000000000000008f       0x39 Core/Src/stm32f4xx_hal_msp.o
 .ARM.attributes
                0x00000000000000c8       0x39 Core/Src/stm32f4xx_it.o
 .ARM.attributes
                0x0000000000000101       0x39 Core/Src/system_stm32f4xx.o
 .ARM.attributes
                0x000000000000013a       0x21 Core/Startup/startup_stm32f407vetx.o
 .ARM.attributes
                0x000000000000015b       0x39 Drivers/STM32F4xx_HAL_Driver/Src/stm32f4xx_hal.o
 .ARM.attributes
                0x0000000000000194       0x39 Drivers/STM32F4xx_HAL_Driver/Src/stm32f4xx_hal_cortex.o
 .ARM.attributes
                0x00000000000001cd       0x39 Drivers/STM32F4xx_HAL_Driver/Src/stm32f4xx_hal_dma.o
 .ARM.attributes
                0x0000000000000206       0x39 Drivers/STM32F4xx_HAL_Driver/Src/stm32f4xx_hal_gpio.o
 .ARM.attributes
                0x000000000000023f       0x39 Drivers/STM32F4xx_HAL_Driver/Src/stm32f4xx_hal_rcc.o
 .ARM.attributes
                0x0000000000000278       0x39 Drivers/STM32F4xx_HAL_Driver/Src/stm32f4xx_hal_tim.o
 .ARM.attributes
                0x00000000000002b1       0x39 Drivers/STM32F4xx_HAL_Driver/Src/stm32f4xx_hal_tim_ex.o
 .ARM.attributes
                0x00000000000002ea       0x39 Drivers/STM32F4xx_HAL_Driver/Src/stm32f4xx_hal_uart.o
 .ARM.attributes
                0x0000000000000323       0x34 d:/st/stm32cubeide_1.1.0/stm32cubeide/plugins/com.st.stm32cube.ide.mcu.externaltools.gnu-tools-for-stm32.7-2018-q2-update.win32_1.0.0.201904181610/tools/bin/../lib/gcc/arm-none-eabi/7.3.1/../../../../arm-none-eabi/lib/thumb/v7e-m/fpv4-sp/hard\libc_nano.a(lib_a-init.o)
 .ARM.attributes
                0x0000000000000357       0x34 d:/st/stm32cubeide_1.1.0/stm32cubeide/plugins/com.st.stm32cube.ide.mcu.externaltools.gnu-tools-for-stm32.7-2018-q2-update.win32_1.0.0.201904181610/tools/bin/../lib/gcc/arm-none-eabi/7.3.1/../../../../arm-none-eabi/lib/thumb/v7e-m/fpv4-sp/hard\libc_nano.a(lib_a-memset.o)
 .ARM.attributes
                0x000000000000038b       0x22 d:/st/stm32cubeide_1.1.0/stm32cubeide/plugins/com.st.stm32cube.ide.mcu.externaltools.gnu-tools-for-stm32.7-2018-q2-update.win32_1.0.0.201904181610/tools/bin/../lib/gcc/arm-none-eabi/7.3.1/thumb/v7e-m/fpv4-sp/hard\libgcc.a(_aeabi_uldivmod.o)
 .ARM.attributes
                0x00000000000003ad       0x34 d:/st/stm32cubeide_1.1.0/stm32cubeide/plugins/com.st.stm32cube.ide.mcu.externaltools.gnu-tools-for-stm32.7-2018-q2-update.win32_1.0.0.201904181610/tools/bin/../lib/gcc/arm-none-eabi/7.3.1/thumb/v7e-m/fpv4-sp/hard\libgcc.a(_udivmoddi4.o)
 .ARM.attributes
                0x00000000000003e1       0x22 d:/st/stm32cubeide_1.1.0/stm32cubeide/plugins/com.st.stm32cube.ide.mcu.externaltools.gnu-tools-for-stm32.7-2018-q2-update.win32_1.0.0.201904181610/tools/bin/../lib/gcc/arm-none-eabi/7.3.1/thumb/v7e-m/fpv4-sp/hard\libgcc.a(_dvmd_tls.o)
 .ARM.attributes
                0x0000000000000403       0x22 d:/st/stm32cubeide_1.1.0/stm32cubeide/plugins/com.st.stm32cube.ide.mcu.externaltools.gnu-tools-for-stm32.7-2018-q2-update.win32_1.0.0.201904181610/tools/bin/../lib/gcc/arm-none-eabi/7.3.1/thumb/v7e-m/fpv4-sp/hard/crtn.o
OUTPUT(spinalCord.elf elf32-littlearm)

.debug_info     0x0000000000000000     0xb022
 .debug_info    0x0000000000000000     0x1b17 Core/Src/mainSpinalCord.o
 .debug_info    0x0000000000001b17      0xf36 Core/Src/stm32f4xx_hal_msp.o
 .debug_info    0x0000000000002a4d      0x685 Core/Src/stm32f4xx_it.o
 .debug_info    0x00000000000030d2      0x554 Core/Src/system_stm32f4xx.o
 .debug_info    0x0000000000003626       0x22 Core/Startup/startup_stm32f407vetx.o
 .debug_info    0x0000000000003648      0x945 Drivers/STM32F4xx_HAL_Driver/Src/stm32f4xx_hal.o
 .debug_info    0x0000000000003f8d      0xe28 Drivers/STM32F4xx_HAL_Driver/Src/stm32f4xx_hal_cortex.o
 .debug_info    0x0000000000004db5      0x968 Drivers/STM32F4xx_HAL_Driver/Src/stm32f4xx_hal_dma.o
 .debug_info    0x000000000000571d      0x7b5 Drivers/STM32F4xx_HAL_Driver/Src/stm32f4xx_hal_gpio.o
 .debug_info    0x0000000000005ed2      0x904 Drivers/STM32F4xx_HAL_Driver/Src/stm32f4xx_hal_rcc.o
 .debug_info    0x00000000000067d6     0x24a9 Drivers/STM32F4xx_HAL_Driver/Src/stm32f4xx_hal_tim.o
 .debug_info    0x0000000000008c7f     0x1157 Drivers/STM32F4xx_HAL_Driver/Src/stm32f4xx_hal_tim_ex.o
 .debug_info    0x0000000000009dd6     0x124c Drivers/STM32F4xx_HAL_Driver/Src/stm32f4xx_hal_uart.o

.debug_abbrev   0x0000000000000000     0x192e
 .debug_abbrev  0x0000000000000000      0x328 Core/Src/mainSpinalCord.o
 .debug_abbrev  0x0000000000000328      0x1f8 Core/Src/stm32f4xx_hal_msp.o
 .debug_abbrev  0x0000000000000520      0x149 Core/Src/stm32f4xx_it.o
 .debug_abbrev  0x0000000000000669      0x12b Core/Src/system_stm32f4xx.o
 .debug_abbrev  0x0000000000000794       0x12 Core/Startup/startup_stm32f407vetx.o
 .debug_abbrev  0x00000000000007a6      0x1c7 Drivers/STM32F4xx_HAL_Driver/Src/stm32f4xx_hal.o
 .debug_abbrev  0x000000000000096d      0x2fa Drivers/STM32F4xx_HAL_Driver/Src/stm32f4xx_hal_cortex.o
 .debug_abbrev  0x0000000000000c67      0x229 Drivers/STM32F4xx_HAL_Driver/Src/stm32f4xx_hal_dma.o
 .debug_abbrev  0x0000000000000e90      0x1c9 Drivers/STM32F4xx_HAL_Driver/Src/stm32f4xx_hal_gpio.o
 .debug_abbrev  0x0000000000001059      0x245 Drivers/STM32F4xx_HAL_Driver/Src/stm32f4xx_hal_rcc.o
 .debug_abbrev  0x000000000000129e      0x230 Drivers/STM32F4xx_HAL_Driver/Src/stm32f4xx_hal_tim.o
 .debug_abbrev  0x00000000000014ce      0x21e Drivers/STM32F4xx_HAL_Driver/Src/stm32f4xx_hal_tim_ex.o
 .debug_abbrev  0x00000000000016ec      0x242 Drivers/STM32F4xx_HAL_Driver/Src/stm32f4xx_hal_uart.o

.debug_aranges  0x0000000000000000      0xc10
 .debug_aranges
                0x0000000000000000       0xd0 Core/Src/mainSpinalCord.o
 .debug_aranges
                0x00000000000000d0       0x48 Core/Src/stm32f4xx_hal_msp.o
 .debug_aranges
                0x0000000000000118       0x68 Core/Src/stm32f4xx_it.o
 .debug_aranges
                0x0000000000000180       0x28 Core/Src/system_stm32f4xx.o
 .debug_aranges
                0x00000000000001a8       0x28 Core/Startup/startup_stm32f407vetx.o
 .debug_aranges
                0x00000000000001d0       0xf0 Drivers/STM32F4xx_HAL_Driver/Src/stm32f4xx_hal.o
 .debug_aranges
                0x00000000000002c0      0x118 Drivers/STM32F4xx_HAL_Driver/Src/stm32f4xx_hal_cortex.o
 .debug_aranges
                0x00000000000003d8       0x90 Drivers/STM32F4xx_HAL_Driver/Src/stm32f4xx_hal_dma.o
 .debug_aranges
                0x0000000000000468       0x58 Drivers/STM32F4xx_HAL_Driver/Src/stm32f4xx_hal_gpio.o
 .debug_aranges
                0x00000000000004c0       0x88 Drivers/STM32F4xx_HAL_Driver/Src/stm32f4xx_hal_rcc.o
 .debug_aranges
                0x0000000000000548      0x3a8 Drivers/STM32F4xx_HAL_Driver/Src/stm32f4xx_hal_tim.o
 .debug_aranges
                0x00000000000008f0      0x150 Drivers/STM32F4xx_HAL_Driver/Src/stm32f4xx_hal_tim_ex.o
 .debug_aranges
                0x0000000000000a40      0x1d0 Drivers/STM32F4xx_HAL_Driver/Src/stm32f4xx_hal_uart.o

.debug_ranges   0x0000000000000000      0xb48
 .debug_ranges  0x0000000000000000       0xc0 Core/Src/mainSpinalCord.o
 .debug_ranges  0x00000000000000c0       0x38 Core/Src/stm32f4xx_hal_msp.o
 .debug_ranges  0x00000000000000f8       0x58 Core/Src/stm32f4xx_it.o
 .debug_ranges  0x0000000000000150       0x18 Core/Src/system_stm32f4xx.o
 .debug_ranges  0x0000000000000168       0x20 Core/Startup/startup_stm32f407vetx.o
 .debug_ranges  0x0000000000000188       0xe0 Drivers/STM32F4xx_HAL_Driver/Src/stm32f4xx_hal.o
 .debug_ranges  0x0000000000000268      0x108 Drivers/STM32F4xx_HAL_Driver/Src/stm32f4xx_hal_cortex.o
 .debug_ranges  0x0000000000000370       0x80 Drivers/STM32F4xx_HAL_Driver/Src/stm32f4xx_hal_dma.o
 .debug_ranges  0x00000000000003f0       0x48 Drivers/STM32F4xx_HAL_Driver/Src/stm32f4xx_hal_gpio.o
 .debug_ranges  0x0000000000000438       0x78 Drivers/STM32F4xx_HAL_Driver/Src/stm32f4xx_hal_rcc.o
 .debug_ranges  0x00000000000004b0      0x398 Drivers/STM32F4xx_HAL_Driver/Src/stm32f4xx_hal_tim.o
 .debug_ranges  0x0000000000000848      0x140 Drivers/STM32F4xx_HAL_Driver/Src/stm32f4xx_hal_tim_ex.o
 .debug_ranges  0x0000000000000988      0x1c0 Drivers/STM32F4xx_HAL_Driver/Src/stm32f4xx_hal_uart.o

.debug_macro    0x0000000000000000    0x209a3
 .debug_macro   0x0000000000000000      0x2c5 Core/Src/mainSpinalCord.o
 .debug_macro   0x00000000000002c5      0xa5a Core/Src/mainSpinalCord.o
 .debug_macro   0x0000000000000d1f      0x18a Core/Src/mainSpinalCord.o
 .debug_macro   0x0000000000000ea9       0x2e Core/Src/mainSpinalCord.o
 .debug_macro   0x0000000000000ed7       0x2f Core/Src/mainSpinalCord.o
 .debug_macro   0x0000000000000f06       0x22 Core/Src/mainSpinalCord.o
 .debug_macro   0x0000000000000f28       0x8e Core/Src/mainSpinalCord.o
 .debug_macro   0x0000000000000fb6       0x51 Core/Src/mainSpinalCord.o
 .debug_macro   0x0000000000001007       0xef Core/Src/mainSpinalCord.o
 .debug_macro   0x00000000000010f6       0x6a Core/Src/mainSpinalCord.o
 .debug_macro   0x0000000000001160      0x1df Core/Src/mainSpinalCord.o
 .debug_macro   0x000000000000133f       0x1c Core/Src/mainSpinalCord.o
 .debug_macro   0x000000000000135b       0x22 Core/Src/mainSpinalCord.o
 .debug_macro   0x000000000000137d       0xdf Core/Src/mainSpinalCord.o
 .debug_macro   0x000000000000145c     0x102d Core/Src/mainSpinalCord.o
 .debug_macro   0x0000000000002489      0x11f Core/Src/mainSpinalCord.o
 .debug_macro   0x00000000000025a8    0x15e3c Core/Src/mainSpinalCord.o
 .debug_macro   0x00000000000183e4       0x43 Core/Src/mainSpinalCord.o
 .debug_macro   0x0000000000018427     0x3659 Core/Src/mainSpinalCord.o
 .debug_macro   0x000000000001ba80      0x174 Core/Src/mainSpinalCord.o
 .debug_macro   0x000000000001bbf4       0x5a Core/Src/mainSpinalCord.o
 .debug_macro   0x000000000001bc4e      0x96b Core/Src/mainSpinalCord.o
 .debug_macro   0x000000000001c5b9      0x9fe Core/Src/mainSpinalCord.o
 .debug_macro   0x000000000001cfb7      0x174 Core/Src/mainSpinalCord.o
 .debug_macro   0x000000000001d12b      0x117 Core/Src/mainSpinalCord.o
 .debug_macro   0x000000000001d242      0x13e Core/Src/mainSpinalCord.o
 .debug_macro   0x000000000001d380       0x27 Core/Src/mainSpinalCord.o
 .debug_macro   0x000000000001d3a7      0x287 Core/Src/mainSpinalCord.o
 .debug_macro   0x000000000001d62e       0x5f Core/Src/mainSpinalCord.o
 .debug_macro   0x000000000001d68d      0x236 Core/Src/mainSpinalCord.o
 .debug_macro   0x000000000001d8c3      0x12c Core/Src/mainSpinalCord.o
 .debug_macro   0x000000000001d9ef      0x21e Core/Src/mainSpinalCord.o
 .debug_macro   0x000000000001dc0d       0x2e Core/Src/mainSpinalCord.o
 .debug_macro   0x000000000001dc3b      0x11a Core/Src/mainSpinalCord.o
 .debug_macro   0x000000000001dd55       0x7e Core/Src/mainSpinalCord.o
 .debug_macro   0x000000000001ddd3       0x89 Core/Src/mainSpinalCord.o
 .debug_macro   0x000000000001de5c      0x8a0 Core/Src/mainSpinalCord.o
 .debug_macro   0x000000000001e6fc       0x47 Core/Src/mainSpinalCord.o
 .debug_macro   0x000000000001e743      0x287 Core/Src/mainSpinalCord.o
 .debug_macro   0x000000000001e9ca      0x12d Core/Src/mainSpinalCord.o
 .debug_macro   0x000000000001eaf7       0x64 Core/Src/mainSpinalCord.o
 .debug_macro   0x000000000001eb5b       0x18 Core/Src/mainSpinalCord.o
 .debug_macro   0x000000000001eb73       0x46 Core/Src/mainSpinalCord.o
 .debug_macro   0x000000000001ebb9       0x3c Core/Src/mainSpinalCord.o
 .debug_macro   0x000000000001ebf5       0x34 Core/Src/mainSpinalCord.o
 .debug_macro   0x000000000001ec29       0x16 Core/Src/mainSpinalCord.o
 .debug_macro   0x000000000001ec3f       0x35 Core/Src/mainSpinalCord.o
 .debug_macro   0x000000000001ec74       0x52 Core/Src/mainSpinalCord.o
 .debug_macro   0x000000000001ecc6       0x1f Core/Src/mainSpinalCord.o
 .debug_macro   0x000000000001ece5       0x43 Core/Src/mainSpinalCord.o
 .debug_macro   0x000000000001ed28       0x20 Core/Src/mainSpinalCord.o
 .debug_macro   0x000000000001ed48      0x1a3 Core/Src/mainSpinalCord.o
 .debug_macro   0x000000000001eeeb      0x32a Core/Src/mainSpinalCord.o
 .debug_macro   0x000000000001f215       0x16 Core/Src/mainSpinalCord.o
 .debug_macro   0x000000000001f22b       0x29 Core/Src/mainSpinalCord.o
 .debug_macro   0x000000000001f254       0x3a Core/Src/mainSpinalCord.o
 .debug_macro   0x000000000001f28e      0x1e1 Core/Src/mainSpinalCord.o
 .debug_macro   0x000000000001f46f       0x6a Core/Src/mainSpinalCord.o
 .debug_macro   0x000000000001f4d9      0x1dd Core/Src/stm32f4xx_hal_msp.o
 .debug_macro   0x000000000001f6b6      0x1e7 Core/Src/stm32f4xx_it.o
 .debug_macro   0x000000000001f89d      0x1d4 Core/Src/system_stm32f4xx.o
 .debug_macro   0x000000000001fa71      0x22e Drivers/STM32F4xx_HAL_Driver/Src/stm32f4xx_hal.o
 .debug_macro   0x000000000001fc9f      0x1ce Drivers/STM32F4xx_HAL_Driver/Src/stm32f4xx_hal_cortex.o
 .debug_macro   0x000000000001fe6d      0x1d4 Drivers/STM32F4xx_HAL_Driver/Src/stm32f4xx_hal_dma.o
 .debug_macro   0x0000000000020041      0x204 Drivers/STM32F4xx_HAL_Driver/Src/stm32f4xx_hal_gpio.o
 .debug_macro   0x0000000000020245      0x1f2 Drivers/STM32F4xx_HAL_Driver/Src/stm32f4xx_hal_rcc.o
 .debug_macro   0x0000000000020437      0x1cf Drivers/STM32F4xx_HAL_Driver/Src/stm32f4xx_hal_tim.o
 .debug_macro   0x0000000000020606      0x1ce Drivers/STM32F4xx_HAL_Driver/Src/stm32f4xx_hal_tim_ex.o
 .debug_macro   0x00000000000207d4      0x1cf Drivers/STM32F4xx_HAL_Driver/Src/stm32f4xx_hal_uart.o

.debug_line     0x0000000000000000     0x85b5
 .debug_line    0x0000000000000000      0xb62 Core/Src/mainSpinalCord.o
 .debug_line    0x0000000000000b62      0x785 Core/Src/stm32f4xx_hal_msp.o
 .debug_line    0x00000000000012e7      0x777 Core/Src/stm32f4xx_it.o
 .debug_line    0x0000000000001a5e      0x6dc Core/Src/system_stm32f4xx.o
 .debug_line    0x000000000000213a       0x85 Core/Startup/startup_stm32f407vetx.o
 .debug_line    0x00000000000021bf      0x8c6 Drivers/STM32F4xx_HAL_Driver/Src/stm32f4xx_hal.o
 .debug_line    0x0000000000002a85      0x9ea Drivers/STM32F4xx_HAL_Driver/Src/stm32f4xx_hal_cortex.o
 .debug_line    0x000000000000346f      0x994 Drivers/STM32F4xx_HAL_Driver/Src/stm32f4xx_hal_dma.o
 .debug_line    0x0000000000003e03      0x8a5 Drivers/STM32F4xx_HAL_Driver/Src/stm32f4xx_hal_gpio.o
 .debug_line    0x00000000000046a8      0x91e Drivers/STM32F4xx_HAL_Driver/Src/stm32f4xx_hal_rcc.o
 .debug_line    0x0000000000004fc6     0x193f Drivers/STM32F4xx_HAL_Driver/Src/stm32f4xx_hal_tim.o
 .debug_line    0x0000000000006905      0xcdc Drivers/STM32F4xx_HAL_Driver/Src/stm32f4xx_hal_tim_ex.o
 .debug_line    0x00000000000075e1      0xfd4 Drivers/STM32F4xx_HAL_Driver/Src/stm32f4xx_hal_uart.o

.debug_str      0x0000000000000000    0xc8fbf
 .debug_str     0x0000000000000000    0xc6178 Core/Src/mainSpinalCord.o
                                      0xc65bd (size before relaxing)
 .debug_str     0x00000000000c6178      0x570 Core/Src/stm32f4xx_hal_msp.o
                                      0xc2bdc (size before relaxing)
 .debug_str     0x00000000000c66e8       0xcf Core/Src/stm32f4xx_it.o
                                      0xc23e1 (size before relaxing)
 .debug_str     0x00000000000c67b7       0xc4 Core/Src/system_stm32f4xx.o
                                      0xc1f16 (size before relaxing)
 .debug_str     0x00000000000c687b       0x61 Core/Startup/startup_stm32f407vetx.o
 .debug_str     0x00000000000c68dc      0x58d Drivers/STM32F4xx_HAL_Driver/Src/stm32f4xx_hal.o
                                      0xc29e3 (size before relaxing)
 .debug_str     0x00000000000c6e69      0x399 Drivers/STM32F4xx_HAL_Driver/Src/stm32f4xx_hal_cortex.o
                                      0xc27d2 (size before relaxing)
 .debug_str     0x00000000000c7202      0x31d Drivers/STM32F4xx_HAL_Driver/Src/stm32f4xx_hal_dma.o
                                      0xc232b (size before relaxing)
 .debug_str     0x00000000000c751f      0x20c Drivers/STM32F4xx_HAL_Driver/Src/stm32f4xx_hal_gpio.o
                                      0xc2155 (size before relaxing)
 .debug_str     0x00000000000c772b      0x259 Drivers/STM32F4xx_HAL_Driver/Src/stm32f4xx_hal_rcc.o
                                      0xc2303 (size before relaxing)
 .debug_str     0x00000000000c7984      0xcb3 Drivers/STM32F4xx_HAL_Driver/Src/stm32f4xx_hal_tim.o
                                      0xc3022 (size before relaxing)
 .debug_str     0x00000000000c8637      0x4a2 Drivers/STM32F4xx_HAL_Driver/Src/stm32f4xx_hal_tim_ex.o
                                      0xc2822 (size before relaxing)
 .debug_str     0x00000000000c8ad9      0x4e6 Drivers/STM32F4xx_HAL_Driver/Src/stm32f4xx_hal_uart.o
                                      0xc2762 (size before relaxing)

.comment        0x0000000000000000       0x7b
 .comment       0x0000000000000000       0x7b Core/Src/mainSpinalCord.o
                                         0x7c (size before relaxing)
 .comment       0x000000000000007b       0x7c Core/Src/stm32f4xx_hal_msp.o
 .comment       0x000000000000007b       0x7c Core/Src/stm32f4xx_it.o
 .comment       0x000000000000007b       0x7c Core/Src/system_stm32f4xx.o
 .comment       0x000000000000007b       0x7c Drivers/STM32F4xx_HAL_Driver/Src/stm32f4xx_hal.o
 .comment       0x000000000000007b       0x7c Drivers/STM32F4xx_HAL_Driver/Src/stm32f4xx_hal_cortex.o
 .comment       0x000000000000007b       0x7c Drivers/STM32F4xx_HAL_Driver/Src/stm32f4xx_hal_dma.o
 .comment       0x000000000000007b       0x7c Drivers/STM32F4xx_HAL_Driver/Src/stm32f4xx_hal_gpio.o
 .comment       0x000000000000007b       0x7c Drivers/STM32F4xx_HAL_Driver/Src/stm32f4xx_hal_rcc.o
 .comment       0x000000000000007b       0x7c Drivers/STM32F4xx_HAL_Driver/Src/stm32f4xx_hal_tim.o
 .comment       0x000000000000007b       0x7c Drivers/STM32F4xx_HAL_Driver/Src/stm32f4xx_hal_tim_ex.o
 .comment       0x000000000000007b       0x7c Drivers/STM32F4xx_HAL_Driver/Src/stm32f4xx_hal_uart.o

.debug_frame    0x0000000000000000     0x32c4
 .debug_frame   0x0000000000000000      0x318 Core/Src/mainSpinalCord.o
 .debug_frame   0x0000000000000318       0xf4 Core/Src/stm32f4xx_hal_msp.o
 .debug_frame   0x000000000000040c      0x128 Core/Src/stm32f4xx_it.o
 .debug_frame   0x0000000000000534       0x58 Core/Src/system_stm32f4xx.o
 .debug_frame   0x000000000000058c      0x374 Drivers/STM32F4xx_HAL_Driver/Src/stm32f4xx_hal.o
 .debug_frame   0x0000000000000900      0x498 Drivers/STM32F4xx_HAL_Driver/Src/stm32f4xx_hal_cortex.o
 .debug_frame   0x0000000000000d98      0x250 Drivers/STM32F4xx_HAL_Driver/Src/stm32f4xx_hal_dma.o
 .debug_frame   0x0000000000000fe8      0x14c Drivers/STM32F4xx_HAL_Driver/Src/stm32f4xx_hal_gpio.o
 .debug_frame   0x0000000000001134      0x1f0 Drivers/STM32F4xx_HAL_Driver/Src/stm32f4xx_hal_rcc.o
 .debug_frame   0x0000000000001324     0x10f0 Drivers/STM32F4xx_HAL_Driver/Src/stm32f4xx_hal_tim.o
 .debug_frame   0x0000000000002414      0x5c0 Drivers/STM32F4xx_HAL_Driver/Src/stm32f4xx_hal_tim_ex.o
 .debug_frame   0x00000000000029d4      0x844 Drivers/STM32F4xx_HAL_Driver/Src/stm32f4xx_hal_uart.o
 .debug_frame   0x0000000000003218       0x2c d:/st/stm32cubeide_1.1.0/stm32cubeide/plugins/com.st.stm32cube.ide.mcu.externaltools.gnu-tools-for-stm32.7-2018-q2-update.win32_1.0.0.201904181610/tools/bin/../lib/gcc/arm-none-eabi/7.3.1/../../../../arm-none-eabi/lib/thumb/v7e-m/fpv4-sp/hard\libc_nano.a(lib_a-init.o)
 .debug_frame   0x0000000000003244       0x20 d:/st/stm32cubeide_1.1.0/stm32cubeide/plugins/com.st.stm32cube.ide.mcu.externaltools.gnu-tools-for-stm32.7-2018-q2-update.win32_1.0.0.201904181610/tools/bin/../lib/gcc/arm-none-eabi/7.3.1/../../../../arm-none-eabi/lib/thumb/v7e-m/fpv4-sp/hard\libc_nano.a(lib_a-memset.o)
 .debug_frame   0x0000000000003264       0x2c d:/st/stm32cubeide_1.1.0/stm32cubeide/plugins/com.st.stm32cube.ide.mcu.externaltools.gnu-tools-for-stm32.7-2018-q2-update.win32_1.0.0.201904181610/tools/bin/../lib/gcc/arm-none-eabi/7.3.1/thumb/v7e-m/fpv4-sp/hard\libgcc.a(_aeabi_uldivmod.o)
 .debug_frame   0x0000000000003290       0x34 d:/st/stm32cubeide_1.1.0/stm32cubeide/plugins/com.st.stm32cube.ide.mcu.externaltools.gnu-tools-for-stm32.7-2018-q2-update.win32_1.0.0.201904181610/tools/bin/../lib/gcc/arm-none-eabi/7.3.1/thumb/v7e-m/fpv4-sp/hard\libgcc.a(_udivmoddi4.o)
