DNL_SpinalCord_Peripheral_UART.h:20:6:peripheralUART_Init	8	static
DNL_SpinalCord_Peripheral_UART.h:26:6:brainRequest	8	static
DNL_SpinalCord_Peripheral_UART.h:31:6:brainGetData	8	static
DNL_SpinalCord_Peripheral_UART.h:38:6:compassRecei	8	static
DNL_SpinalCord_Peripheral_UART.h:44:6:wait4BrainTx	4	static
DNL_SpinalCord_Peripheral_UART.h:49:6:wait4BrainRx	4	static
DNL_SpinalCord_MotorControl.h:13:8:PIDyaw	32	static
DNL_SpinalCord_MotorControl.h:63:6:peripheralPWM_Init	8	static
DNL_SpinalCord_MotorControl.h:71:6:controlMotor1	16	static
DNL_SpinalCord_MotorControl.h:76:6:controlMotor2	16	static
DNL_SpinalCord_MotorControl.h:81:6:controlMotor3	16	static
DNL_SpinalCord_MotorControl.h:86:6:controlMotor4	16	static
DNL_SpinalCord_Callback.h:2:6:HAL_UART_RxCpltCallback	16	static
DNL_SpinalCord_Callback.h:10:6:HAL_UART_TxCpltCallback	16	static
mainSpinalCord.c:83:5:main	8	static
mainSpinalCord.c:144:6:SystemClock_Config	88	static
mainSpinalCord.c:188:13:MX_TIM2_Init	64	static
mainSpinalCord.c:247:13:MX_TIM3_Init	64	static
mainSpinalCord.c:306:13:MX_TIM4_Init	64	static
mainSpinalCord.c:365:13:MX_TIM5_Init	64	static
mainSpinalCord.c:424:13:MX_USART1_UART_Init	8	static
mainSpinalCord.c:457:13:MX_GPIO_Init	40	static
mainSpinalCord.c:506:6:Error_Handler	4	static
