DNL_SpinalCord_UART.h:25:6:peripheralUART_Init	8	static
DNL_SpinalCord_UART.h:37:6:brainRequest	8	static
DNL_SpinalCord_UART.h:43:6:brainGetData	8	static
DNL_SpinalCord_UART.h:50:6:wait4BrainTx	4	static
DNL_SpinalCord_UART.h:55:6:wait4BrainRx	4	static
DNL_SpinalCord_UART.h:63:6:brainDMA_ProcessingData	4	static
DNL_SpinalCord_Motor.h:11:8:PIDyaw	32	static
DNL_SpinalCord_Motor.h:68:6:peripheralPWM_Init	8	static
DNL_SpinalCord_Motor.h:76:6:controlMotor1	16	static
DNL_SpinalCord_Motor.h:81:6:controlMotor2	16	static
DNL_SpinalCord_Motor.h:86:6:controlMotor3	16	static
DNL_SpinalCord_Motor.h:91:6:controlMotor4	16	static
DNL_SpinalCord_Callback.h:2:6:HAL_UART_RxCpltCallback	16	static
DNL_SpinalCord_Callback.h:10:6:HAL_UART_TxCpltCallback	16	static
main.c:85:5:main	8	static
main.c:151:6:SystemClock_Config	88	static
main.c:195:13:MX_TIM2_Init	64	static
main.c:254:13:MX_TIM3_Init	64	static
main.c:313:13:MX_TIM4_Init	64	static
main.c:372:13:MX_TIM5_Init	64	static
main.c:431:13:MX_USART1_UART_Init	8	static
main.c:462:13:MX_DMA_Init	16	static
main.c:480:13:MX_GPIO_Init	40	static
main.c:529:6:Error_Handler	4	static
