DNL_SpinalCord_Peripheral_UART.h:23:6:peripheralUART_Init	8	static
DNL_SpinalCord_Peripheral_UART.h:30:6:brainRequest	8	static
DNL_SpinalCord_Peripheral_UART.h:35:6:brainGetData	8	static
DNL_SpinalCord_Peripheral_UART.h:42:6:compassRecei	8	static
DNL_SpinalCord_Peripheral_UART.h:48:6:wait4BrainTx	4	static
DNL_SpinalCord_Peripheral_UART.h:53:6:wait4BrainRx	4	static
DNL_SpinalCord_MotorControl.h:13:8:PIDyaw	32	static
DNL_SpinalCord_MotorControl.h:73:6:peripheralPWM_Init	8	static
DNL_SpinalCord_MotorControl.h:81:6:controlMotor1	16	static
DNL_SpinalCord_MotorControl.h:86:6:controlMotor2	16	static
DNL_SpinalCord_MotorControl.h:91:6:controlMotor3	16	static
DNL_SpinalCord_MotorControl.h:96:6:controlMotor4	16	static
DNL_SpinalCord_Callback.h:2:6:HAL_UART_RxCpltCallback	16	static
DNL_SpinalCord_Callback.h:10:6:HAL_UART_TxCpltCallback	16	static
main.c:85:5:main	8	static
main.c:147:6:SystemClock_Config	88	static
main.c:191:13:MX_TIM2_Init	64	static
main.c:250:13:MX_TIM3_Init	64	static
main.c:309:13:MX_TIM4_Init	64	static
main.c:368:13:MX_TIM5_Init	64	static
main.c:427:13:MX_USART1_UART_Init	8	static
main.c:458:13:MX_DMA_Init	16	static
main.c:476:13:MX_GPIO_Init	40	static
main.c:525:6:Error_Handler	4	static
