DNL_SpinalCord_UART.h:35:6:peripheralUART_Init	8	static
DNL_SpinalCord_UART.h:49:6:brainRequest	8	static
DNL_SpinalCord_UART.h:55:6:brainGetData	8	static
DNL_SpinalCord_UART.h:62:6:wait4BrainTx	4	static
DNL_SpinalCord_UART.h:67:6:wait4BrainRx	4	static
DNL_SpinalCord_UART.h:75:6:brainDMA_ProcessingData	4	static
DNL_SpinalCord_Motor.h:11:8:PIDyaw	32	static
DNL_SpinalCord_Motor.h:68:6:peripheralPWM_Init	8	static
DNL_SpinalCord_Motor.h:80:6:controlMotor1	16	static
DNL_SpinalCord_Motor.h:85:6:controlMotor2	16	static
DNL_SpinalCord_Motor.h:90:6:controlMotor3	16	static
DNL_SpinalCord_Motor.h:95:6:controlMotor4	16	static
DNL_SpinalCord_Motor.h:101:6:testPWM	8	static
DNL_SpinalCord_Callback.h:2:6:HAL_UART_RxCpltCallback	16	static
DNL_SpinalCord_Callback.h:10:6:HAL_UART_TxCpltCallback	16	static
main.c:89:5:main	8	static
main.c:177:6:SystemClock_Config	88	static
main.c:220:13:MX_TIM1_Init	96	static
main.c:299:13:MX_TIM8_Init	80	static
main.c:368:13:MX_UART4_Init	8	static
main.c:401:13:MX_USART1_UART_Init	8	static
main.c:432:13:MX_DMA_Init	16	static
main.c:450:13:MX_GPIO_Init	48	static
main.c:481:6:Error_Handler	4	static
