DNL_SemiAuto_Brain_DelayUs.h:21:6:delayUs_Init	4	static
DNL_SemiAuto_Brain_DelayUs.h:60:6:delayUs	24	static
DNL_SemiAuto_Brain_UART.h:92:6:peripheralUART_Init	8	static
DNL_SemiAuto_Brain_UART.h:114:6:HAL_UART_TxCpltCallback	16	static
DNL_SemiAuto_Brain_UART.h:133:6:HAL_UART_RxCpltCallback	16	static
DNL_SemiAuto_Brain_UART.h:158:6:compassDeInit	8	static
DNL_SemiAuto_Brain_UART.h:163:6:compassInit	8	static
DNL_SemiAuto_Brain_UART.h:168:6:compassReset	8	static
DNL_SemiAuto_Brain_UART.h:175:6:compassRequest	8	static
DNL_SemiAuto_Brain_UART.h:182:6:compassGetData	8	static
DNL_SemiAuto_Brain_UART.h:189:6:wait4CompassTx	4	static
DNL_SemiAuto_Brain_UART.h:197:6:wait4CompassRx	4	static
DNL_SemiAuto_Brain_UART.h:205:6:spinalCordDeInit	8	static
DNL_SemiAuto_Brain_UART.h:210:6:spinalCordInit	8	static
DNL_SemiAuto_Brain_UART.h:215:6:spinalCordTrans	8	static
DNL_SemiAuto_Brain_UART.h:220:6:spinalCordRecei	8	static
DNL_SemiAuto_Brain_UART.h:226:6:wait4SpinalCordTx	4	static
DNL_SemiAuto_Brain_UART.h:234:6:wait4SpinalCordRx	4	static
DNL_SemiAuto_Brain_UART.h:243:6:PS2DeInit	8	static
DNL_SemiAuto_Brain_UART.h:248:6:PS2Init	8	static
DNL_SemiAuto_Brain_UART.h:253:6:PS2Trans	8	static
DNL_SemiAuto_Brain_UART.h:258:6:PS2Recei	8	static
DNL_SemiAuto_Brain_UART.h:265:6:wait4PS2Tx	4	static
DNL_SemiAuto_Brain_UART.h:274:6:wait4PS2Rx	4	static
DNL_SemiAuto_Brain_UART.h:283:6:zmanualDeInit	8	static
DNL_SemiAuto_Brain_UART.h:288:6:zmanualInit	8	static
DNL_SemiAuto_Brain_UART.h:293:6:zmanualTrans	8	static
DNL_SemiAuto_Brain_UART.h:298:6:zmanualRecei	8	static
DNL_SemiAuto_Brain_UART.h:303:6:wait4zmanualTx	4	static
DNL_SemiAuto_Brain_UART.h:310:6:wait4zmanualRx	4	static
DNL_SemiAuto_Brain_ADC.h:61:6:peripheralADC_Init	8	static
DNL_SemiAuto_Brain_ADC.h:90:6:filterADC	32	static
DNL_SemiAuto_Brain_ADC.h:115:8:kalmanFilter_Pitch	16	static
DNL_SemiAuto_Brain_ADC.h:124:8:kalmanFilter_Left	16	static
DNL_SemiAuto_Brain_ADC.h:133:8:kalmanFilter_Rigt	16	static
DNL_SemiAuto_Brain_PID.h:72:6:controlMotor1	16	static
DNL_SemiAuto_Brain_PID.h:89:6:controlMotor2	16	static
DNL_SemiAuto_Brain_PID.h:106:6:controlMotor3	16	static
DNL_SemiAuto_Brain_PID.h:123:6:controlMotor4	16	static
DNL_SemiAuto_Brain_PID.h:140:6:testPWM	24	static
DNL_SemiAuto_Brain_PID.h:274:8:PIDyaw	16	static
DNL_SemiAuto_Brain_PID.h:293:8:PIDroR	16	static
DNL_SemiAuto_Brain_PID.h:312:8:PIDroL	16	static
DNL_SemiAuto_Brain_PID.h:331:8:PIDpit	16	static
DNL_SemiAuto_Brain_PID.h:351:6:testPIDyawMoving	16	static
DNL_SemiAuto_Brain_PID.h:361:6:roL_pit_yaw_mixSpeed	64	static
DNL_SemiAuto_Brain_PID.h:390:6:roR_pit_yaw_mixSpeed	64	static
DNL_SemiAuto_Brain_PID.h:422:5:constantMoving	32	static
DNL_SemiAuto_Brain_PID.h:431:6:rotate	16	static
DNL_SemiAuto_Brain_PID.h:450:6:brake	8	static
DNL_SemiAuto_Brain_Position.h:12:6:roL_Pit_Yaw_GoTo	24	static
DNL_SemiAuto_Brain_Position.h:21:6:roR_Pit_Yaw_GoTo	24	static
DNL_SemiAuto_Brain_Position.h:29:6:roL_Pit_Goto	16	static
DNL_SemiAuto_Brain_Position.h:36:6:roR_Pit_Goto	16	static
DNL_SemiAuto_Brain_Leg.h:31:6:positionControl_Init	8	static
DNL_SemiAuto_Brain_Leg.h:37:6:legShoot	16	static
DNL_SemiAuto_Brain_Leg.h:52:6:legControl	16	static
DNL_SemiAuto_Brain_Leg.h:58:6:HAL_TIM_PeriodElapsedCallback	16	static
DNL_SemiAuto_Brain_LCD.h:47:6:SendByteSPI	24	static
DNL_SemiAuto_Brain_LCD.h:65:6:ST7920_SendCmd	16	static
DNL_SemiAuto_Brain_LCD.h:77:6:ST7920_SendData	16	static
DNL_SemiAuto_Brain_LCD.h:89:6:ST7920_SendString	24	static
DNL_SemiAuto_Brain_LCD.h:122:6:ST7920_GraphicMode	16	static
DNL_SemiAuto_Brain_LCD.h:143:6:ST7920_DrawBitmap	24	static
DNL_SemiAuto_Brain_LCD.h:174:6:ST7920_Update	8	static
DNL_SemiAuto_Brain_LCD.h:181:6:ST7920_Clear	16	static
DNL_SemiAuto_Brain_LCD.h:214:6:ST7920_Init	8	static
DNL_SemiAuto_Brain_LCD.h:251:6:SetPixel	24	static
DNL_SemiAuto_Brain_LCD.h:275:6:DrawLine	48	static
DNL_SemiAuto_Brain_LCD.h:309:6:DrawRectangle	24	static
DNL_SemiAuto_Brain_LCD.h:343:6:DrawFilledRectangle	32	static
DNL_SemiAuto_Brain_LCD.h:378:6:DrawCircle	40	static
DNL_SemiAuto_Brain_LCD.h:417:6:DrawFilledCircle	40	static
DNL_SemiAuto_Brain_LCD.h:452:6:DrawTriangle	24	static
DNL_SemiAuto_Brain_LCD.h:463:6:DrawFilledTriangle	56	static
main.c:92:5:main	8	static
main.c:363:6:SystemClock_Config	312	static
main.c:428:13:MX_ADC3_Init	40	static
main.c:500:13:MX_TIM7_Init	24	static
main.c:538:13:MX_UART7_Init	8	static
main.c:586:13:MX_USART1_UART_Init	8	static
main.c:634:13:MX_USART3_UART_Init	8	static
main.c:682:13:MX_USART6_UART_Init	8	static
main.c:728:13:MX_DMA_Init	16	static
main.c:753:13:MX_GPIO_Init	56	static
main.c:863:6:Error_Handler	4	static
