DNL_SemiAuto_Brain_DelayUs.h:21:6:delayUs_Init	4	static
DNL_SemiAuto_Brain_DelayUs.h:60:6:delayUs	24	static
DNL_SemiAuto_Brain_UART.h:92:6:peripheralUART_Init	8	static
DNL_SemiAuto_Brain_UART.h:114:6:HAL_UART_TxCpltCallback	16	static
DNL_SemiAuto_Brain_UART.h:133:6:HAL_UART_RxCpltCallback	16	static
DNL_SemiAuto_Brain_UART.h:158:6:compassDeInit	8	static
DNL_SemiAuto_Brain_UART.h:163:6:compassInit	8	static
DNL_SemiAuto_Brain_UART.h:168:6:compassReset	8	static
DNL_SemiAuto_Brain_UART.h:175:6:compassRequest	8	static
DNL_SemiAuto_Brain_UART.h:182:6:compassGetData	8	static
DNL_SemiAuto_Brain_UART.h:189:6:wait4CompassTx	4	static
DNL_SemiAuto_Brain_UART.h:197:6:wait4CompassRx	4	static
DNL_SemiAuto_Brain_UART.h:205:6:spinalCordDeInit	8	static
DNL_SemiAuto_Brain_UART.h:210:6:spinalCordInit	8	static
DNL_SemiAuto_Brain_UART.h:215:6:spinalCordTrans	8	static
DNL_SemiAuto_Brain_UART.h:220:6:spinalCordRecei	8	static
DNL_SemiAuto_Brain_UART.h:226:6:wait4SpinalCordTx	4	static
DNL_SemiAuto_Brain_UART.h:234:6:wait4SpinalCordRx	4	static
DNL_SemiAuto_Brain_UART.h:243:6:PS2DeInit	8	static
DNL_SemiAuto_Brain_UART.h:248:6:PS2Init	8	static
DNL_SemiAuto_Brain_UART.h:253:6:PS2Trans	8	static
DNL_SemiAuto_Brain_UART.h:258:6:PS2Recei	8	static
DNL_SemiAuto_Brain_UART.h:265:6:wait4PS2Tx	4	static
DNL_SemiAuto_Brain_UART.h:274:6:wait4PS2Rx	4	static
DNL_SemiAuto_Brain_UART.h:283:6:zmanualDeInit	8	static
DNL_SemiAuto_Brain_UART.h:288:6:zmanualInit	8	static
DNL_SemiAuto_Brain_UART.h:293:6:zmanualTrans	8	static
DNL_SemiAuto_Brain_UART.h:298:6:zmanualRecei	8	static
DNL_SemiAuto_Brain_UART.h:303:6:wait4zmanualTx	4	static
DNL_SemiAuto_Brain_UART.h:310:6:wait4zmanualRx	4	static
DNL_SemiAuto_Brain_ADC.h:35:6:peripheralADC_Init	4	static
DNL_SemiAuto_Brain_ADC.h:48:6:readADC	8	static
DNL_SemiAuto_Brain_ADC.h:64:6:filterADC	32	static
DNL_SemiAuto_Brain_PID.h:64:6:controlMotor1	16	static
DNL_SemiAuto_Brain_PID.h:74:6:controlMotor2	16	static
DNL_SemiAuto_Brain_PID.h:84:6:controlMotor3	16	static
DNL_SemiAuto_Brain_PID.h:94:6:controlMotor4	16	static
DNL_SemiAuto_Brain_PID.h:104:6:testPWM	24	static
DNL_SemiAuto_Brain_PID.h:238:8:PIDyaw	16	static
DNL_SemiAuto_Brain_PID.h:257:8:PIDroR	16	static
DNL_SemiAuto_Brain_PID.h:276:8:PIDroL	16	static
DNL_SemiAuto_Brain_PID.h:295:8:PIDpit	16	static
DNL_SemiAuto_Brain_PID.h:315:6:testPIDyawMoving	16	static
DNL_SemiAuto_Brain_PID.h:325:6:roL_pit_yaw_mixSpeed	56	static
DNL_SemiAuto_Brain_PID.h:346:6:roR_pit_yaw_mixSpeed	56	static
DNL_SemiAuto_Brain_PID.h:367:5:constantMoving	32	static
DNL_SemiAuto_Brain_PID.h:376:6:rotate	16	static
DNL_SemiAuto_Brain_PID.h:395:6:brake	8	static
DNL_SemiAuto_Brain_Leg.h:31:6:positionControl_Init	8	static
DNL_SemiAuto_Brain_Leg.h:37:6:legShoot	16	static
DNL_SemiAuto_Brain_Leg.h:52:6:legControl	16	static
DNL_SemiAuto_Brain_Leg.h:58:6:HAL_TIM_PeriodElapsedCallback	16	static
DNL_SemiAuto_Brain_LCD.h:47:6:SendByteSPI	24	static
DNL_SemiAuto_Brain_LCD.h:65:6:ST7920_SendCmd	16	static
DNL_SemiAuto_Brain_LCD.h:77:6:ST7920_SendData	16	static
DNL_SemiAuto_Brain_LCD.h:89:6:ST7920_SendString	24	static
DNL_SemiAuto_Brain_LCD.h:122:6:ST7920_GraphicMode	16	static
DNL_SemiAuto_Brain_LCD.h:143:6:ST7920_DrawBitmap	24	static
DNL_SemiAuto_Brain_LCD.h:174:6:ST7920_Update	8	static
DNL_SemiAuto_Brain_LCD.h:181:6:ST7920_Clear	16	static
DNL_SemiAuto_Brain_LCD.h:214:6:ST7920_Init	8	static
DNL_SemiAuto_Brain_LCD.h:251:6:SetPixel	24	static
DNL_SemiAuto_Brain_LCD.h:275:6:DrawLine	48	static
DNL_SemiAuto_Brain_LCD.h:309:6:DrawRectangle	24	static
DNL_SemiAuto_Brain_LCD.h:343:6:DrawFilledRectangle	32	static
DNL_SemiAuto_Brain_LCD.h:378:6:DrawCircle	40	static
DNL_SemiAuto_Brain_LCD.h:417:6:DrawFilledCircle	40	static
DNL_SemiAuto_Brain_LCD.h:452:6:DrawTriangle	24	static
DNL_SemiAuto_Brain_LCD.h:463:6:DrawFilledTriangle	56	static
main.c:96:5:main	8	static
main.c:293:6:SystemClock_Config	312	static
main.c:358:13:MX_ADC1_Init	48	static
main.c:422:13:MX_ADC2_Init	40	static
main.c:478:13:MX_ADC3_Init	40	static
main.c:534:13:MX_TIM7_Init	24	static
main.c:572:13:MX_UART7_Init	8	static
main.c:620:13:MX_USART1_UART_Init	8	static
main.c:668:13:MX_USART3_UART_Init	8	static
main.c:716:13:MX_USART6_UART_Init	8	static
main.c:762:13:MX_DMA_Init	16	static
main.c:793:13:MX_GPIO_Init	56	static
main.c:893:6:Error_Handler	4	static
