DNL_H7_DelayMicroseconds.h:21:6:delayUs_Init	4	static
DNL_H7_DelayMicroseconds.h:60:6:delayUs	24	static
DNL_Peripheral_UART.h:59:6:peripheralUART_Init	8	static
DNL_Peripheral_UART.h:65:6:compassReset	8	static
DNL_Peripheral_UART.h:71:6:compassRequest	8	static
DNL_Peripheral_UART.h:79:6:compassGetData	8	static
DNL_Peripheral_UART.h:88:6:wait4CompassTx	4	static
DNL_Peripheral_UART.h:97:6:wait4CompassRx	4	static
DNL_Peripheral_UART.h:106:6:spinalCordTrans	8	static
DNL_Peripheral_UART.h:111:6:spinalCordRecei	8	static
DNL_Peripheral_UART.h:117:6:wait4SpinalCordTx	4	static
DNL_Peripheral_UART.h:126:6:wait4SpinalCordRx	4	static
DNL_Peripheral_UART.h:136:6:PS2Trans	8	static
DNL_Peripheral_UART.h:141:6:PS2Recei	8	static
DNL_Peripheral_UART.h:146:6:wait4PS2Tx	4	static
DNL_Peripheral_UART.h:151:6:wait4PS2Rx	4	static
DNL_Peripheral_UART.h:157:6:manualRobotTrans	8	static
DNL_Peripheral_UART.h:162:6:manualRobotRecei	8	static
DNL_Peripheral_UART.h:166:6:wait4ManualRobotTx	4	static
DNL_Peripheral_UART.h:171:6:wait4ManualRobotRx	4	static
DNL_Peripheral_ADC.h:25:6:readADC	8	static
DNL_Peripheral_ADC.h:34:6:filterADC	32	static
DNL_SolvePID.h:67:6:controlMotor1	16	static
DNL_SolvePID.h:83:6:controlMotor2	16	static
DNL_SolvePID.h:99:6:controlMotor3	16	static
DNL_SolvePID.h:115:6:controlMotor4	16	static
DNL_SolvePID.h:132:8:PIDyaw	16	static
DNL_SolvePID.h:151:8:PIDroR	16	static
DNL_SolvePID.h:162:8:PIDroL	16	static
DNL_SolvePID.h:173:8:PIDpit	16	static
DNL_SolvePID.h:185:6:testPIDyawMoving	16	static
DNL_SolvePID.h:195:6:roL_pit_yaw_mixSpeed	64	static
DNL_SolvePID.h:210:6:roR_pit_yaw_mixSpeed	64	static
DNL_SolvePID.h:225:5:constantMoving	32	static
DNL_PositionControl.h:50:6:positionControl_Init	8	static
DNL_PositionControl.h:57:6:legShoot	16	static
DNL_PositionControl.h:72:6:legControl	16	static
DNL_PositionControl.h:78:6:leftArmControl	16	static
DNL_PositionControl.h:84:6:rigtArmControl	16	static
DNL_Callback.h:2:6:HAL_UART_TxCpltCallback	16	static
DNL_Callback.h:22:6:HAL_UART_RxCpltCallback	16	static
DNL_Callback.h:49:6:HAL_TIM_PeriodElapsedCallback	16	static
DNL_Loop.h:1:6:loop	8	static
mainBrain.c:98:5:main	24	static
mainBrain.c:233:6:SystemClock_Config	312	static
mainBrain.c:298:13:MX_ADC1_Init	48	static
mainBrain.c:370:13:MX_ADC3_Init	40	static
mainBrain.c:426:13:MX_TIM7_Init	24	static
mainBrain.c:464:13:MX_TIM12_Init	24	static
mainBrain.c:502:13:MX_TIM15_Init	40	static
mainBrain.c:548:13:MX_UART7_Init	8	static
mainBrain.c:596:13:MX_USART1_UART_Init	8	static
mainBrain.c:644:13:MX_USART3_UART_Init	8	static
mainBrain.c:692:13:MX_USART6_UART_Init	8	static
mainBrain.c:738:13:MX_DMA_Init	16	static
mainBrain.c:759:13:MX_GPIO_Init	56	static
mainBrain.c:852:6:Error_Handler	4	static
