stm32h7xx_it.c:122:6:NMI_Handler	4	static
stm32h7xx_it.c:135:6:HardFault_Handler	4	static
stm32h7xx_it.c:150:6:MemManage_Handler	4	static
stm32h7xx_it.c:165:6:BusFault_Handler	4	static
stm32h7xx_it.c:180:6:UsageFault_Handler	4	static
stm32h7xx_it.c:195:6:SVC_Handler	4	static
stm32h7xx_it.c:208:6:DebugMon_Handler	4	static
stm32h7xx_it.c:221:6:PendSV_Handler	4	static
stm32h7xx_it.c:234:6:SysTick_Handler	8	static
stm32h7xx_it.c:260:6:DMA1_Stream2_IRQHandler	8	static
stm32h7xx_it.c:274:6:DMA1_Stream3_IRQHandler	8	static
stm32h7xx_it.c:288:6:USART1_IRQHandler	8	static
stm32h7xx_it.c:302:6:TIM7_IRQHandler	8	static
stm32h7xx_it.c:316:6:DMA2_Stream2_IRQHandler	8	static
stm32h7xx_it.c:346:6:USART6_IRQHandler	8	static
stm32h7xx_it.c:360:6:UART7_IRQHandler	8	static
