stm32h7xx_it.c:90:6:NMI_Handler	4	static
stm32h7xx_it.c:103:6:HardFault_Handler	4	static
stm32h7xx_it.c:118:6:MemManage_Handler	4	static
stm32h7xx_it.c:133:6:BusFault_Handler	4	static
stm32h7xx_it.c:148:6:UsageFault_Handler	4	static
stm32h7xx_it.c:163:6:SVC_Handler	4	static
stm32h7xx_it.c:176:6:DebugMon_Handler	4	static
stm32h7xx_it.c:189:6:PendSV_Handler	4	static
stm32h7xx_it.c:202:6:SysTick_Handler	8	static
stm32h7xx_it.c:228:6:DMA1_Stream2_IRQHandler	8	static
stm32h7xx_it.c:242:6:DMA1_Stream3_IRQHandler	8	static
stm32h7xx_it.c:256:6:USART1_IRQHandler	8	static
stm32h7xx_it.c:270:6:TIM7_IRQHandler	8	static
stm32h7xx_it.c:284:6:DMA2_Stream2_IRQHandler	8	static
stm32h7xx_it.c:314:6:USART6_IRQHandler	8	static
stm32h7xx_it.c:328:6:UART7_IRQHandler	8	static
