Archive member included to satisfy reference by file (symbol)

d:/st/stm32cubeide_1.1.0/stm32cubeide/plugins/com.st.stm32cube.ide.mcu.externaltools.gnu-tools-for-stm32.7-2018-q2-update.win32_1.0.0.201904181610/tools/bin/../lib/gcc/arm-none-eabi/7.3.1/../../../../arm-none-eabi/lib/thumb/v7e-m/fpv5/hard\libc_nano.a(lib_a-errno.o)
                              Core/Src/syscalls.o (__errno)
d:/st/stm32cubeide_1.1.0/stm32cubeide/plugins/com.st.stm32cube.ide.mcu.externaltools.gnu-tools-for-stm32.7-2018-q2-update.win32_1.0.0.201904181610/tools/bin/../lib/gcc/arm-none-eabi/7.3.1/../../../../arm-none-eabi/lib/thumb/v7e-m/fpv5/hard\libc_nano.a(lib_a-exit.o)
                              d:/st/stm32cubeide_1.1.0/stm32cubeide/plugins/com.st.stm32cube.ide.mcu.externaltools.gnu-tools-for-stm32.7-2018-q2-update.win32_1.0.0.201904181610/tools/bin/../lib/gcc/arm-none-eabi/7.3.1/../../../../arm-none-eabi/lib/thumb/v7e-m/fpv5/hard/crt0.o (exit)
d:/st/stm32cubeide_1.1.0/stm32cubeide/plugins/com.st.stm32cube.ide.mcu.externaltools.gnu-tools-for-stm32.7-2018-q2-update.win32_1.0.0.201904181610/tools/bin/../lib/gcc/arm-none-eabi/7.3.1/../../../../arm-none-eabi/lib/thumb/v7e-m/fpv5/hard\libc_nano.a(lib_a-impure.o)
                              d:/st/stm32cubeide_1.1.0/stm32cubeide/plugins/com.st.stm32cube.ide.mcu.externaltools.gnu-tools-for-stm32.7-2018-q2-update.win32_1.0.0.201904181610/tools/bin/../lib/gcc/arm-none-eabi/7.3.1/../../../../arm-none-eabi/lib/thumb/v7e-m/fpv5/hard\libc_nano.a(lib_a-exit.o) (_global_impure_ptr)
d:/st/stm32cubeide_1.1.0/stm32cubeide/plugins/com.st.stm32cube.ide.mcu.externaltools.gnu-tools-for-stm32.7-2018-q2-update.win32_1.0.0.201904181610/tools/bin/../lib/gcc/arm-none-eabi/7.3.1/../../../../arm-none-eabi/lib/thumb/v7e-m/fpv5/hard\libc_nano.a(lib_a-init.o)
                              d:/st/stm32cubeide_1.1.0/stm32cubeide/plugins/com.st.stm32cube.ide.mcu.externaltools.gnu-tools-for-stm32.7-2018-q2-update.win32_1.0.0.201904181610/tools/bin/../lib/gcc/arm-none-eabi/7.3.1/../../../../arm-none-eabi/lib/thumb/v7e-m/fpv5/hard/crt0.o (__libc_init_array)
d:/st/stm32cubeide_1.1.0/stm32cubeide/plugins/com.st.stm32cube.ide.mcu.externaltools.gnu-tools-for-stm32.7-2018-q2-update.win32_1.0.0.201904181610/tools/bin/../lib/gcc/arm-none-eabi/7.3.1/../../../../arm-none-eabi/lib/thumb/v7e-m/fpv5/hard\libc_nano.a(lib_a-memset.o)
                              d:/st/stm32cubeide_1.1.0/stm32cubeide/plugins/com.st.stm32cube.ide.mcu.externaltools.gnu-tools-for-stm32.7-2018-q2-update.win32_1.0.0.201904181610/tools/bin/../lib/gcc/arm-none-eabi/7.3.1/../../../../arm-none-eabi/lib/thumb/v7e-m/fpv5/hard/crt0.o (memset)
d:/st/stm32cubeide_1.1.0/stm32cubeide/plugins/com.st.stm32cube.ide.mcu.externaltools.gnu-tools-for-stm32.7-2018-q2-update.win32_1.0.0.201904181610/tools/bin/../lib/gcc/arm-none-eabi/7.3.1/../../../../arm-none-eabi/lib/thumb/v7e-m/fpv5/hard\libc_nano.a(lib_a-sprintf.o)
                              Core/Src/main.o (sprintf)
d:/st/stm32cubeide_1.1.0/stm32cubeide/plugins/com.st.stm32cube.ide.mcu.externaltools.gnu-tools-for-stm32.7-2018-q2-update.win32_1.0.0.201904181610/tools/bin/../lib/gcc/arm-none-eabi/7.3.1/../../../../arm-none-eabi/lib/thumb/v7e-m/fpv5/hard\libc_nano.a(lib_a-nano-svfprintf.o)
                              d:/st/stm32cubeide_1.1.0/stm32cubeide/plugins/com.st.stm32cube.ide.mcu.externaltools.gnu-tools-for-stm32.7-2018-q2-update.win32_1.0.0.201904181610/tools/bin/../lib/gcc/arm-none-eabi/7.3.1/../../../../arm-none-eabi/lib/thumb/v7e-m/fpv5/hard\libc_nano.a(lib_a-sprintf.o) (_svfprintf_r)
d:/st/stm32cubeide_1.1.0/stm32cubeide/plugins/com.st.stm32cube.ide.mcu.externaltools.gnu-tools-for-stm32.7-2018-q2-update.win32_1.0.0.201904181610/tools/bin/../lib/gcc/arm-none-eabi/7.3.1/../../../../arm-none-eabi/lib/thumb/v7e-m/fpv5/hard\libc_nano.a(lib_a-nano-vfprintf_i.o)
                              d:/st/stm32cubeide_1.1.0/stm32cubeide/plugins/com.st.stm32cube.ide.mcu.externaltools.gnu-tools-for-stm32.7-2018-q2-update.win32_1.0.0.201904181610/tools/bin/../lib/gcc/arm-none-eabi/7.3.1/../../../../arm-none-eabi/lib/thumb/v7e-m/fpv5/hard\libc_nano.a(lib_a-nano-svfprintf.o) (_printf_i)
d:/st/stm32cubeide_1.1.0/stm32cubeide/plugins/com.st.stm32cube.ide.mcu.externaltools.gnu-tools-for-stm32.7-2018-q2-update.win32_1.0.0.201904181610/tools/bin/../lib/gcc/arm-none-eabi/7.3.1/../../../../arm-none-eabi/lib/thumb/v7e-m/fpv5/hard\libc_nano.a(lib_a-memchr.o)
                              d:/st/stm32cubeide_1.1.0/stm32cubeide/plugins/com.st.stm32cube.ide.mcu.externaltools.gnu-tools-for-stm32.7-2018-q2-update.win32_1.0.0.201904181610/tools/bin/../lib/gcc/arm-none-eabi/7.3.1/../../../../arm-none-eabi/lib/thumb/v7e-m/fpv5/hard\libc_nano.a(lib_a-nano-svfprintf.o) (memchr)
[...]
Memory Configuration

Name             Origin             Length             Attributes
DTCMRAM          0x0000000020000000 0x0000000000020000 xrw
ITCMRAM          0x0000000000000000 0x0000000000010000 xrw
RAM_D1           0x0000000024000000 0x0000000000080000 xrw
RAM_D2           0x0000000030000000 0x0000000000048000 xrw
RAM_D3           0x0000000038000000 0x0000000000010000 xrw
FLASH            0x0000000008000000 0x0000000000200000 xr
*default*        0x0000000000000000 0xffffffffffffffff

Linker script and memory map

LOAD d:/st/stm32cubeide_1.1.0/stm32cubeide/plugins/com.st.stm32cube.ide.mcu.externaltools.gnu-tools-for-stm32.7-2018-q2-update.win32_1.0.0.201904181610/tools/bin/../lib/gcc/arm-none-eabi/7.3.1/thumb/v7e-m/fpv5/hard/crti.o
LOAD d:/st/stm32cubeide_1.1.0/stm32cubeide/plugins/com.st.stm32cube.ide.mcu.externaltools.gnu-tools-for-stm32.7-2018-q2-update.win32_1.0.0.201904181610/tools/bin/../lib/gcc/arm-none-eabi/7.3.1/thumb/v7e-m/fpv5/hard/crtbegin.o
LOAD d:/st/stm32cubeide_1.1.0/stm32cubeide/plugins/com.st.stm32cube.ide.mcu.externaltools.gnu-tools-for-stm32.7-2018-q2-update.win32_1.0.0.201904181610/tools/bin/../lib/gcc/arm-none-eabi/7.3.1/../../../../arm-none-eabi/lib/thumb/v7e-m/fpv5/hard/crt0.o
LOAD Core/Src/main.o
LOAD Core/Src/stm32h7xx_hal_msp.o
LOAD Core/Src/stm32h7xx_it.o
LOAD Core/Src/syscalls.o
LOAD Core/Src/sysmem.o
LOAD Core/Src/system_stm32h7xx.o
LOAD Core/Startup/startup_stm32h743zitx.o
LOAD Drivers/STM32H7xx_HAL_Driver/Src/stm32h7xx_hal.o
LOAD Drivers/STM32H7xx_HAL_Driver/Src/stm32h7xx_hal_adc.o
LOAD Drivers/STM32H7xx_HAL_Driver/Src/stm32h7xx_hal_adc_ex.o
LOAD Drivers/STM32H7xx_HAL_Driver/Src/stm32h7xx_hal_cortex.o
LOAD Drivers/STM32H7xx_HAL_Driver/Src/stm32h7xx_hal_dma.o
LOAD Drivers/STM32H7xx_HAL_Driver/Src/stm32h7xx_hal_dma_ex.o
LOAD Drivers/STM32H7xx_HAL_Driver/Src/stm32h7xx_hal_exti.o
LOAD Drivers/STM32H7xx_HAL_Driver/Src/stm32h7xx_hal_flash.o
LOAD Drivers/STM32H7xx_HAL_Driver/Src/stm32h7xx_hal_flash_ex.o
LOAD Drivers/STM32H7xx_HAL_Driver/Src/stm32h7xx_hal_gpio.o
LOAD Drivers/STM32H7xx_HAL_Driver/Src/stm32h7xx_hal_hsem.o
LOAD Drivers/STM32H7xx_HAL_Driver/Src/stm32h7xx_hal_i2c.o
LOAD Drivers/STM32H7xx_HAL_Driver/Src/stm32h7xx_hal_i2c_ex.o
LOAD Drivers/STM32H7xx_HAL_Driver/Src/stm32h7xx_hal_mdma.o
LOAD Drivers/STM32H7xx_HAL_Driver/Src/stm32h7xx_hal_pwr.o
LOAD Drivers/STM32H7xx_HAL_Driver/Src/stm32h7xx_hal_pwr_ex.o
LOAD Drivers/STM32H7xx_HAL_Driver/Src/stm32h7xx_hal_rcc.o
LOAD Drivers/STM32H7xx_HAL_Driver/Src/stm32h7xx_hal_rcc_ex.o
LOAD Drivers/STM32H7xx_HAL_Driver/Src/stm32h7xx_hal_tim.o
LOAD Drivers/STM32H7xx_HAL_Driver/Src/stm32h7xx_hal_tim_ex.o
LOAD Drivers/STM32H7xx_HAL_Driver/Src/stm32h7xx_hal_uart.o
LOAD Drivers/STM32H7xx_HAL_Driver/Src/stm32h7xx_hal_uart_ex.o
START GROUP
LOAD d:/st/stm32cubeide_1.1.0/stm32cubeide/plugins/com.st.stm32cube.ide.mcu.externaltools.gnu-tools-for-stm32.7-2018-q2-update.win32_1.0.0.201904181610/tools/bin/../lib/gcc/arm-none-eabi/7.3.1/../../../../arm-none-eabi/lib/thumb/v7e-m/fpv5/hard\libc_nano.a
LOAD d:/st/stm32cubeide_1.1.0/stm32cubeide/plugins/com.st.stm32cube.ide.mcu.externaltools.gnu-tools-for-stm32.7-2018-q2-update.win32_1.0.0.201904181610/tools/bin/../lib/gcc/arm-none-eabi/7.3.1/../../../../arm-none-eabi/lib/thumb/v7e-m/fpv5/hard\libm.a
END GROUP
START GROUP
LOAD d:/st/stm32cubeide_1.1.0/stm32cubeide/plugins/com.st.stm32cube.ide.mcu.externaltools.gnu-tools-for-stm32.7-2018-q2-update.win32_1.0.0.201904181610/tools/bin/../lib/gcc/arm-none-eabi/7.3.1/thumb/v7e-m/fpv5/hard\libgcc.a
LOAD d:/st/stm32cubeide_1.1.0/stm32cubeide/plugins/com.st.stm32cube.ide.mcu.externaltools.gnu-tools-for-stm32.7-2018-q2-update.win32_1.0.0.201904181610/tools/bin/../lib/gcc/arm-none-eabi/7.3.1/../../../../arm-none-eabi/lib/thumb/v7e-m/fpv5/hard\libc_nano.a
END GROUP
START GROUP
LOAD d:/st/stm32cubeide_1.1.0/stm32cubeide/plugins/com.st.stm32cube.ide.mcu.externaltools.gnu-tools-for-stm32.7-2018-q2-update.win32_1.0.0.201904181610/tools/bin/../lib/gcc/arm-none-eabi/7.3.1/thumb/v7e-m/fpv5/hard\libgcc.a
LOAD d:/st/stm32cubeide_1.1.0/stm32cubeide/plugins/com.st.stm32cube.ide.mcu.externaltools.gnu-tools-for-stm32.7-2018-q2-update.win32_1.0.0.201904181610/tools/bin/../lib/gcc/arm-none-eabi/7.3.1/../../../../arm-none-eabi/lib/thumb/v7e-m/fpv5/hard\libc_nano.a
LOAD d:/st/stm32cubeide_1.1.0/stm32cubeide/plugins/com.st.stm32cube.ide.mcu.externaltools.gnu-tools-for-stm32.7-2018-q2-update.win32_1.0.0.201904181610/tools/bin/../lib/gcc/arm-none-eabi/7.3.1/../../../../arm-none-eabi/lib/thumb/v7e-m/fpv5/hard\libnosys.a
END GROUP
START GROUP
LOAD d:/st/stm32cubeide_1.1.0/stm32cubeide/plugins/com.st.stm32cube.ide.mcu.externaltools.gnu-tools-for-stm32.7-2018-q2-update.win32_1.0.0.201904181610/tools/bin/../lib/gcc/arm-none-eabi/7.3.1/thumb/v7e-m/fpv5/hard\libgcc.a
LOAD d:/st/stm32cubeide_1.1.0/stm32cubeide/plugins/com.st.stm32cube.ide.mcu.externaltools.gnu-tools-for-stm32.7-2018-q2-update.win32_1.0.0.201904181610/tools/bin/../lib/gcc/arm-none-eabi/7.3.1/../../../../arm-none-eabi/lib/thumb/v7e-m/fpv5/hard\libc_nano.a
LOAD d:/st/stm32cubeide_1.1.0/stm32cubeide/plugins/com.st.stm32cube.ide.mcu.externaltools.gnu-tools-for-stm32.7-2018-q2-update.win32_1.0.0.201904181610/tools/bin/../lib/gcc/arm-none-eabi/7.3.1/../../../../arm-none-eabi/lib/thumb/v7e-m/fpv5/hard\libnosys.a
END GROUP
LOAD d:/st/stm32cubeide_1.1.0/stm32cubeide/plugins/com.st.stm32cube.ide.mcu.externaltools.gnu-tools-for-stm32.7-2018-q2-update.win32_1.0.0.201904181610/tools/bin/../lib/gcc/arm-none-eabi/7.3.1/thumb/v7e-m/fpv5/hard/crtend.o
LOAD d:/st/stm32cubeide_1.1.0/stm32cubeide/plugins/com.st.stm32cube.ide.mcu.externaltools.gnu-tools-for-stm32.7-2018-q2-update.win32_1.0.0.201904181610/tools/bin/../lib/gcc/arm-none-eabi/7.3.1/thumb/v7e-m/fpv5/hard/crtn.o
                0x0000000024080000                _estack = (ORIGIN (RAM_D1) + LENGTH (RAM_D1))
                0x0000000000000200                _Min_Heap_Size = 0x200
                0x0000000000000400                _Min_Stack_Size = 0x400

.isr_vector     0x0000000008000000      0x298
                0x0000000008000000                . = ALIGN (0x4)
 *(.isr_vector)
 .isr_vector    0x0000000008000000      0x298 Core/Startup/startup_stm32h743zitx.o
                0x0000000008000000                g_pfnVectors
                0x0000000008000298                . = ALIGN (0x4)

.text           0x00000000080002a0    0x10574
                0x00000000080002a0                . = ALIGN (0x4)
 *(.text)
 .text          0x00000000080002a0       0x40 d:/st/stm32cubeide_1.1.0/stm32cubeide/plugins/com.st.stm32cube.ide.mcu.externaltools.gnu-tools-for-stm32.7-2018-q2-update.win32_1.0.0.201904181610/tools/bin/../lib/gcc/arm-none-eabi/7.3.1/thumb/v7e-m/fpv5/hard/crtbegin.o
 .text          0x00000000080002e0       0xa0 d:/st/stm32cubeide_1.1.0/stm32cubeide/plugins/com.st.stm32cube.ide.mcu.externaltools.gnu-tools-for-stm32.7-2018-q2-update.win32_1.0.0.201904181610/tools/bin/../lib/gcc/arm-none-eabi/7.3.1/../../../../arm-none-eabi/lib/thumb/v7e-m/fpv5/hard\libc_nano.a(lib_a-memchr.o)
                0x00000000080002e0                memchr
 .text          0x0000000008000380       0x30 d:/st/stm32cubeide_1.1.0/stm32cubeide/plugins/com.st.stm32cube.ide.mcu.externaltools.gnu-tools-for-stm32.7-2018-q2-update.win32_1.0.0.201904181610/tools/bin/../lib/gcc/arm-none-eabi/7.3.1/thumb/v7e-m/fpv5/hard\libgcc.a(_aeabi_uldivmod.o)
                0x0000000008000380                __aeabi_uldivmod
 .text          0x00000000080003b0      0x2cc d:/st/stm32cubeide_1.1.0/stm32cubeide/plugins/com.st.stm32cube.ide.mcu.externaltools.gnu-tools-for-stm32.7-2018-q2-update.win32_1.0.0.201904181610/tools/bin/../lib/gcc/arm-none-eabi/7.3.1/thumb/v7e-m/fpv5/hard\libgcc.a(_udivmoddi4.o)
                0x00000000080003b0                __udivmoddi4
 .text          0x000000000800067c        0x4 d:/st/stm32cubeide_1.1.0/stm32cubeide/plugins/com.st.stm32cube.ide.mcu.externaltools.gnu-tools-for-stm32.7-2018-q2-update.win32_1.0.0.201904181610/tools/bin/../lib/gcc/arm-none-eabi/7.3.1/thumb/v7e-m/fpv5/hard\libgcc.a(_dvmd_tls.o)
                0x000000000800067c                __aeabi_idiv0
                0x000000000800067c                __aeabi_ldiv0
 *(.text*)
 .text.delayUs_Init
                0x0000000008000680       0x40 Core/Src/main.o
                0x0000000008000680                delayUs_Init
 .text.delayUs  0x00000000080006c0       0x4c Core/Src/main.o
                0x00000000080006c0                delayUs
 .text.peripheralUART_Init
                0x000000000800070c       0x74 Core/Src/main.o
                0x000000000800070c                peripheralUART_Init
 .text.HAL_UART_TxCpltCallback
                0x0000000008000780       0x84 Core/Src/main.o
                0x0000000008000780                HAL_UART_TxCpltCallback
 .text.HAL_UART_RxCpltCallback
                0x0000000008000804       0xa4 Core/Src/main.o
                0x0000000008000804                HAL_UART_RxCpltCallback
 .text.compassReset
                0x00000000080008a8       0x2c Core/Src/main.o
                0x00000000080008a8                compassReset
 .text.compassRequest
                0x00000000080008d4       0x1c Core/Src/main.o
                0x00000000080008d4                compassRequest
 .text.wait4CompassTx
                0x00000000080008f0       0x24 Core/Src/main.o
                0x00000000080008f0                wait4CompassTx
 .text.spinalCordTrans
                0x0000000008000914       0x20 Core/Src/main.o
                0x0000000008000914                spinalCordTrans
 .text.wait4SpinalCordTx
                0x0000000008000934       0x24 Core/Src/main.o
                0x0000000008000934                wait4SpinalCordTx
 .text.SendByteSPI
                0x0000000008000958       0x64 Core/Src/main.o
                0x0000000008000958                SendByteSPI
 .text.ST7920_SendCmd
                0x00000000080009bc       0x54 Core/Src/main.o
                0x00000000080009bc                ST7920_SendCmd
 .text.ST7920_SendData
                0x0000000008000a10       0x54 Core/Src/main.o
                0x0000000008000a10                ST7920_SendData
 .text.ST7920_SendString
                0x0000000008000a64       0x84 Core/Src/main.o
                0x0000000008000a64                ST7920_SendString
 .text.ST7920_Clear
                0x0000000008000ae8       0x90 Core/Src/main.o
                0x0000000008000ae8                ST7920_Clear
 .text.ST7920_Init
                0x0000000008000b78       0x80 Core/Src/main.o
                0x0000000008000b78                ST7920_Init
 .text.peripheralADC_Init
                0x0000000008000bf8       0x1c Core/Src/main.o
                0x0000000008000bf8                peripheralADC_Init
 .text.controlMotor1
                0x0000000008000c14       0x78 Core/Src/main.o
                0x0000000008000c14                controlMotor1
 .text.controlMotor2
                0x0000000008000c8c       0x78 Core/Src/main.o
                0x0000000008000c8c                controlMotor2
 .text.controlMotor3
                0x0000000008000d04       0x78 Core/Src/main.o
                0x0000000008000d04                controlMotor3
 .text.controlMotor4
                0x0000000008000d7c       0x78 Core/Src/main.o
                0x0000000008000d7c                controlMotor4
 *fill*         0x0000000008000df4        0x4 
 .text.PIDyaw   0x0000000008000df8      0x14c Core/Src/main.o
                0x0000000008000df8                PIDyaw
 *fill*         0x0000000008000f44        0x4 
 .text.PIDroR   0x0000000008000f48      0x14c Core/Src/main.o
                0x0000000008000f48                PIDroR
 *fill*         0x0000000008001094        0x4 
 .text.PIDpit   0x0000000008001098      0x12c Core/Src/main.o
                0x0000000008001098                PIDpit
 *fill*         0x00000000080011c4        0x4 
 .text.roR_pit_yaw_mixSpeed
                0x00000000080011c8      0x1cc Core/Src/main.o
                0x00000000080011c8                roR_pit_yaw_mixSpeed
 .text.brake    0x0000000008001394       0x28 Core/Src/main.o
                0x0000000008001394                brake
 .text.roR_Pit_Yaw_GoTo
                0x00000000080013bc       0x64 Core/Src/main.o
                0x00000000080013bc                roR_Pit_Yaw_GoTo
 .text.positionControl_Init
                0x0000000008001420       0x20 Core/Src/main.o
                0x0000000008001420                positionControl_Init
 .text.HAL_TIM_PeriodElapsedCallback
                0x0000000008001440      0x114 Core/Src/main.o
                0x0000000008001440                HAL_TIM_PeriodElapsedCallback
 .text.GetSector
                0x0000000008001554      0x18c Core/Src/main.o
                0x0000000008001554                GetSector
 .text.writeFLASH
                0x00000000080016e0      0x148 Core/Src/main.o
                0x00000000080016e0                writeFLASH
 .text.readFLASH
                0x0000000008001828      0x124 Core/Src/main.o
                0x0000000008001828                readFLASH
 .text.getSample
                0x000000000800194c      0x3e4 Core/Src/main.o
                0x000000000800194c                getSample
 .text.solveDT50_Left
                0x0000000008001d30      0x138 Core/Src/main.o
                0x0000000008001d30                solveDT50_Left
 .text.solveDT50_Pitch
                0x0000000008001e68      0x138 Core/Src/main.o
                0x0000000008001e68                solveDT50_Pitch
 .text.solveDT50_Rigt
                0x0000000008001fa0      0x138 Core/Src/main.o
                0x0000000008001fa0                solveDT50_Rigt
 .text.wait4SelectMode
                0x00000000080020d8      0x130 Core/Src/main.o
                0x00000000080020d8                wait4SelectMode
 .text.goToBallRigt
                0x0000000008002208      0x3e4 Core/Src/main.o
                0x0000000008002208                goToBallRigt
 .text.main     0x00000000080025ec      0x1ac Core/Src/main.o
                0x00000000080025ec                main
 .text.SystemClock_Config
                0x0000000008002798      0x16c Core/Src/main.o
                0x0000000008002798                SystemClock_Config
 .text.MX_ADC3_Init
                0x0000000008002904      0x108 Core/Src/main.o
 .text.MX_TIM7_Init
                0x0000000008002a0c       0x70 Core/Src/main.o
 .text.MX_UART7_Init
                0x0000000008002a7c       0x98 Core/Src/main.o
 .text.MX_USART1_UART_Init
                0x0000000008002b14       0x98 Core/Src/main.o
 .text.MX_USART3_UART_Init
                0x0000000008002bac       0x98 Core/Src/main.o
 .text.MX_USART6_UART_Init
                0x0000000008002c44       0x98 Core/Src/main.o
 .text.MX_DMA_Init
                0x0000000008002cdc       0x90 Core/Src/main.o
 .text.MX_GPIO_Init
                0x0000000008002d6c      0x2c0 Core/Src/main.o
 .text.Error_Handler
                0x000000000800302c        0xe Core/Src/main.o
                0x000000000800302c                Error_Handler
 *fill*         0x000000000800303a        0x2 
 .text.HAL_MspInit
                0x000000000800303c       0x34 Core/Src/stm32h7xx_hal_msp.o
                0x000000000800303c                HAL_MspInit
 .text.HAL_ADC_MspInit
                0x0000000008003070      0x100 Core/Src/stm32h7xx_hal_msp.o
                0x0000000008003070                HAL_ADC_MspInit
 .text.HAL_TIM_Base_MspInit
                0x0000000008003170       0x50 Core/Src/stm32h7xx_hal_msp.o
                0x0000000008003170                HAL_TIM_Base_MspInit
 .text.HAL_UART_MspInit
                0x00000000080031c0      0x344 Core/Src/stm32h7xx_hal_msp.o
                0x00000000080031c0                HAL_UART_MspInit
 .text.kalmanFilter_Pitch
                0x0000000008003504       0xc8 Core/Src/stm32h7xx_it.o
                0x0000000008003504                kalmanFilter_Pitch
 .text.kalmanFilter_Left
                0x00000000080035cc       0xc8 Core/Src/stm32h7xx_it.o
                0x00000000080035cc                kalmanFilter_Left
 .text.kalmanFilter_Rigt
                0x0000000008003694       0xc8 Core/Src/stm32h7xx_it.o
                0x0000000008003694                kalmanFilter_Rigt
 .text.NMI_Handler
                0x000000000800375c        0xe Core/Src/stm32h7xx_it.o
                0x000000000800375c                NMI_Handler
 .text.HardFault_Handler
                0x000000000800376a        0x6 Core/Src/stm32h7xx_it.o
                0x000000000800376a                HardFault_Handler
 .text.MemManage_Handler
                0x0000000008003770        0x6 Core/Src/stm32h7xx_it.o
                0x0000000008003770                MemManage_Handler
 .text.BusFault_Handler
                0x0000000008003776        0x6 Core/Src/stm32h7xx_it.o
                0x0000000008003776                BusFault_Handler
 .text.UsageFault_Handler
                0x000000000800377c        0x6 Core/Src/stm32h7xx_it.o
                0x000000000800377c                UsageFault_Handler
 .text.SVC_Handler
                0x0000000008003782        0xe Core/Src/stm32h7xx_it.o
                0x0000000008003782                SVC_Handler
 .text.DebugMon_Handler
                0x0000000008003790        0xe Core/Src/stm32h7xx_it.o
                0x0000000008003790                DebugMon_Handler
 .text.PendSV_Handler
                0x000000000800379e        0xe Core/Src/stm32h7xx_it.o
                0x000000000800379e                PendSV_Handler
 .text.SysTick_Handler
                0x00000000080037ac       0x30 Core/Src/stm32h7xx_it.o
                0x00000000080037ac                SysTick_Handler
 .text.DMA1_Stream0_IRQHandler
                0x00000000080037dc       0x14 Core/Src/stm32h7xx_it.o
                0x00000000080037dc                DMA1_Stream0_IRQHandler
 .text.DMA1_Stream2_IRQHandler
                0x00000000080037f0      0x100 Core/Src/stm32h7xx_it.o
                0x00000000080037f0                DMA1_Stream2_IRQHandler
 .text.DMA1_Stream3_IRQHandler
                0x00000000080038f0       0x30 Core/Src/stm32h7xx_it.o
                0x00000000080038f0                DMA1_Stream3_IRQHandler
 .text.USART1_IRQHandler
                0x0000000008003920       0x14 Core/Src/stm32h7xx_it.o
                0x0000000008003920                USART1_IRQHandler
 .text.TIM7_IRQHandler
                0x0000000008003934       0x14 Core/Src/stm32h7xx_it.o
                0x0000000008003934                TIM7_IRQHandler
 .text.DMA2_Stream2_IRQHandler
                0x0000000008003948      0x2b4 Core/Src/stm32h7xx_it.o
                0x0000000008003948                DMA2_Stream2_IRQHandler
 .text.USART6_IRQHandler
                0x0000000008003bfc       0x14 Core/Src/stm32h7xx_it.o
                0x0000000008003bfc                USART6_IRQHandler
 .text.UART7_IRQHandler
                0x0000000008003c10       0x14 Core/Src/stm32h7xx_it.o
                0x0000000008003c10                UART7_IRQHandler
 .text._sbrk    0x0000000008003c24       0x58 Core/Src/sysmem.o
                0x0000000008003c24                _sbrk
 .text.SystemInit
                0x0000000008003c7c       0xc4 Core/Src/system_stm32h7xx.o
                0x0000000008003c7c                SystemInit
 .text.Reset_Handler
                0x0000000008003d40       0x50 Core/Startup/startup_stm32h743zitx.o
                0x0000000008003d40                Reset_Handler
 .text.Default_Handler
                0x0000000008003d90        0x2 Core/Startup/startup_stm32h743zitx.o
                0x0000000008003d90                RTC_Alarm_IRQHandler
                0x0000000008003d90                EXTI2_IRQHandler
                0x0000000008003d90                TIM8_CC_IRQHandler
                0x0000000008003d90                HRTIM1_Master_IRQHandler
                0x0000000008003d90                UART8_IRQHandler
                0x0000000008003d90                SPI4_IRQHandler
                0x0000000008003d90                TIM1_CC_IRQHandler
                0x0000000008003d90                BDMA_Channel6_IRQHandler
                0x0000000008003d90                DMA2_Stream5_IRQHandler
                0x0000000008003d90                HRTIM1_FLT_IRQHandler
                0x0000000008003d90                JPEG_IRQHandler
                0x0000000008003d90                DMA1_Stream5_IRQHandler
                0x0000000008003d90                BDMA_Channel1_IRQHandler
                0x0000000008003d90                HRTIM1_TIMD_IRQHandler
                0x0000000008003d90                TAMP_STAMP_IRQHandler
                0x0000000008003d90                EXTI3_IRQHandler
                0x0000000008003d90                LPTIM4_IRQHandler
                0x0000000008003d90                TIM8_TRG_COM_TIM14_IRQHandler
                0x0000000008003d90                LPTIM2_IRQHandler
                0x0000000008003d90                DFSDM1_FLT1_IRQHandler
                0x0000000008003d90                DMAMUX2_OVR_IRQHandler
                0x0000000008003d90                TIM8_UP_TIM13_IRQHandler
                0x0000000008003d90                I2C3_ER_IRQHandler
                0x0000000008003d90                DFSDM1_FLT2_IRQHandler
                0x0000000008003d90                MDMA_IRQHandler
                0x0000000008003d90                LPTIM3_IRQHandler
                0x0000000008003d90                HSEM1_IRQHandler
                0x0000000008003d90                EXTI0_IRQHandler
                0x0000000008003d90                I2C2_EV_IRQHandler
                0x0000000008003d90                FPU_IRQHandler
                0x0000000008003d90                OTG_HS_WKUP_IRQHandler
                0x0000000008003d90                FDCAN1_IT1_IRQHandler
                0x0000000008003d90                LTDC_ER_IRQHandler
                0x0000000008003d90                HRTIM1_TIME_IRQHandler
                0x0000000008003d90                SPI1_IRQHandler
                0x0000000008003d90                TIM6_DAC_IRQHandler
                0x0000000008003d90                DCMI_IRQHandler
                0x0000000008003d90                HRTIM1_TIMC_IRQHandler
                0x0000000008003d90                DMA2_Stream3_IRQHandler
                0x0000000008003d90                SAI2_IRQHandler
                0x0000000008003d90                DFSDM1_FLT3_IRQHandler
                0x0000000008003d90                TIM17_IRQHandler
                0x0000000008003d90                USART3_IRQHandler
                0x0000000008003d90                BDMA_Channel7_IRQHandler
                0x0000000008003d90                LPTIM5_IRQHandler
                0x0000000008003d90                UART5_IRQHandler
                0x0000000008003d90                ADC3_IRQHandler
                0x0000000008003d90                DMA2_Stream0_IRQHandler
                0x0000000008003d90                TIM4_IRQHandler
                0x0000000008003d90                BDMA_Channel2_IRQHandler
                0x0000000008003d90                QUADSPI_IRQHandler
                0x0000000008003d90                I2C1_EV_IRQHandler
                0x0000000008003d90                DMA1_Stream6_IRQHandler
                0x0000000008003d90                DMAMUX1_OVR_IRQHandler
                0x0000000008003d90                DMA1_Stream1_IRQHandler
                0x0000000008003d90                TIM16_IRQHandler
                0x0000000008003d90                UART4_IRQHandler
                0x0000000008003d90                BDMA_Channel5_IRQHandler
                0x0000000008003d90                TIM3_IRQHandler
                0x0000000008003d90                RCC_IRQHandler
                0x0000000008003d90                TIM8_BRK_TIM12_IRQHandler
                0x0000000008003d90                TIM1_TRG_COM_IRQHandler
                0x0000000008003d90                Default_Handler
                0x0000000008003d90                ECC_IRQHandler
                0x0000000008003d90                CEC_IRQHandler
                0x0000000008003d90                EXTI15_10_IRQHandler
                0x0000000008003d90                BDMA_Channel0_IRQHandler
                0x0000000008003d90                ADC_IRQHandler
                0x0000000008003d90                DMA1_Stream7_IRQHandler
                0x0000000008003d90                HRTIM1_TIMA_IRQHandler
                0x0000000008003d90                SPI5_IRQHandler
                0x0000000008003d90                SDMMC1_IRQHandler
                0x0000000008003d90                TIM5_IRQHandler
                0x0000000008003d90                DMA2_Stream7_IRQHandler
                0x0000000008003d90                TIM15_IRQHandler
                0x0000000008003d90                PVD_AVD_IRQHandler
                0x0000000008003d90                I2C3_EV_IRQHandler
                0x0000000008003d90                EXTI9_5_IRQHandler
                0x0000000008003d90                RTC_WKUP_IRQHandler
                0x0000000008003d90                LTDC_IRQHandler
                0x0000000008003d90                SAI3_IRQHandler
                0x0000000008003d90                ETH_WKUP_IRQHandler
                0x0000000008003d90                SPDIF_RX_IRQHandler
                0x0000000008003d90                SPI2_IRQHandler
                0x0000000008003d90                OTG_HS_EP1_IN_IRQHandler
                0x0000000008003d90                CRS_IRQHandler
                0x0000000008003d90                EXTI4_IRQHandler
                0x0000000008003d90                RNG_IRQHandler
                0x0000000008003d90                HRTIM1_TIMB_IRQHandler
                0x0000000008003d90                FDCAN2_IT1_IRQHandler
                0x0000000008003d90                ETH_IRQHandler
                0x0000000008003d90                TIM1_UP_IRQHandler
                0x0000000008003d90                BDMA_Channel4_IRQHandler
                0x0000000008003d90                OTG_HS_EP1_OUT_IRQHandler
                0x0000000008003d90                WWDG_IRQHandler
                0x0000000008003d90                SPI6_IRQHandler
                0x0000000008003d90                MDIOS_IRQHandler
                0x0000000008003d90                I2C4_EV_IRQHandler
                0x0000000008003d90                FDCAN2_IT0_IRQHandler
                0x0000000008003d90                LPUART1_IRQHandler
                0x0000000008003d90                FDCAN1_IT0_IRQHandler
                0x0000000008003d90                TIM2_IRQHandler
                0x0000000008003d90                OTG_FS_WKUP_IRQHandler
                0x0000000008003d90                OTG_HS_IRQHandler
                0x0000000008003d90                DMA2D_IRQHandler
                0x0000000008003d90                TIM1_BRK_IRQHandler
                0x0000000008003d90                EXTI1_IRQHandler
                0x0000000008003d90                SDMMC2_IRQHandler
                0x0000000008003d90                OTG_FS_EP1_OUT_IRQHandler
                0x0000000008003d90                BDMA_Channel3_IRQHandler
                0x0000000008003d90                MDIOS_WKUP_IRQHandler
                0x0000000008003d90                USART2_IRQHandler
                0x0000000008003d90                DFSDM1_FLT0_IRQHandler
                0x0000000008003d90                SAI4_IRQHandler
                0x0000000008003d90                I2C2_ER_IRQHandler
                0x0000000008003d90                DMA2_Stream1_IRQHandler
                0x0000000008003d90                FLASH_IRQHandler
                0x0000000008003d90                DMA2_Stream4_IRQHandler
                0x0000000008003d90                OTG_FS_IRQHandler
                0x0000000008003d90                SPI3_IRQHandler
                0x0000000008003d90                WAKEUP_PIN_IRQHandler
                0x0000000008003d90                DMA1_Stream4_IRQHandler
                0x0000000008003d90                OTG_FS_EP1_IN_IRQHandler
                0x0000000008003d90                I2C1_ER_IRQHandler
                0x0000000008003d90                FMC_IRQHandler
                0x0000000008003d90                FDCAN_CAL_IRQHandler
                0x0000000008003d90                SWPMI1_IRQHandler
                0x0000000008003d90                COMP1_IRQHandler
                0x0000000008003d90                LPTIM1_IRQHandler
                0x0000000008003d90                I2C4_ER_IRQHandler
                0x0000000008003d90                DMA2_Stream6_IRQHandler
                0x0000000008003d90                SAI1_IRQHandler
 *fill*         0x0000000008003d92        0x2 
 .text.HAL_Init
                0x0000000008003d94       0x78 Drivers/STM32H7xx_HAL_Driver/Src/stm32h7xx_hal.o
                0x0000000008003d94                HAL_Init
 .text.HAL_InitTick
                0x0000000008003e0c       0x6c Drivers/STM32H7xx_HAL_Driver/Src/stm32h7xx_hal.o
                0x0000000008003e0c                HAL_InitTick
 .text.HAL_IncTick
                0x0000000008003e78       0x28 Drivers/STM32H7xx_HAL_Driver/Src/stm32h7xx_hal.o
                0x0000000008003e78                HAL_IncTick
 .text.HAL_GetTick
                0x0000000008003ea0       0x18 Drivers/STM32H7xx_HAL_Driver/Src/stm32h7xx_hal.o
                0x0000000008003ea0                HAL_GetTick
 .text.HAL_Delay
                0x0000000008003eb8       0x44 Drivers/STM32H7xx_HAL_Driver/Src/stm32h7xx_hal.o
                0x0000000008003eb8                HAL_Delay
 .text.HAL_GetREVID
                0x0000000008003efc       0x18 Drivers/STM32H7xx_HAL_Driver/Src/stm32h7xx_hal.o
                0x0000000008003efc                HAL_GetREVID
 .text.HAL_SYSCFG_AnalogSwitchConfig
                0x0000000008003f14       0x2c Drivers/STM32H7xx_HAL_Driver/Src/stm32h7xx_hal.o
                0x0000000008003f14                HAL_SYSCFG_AnalogSwitchConfig
 .text.LL_ADC_SetCommonClock
                0x0000000008003f40       0x26 Drivers/STM32H7xx_HAL_Driver/Src/stm32h7xx_hal_adc.o
 .text.LL_ADC_SetCommonPathInternalCh
                0x0000000008003f66       0x26 Drivers/STM32H7xx_HAL_Driver/Src/stm32h7xx_hal_adc.o
 .text.LL_ADC_GetCommonPathInternalCh
                0x0000000008003f8c       0x1c Drivers/STM32H7xx_HAL_Driver/Src/stm32h7xx_hal_adc.o
 .text.LL_ADC_SetOffset
                0x0000000008003fa8       0x3a Drivers/STM32H7xx_HAL_Driver/Src/stm32h7xx_hal_adc.o
 .text.LL_ADC_SetDataRightShift
                0x0000000008003fe2       0x32 Drivers/STM32H7xx_HAL_Driver/Src/stm32h7xx_hal_adc.o
 .text.LL_ADC_SetOffsetSignedSaturation
                0x0000000008004014       0x30 Drivers/STM32H7xx_HAL_Driver/Src/stm32h7xx_hal_adc.o
 .text.LL_ADC_REG_IsTriggerSourceSWStart
                0x0000000008004044       0x26 Drivers/STM32H7xx_HAL_Driver/Src/stm32h7xx_hal_adc.o
 .text.LL_ADC_REG_SetSequencerRanks
                0x000000000800406a       0x52 Drivers/STM32H7xx_HAL_Driver/Src/stm32h7xx_hal_adc.o
 .text.LL_ADC_REG_SetDataTransferMode
                0x00000000080040bc       0x26 Drivers/STM32H7xx_HAL_Driver/Src/stm32h7xx_hal_adc.o
 .text.LL_ADC_SetChannelSamplingTime
                0x00000000080040e2       0x50 Drivers/STM32H7xx_HAL_Driver/Src/stm32h7xx_hal_adc.o
 *fill*         0x0000000008004132        0x2 
 .text.LL_ADC_SetChannelSingleDiff
                0x0000000008004134       0x48 Drivers/STM32H7xx_HAL_Driver/Src/stm32h7xx_hal_adc.o
 .text.LL_ADC_GetMultimode
                0x000000000800417c       0x1c Drivers/STM32H7xx_HAL_Driver/Src/stm32h7xx_hal_adc.o
 .text.LL_ADC_DisableDeepPowerDown
                0x0000000008004198       0x24 Drivers/STM32H7xx_HAL_Driver/Src/stm32h7xx_hal_adc.o
 .text.LL_ADC_IsDeepPowerDownEnabled
                0x00000000080041bc       0x28 Drivers/STM32H7xx_HAL_Driver/Src/stm32h7xx_hal_adc.o
 .text.LL_ADC_EnableInternalRegulator
                0x00000000080041e4       0x28 Drivers/STM32H7xx_HAL_Driver/Src/stm32h7xx_hal_adc.o
 .text.LL_ADC_IsInternalRegulatorEnabled
                0x000000000800420c       0x28 Drivers/STM32H7xx_HAL_Driver/Src/stm32h7xx_hal_adc.o
 .text.LL_ADC_Enable
                0x0000000008004234       0x28 Drivers/STM32H7xx_HAL_Driver/Src/stm32h7xx_hal_adc.o
 .text.LL_ADC_IsEnabled
                0x000000000800425c       0x26 Drivers/STM32H7xx_HAL_Driver/Src/stm32h7xx_hal_adc.o
 *fill*         0x0000000008004282        0x2 
 .text.LL_ADC_REG_StartConversion
                0x0000000008004284       0x28 Drivers/STM32H7xx_HAL_Driver/Src/stm32h7xx_hal_adc.o
 .text.LL_ADC_REG_IsConversionOngoing
                0x00000000080042ac       0x26 Drivers/STM32H7xx_HAL_Driver/Src/stm32h7xx_hal_adc.o
 .text.LL_ADC_INJ_IsConversionOngoing
                0x00000000080042d2       0x26 Drivers/STM32H7xx_HAL_Driver/Src/stm32h7xx_hal_adc.o
 .text.HAL_ADC_Init
                0x00000000080042f8      0x340 Drivers/STM32H7xx_HAL_Driver/Src/stm32h7xx_hal_adc.o
                0x00000000080042f8                HAL_ADC_Init
 .text.HAL_ADC_Start_DMA
                0x0000000008004638      0x188 Drivers/STM32H7xx_HAL_Driver/Src/stm32h7xx_hal_adc.o
                0x0000000008004638                HAL_ADC_Start_DMA
 .text.HAL_ADC_ConvCpltCallback
                0x00000000080047c0       0x14 Drivers/STM32H7xx_HAL_Driver/Src/stm32h7xx_hal_adc.o
                0x00000000080047c0                HAL_ADC_ConvCpltCallback
 .text.HAL_ADC_ConvHalfCpltCallback
                0x00000000080047d4       0x14 Drivers/STM32H7xx_HAL_Driver/Src/stm32h7xx_hal_adc.o
                0x00000000080047d4                HAL_ADC_ConvHalfCpltCallback
 .text.HAL_ADC_ErrorCallback
                0x00000000080047e8       0x14 Drivers/STM32H7xx_HAL_Driver/Src/stm32h7xx_hal_adc.o
                0x00000000080047e8                HAL_ADC_ErrorCallback
 .text.HAL_ADC_ConfigChannel
                0x00000000080047fc      0x628 Drivers/STM32H7xx_HAL_Driver/Src/stm32h7xx_hal_adc.o
                0x00000000080047fc                HAL_ADC_ConfigChannel
 .text.ADC_Enable
                0x0000000008004e24      0x108 Drivers/STM32H7xx_HAL_Driver/Src/stm32h7xx_hal_adc.o
                0x0000000008004e24                ADC_Enable
 .text.ADC_DMAConvCplt
                0x0000000008004f2c       0xd8 Drivers/STM32H7xx_HAL_Driver/Src/stm32h7xx_hal_adc.o
                0x0000000008004f2c                ADC_DMAConvCplt
 .text.ADC_DMAHalfConvCplt
                0x0000000008005004       0x1c Drivers/STM32H7xx_HAL_Driver/Src/stm32h7xx_hal_adc.o
                0x0000000008005004                ADC_DMAHalfConvCplt
 .text.ADC_DMAError
                0x0000000008005020       0x34 Drivers/STM32H7xx_HAL_Driver/Src/stm32h7xx_hal_adc.o
                0x0000000008005020                ADC_DMAError
 .text.ADC_ConfigureBoostMode
                0x0000000008005054      0x1f0 Drivers/STM32H7xx_HAL_Driver/Src/stm32h7xx_hal_adc.o
                0x0000000008005054                ADC_ConfigureBoostMode
 .text.__NVIC_SetPriorityGrouping
                0x0000000008005244       0x48 Drivers/STM32H7xx_HAL_Driver/Src/stm32h7xx_hal_cortex.o
 .text.__NVIC_GetPriorityGrouping
                0x000000000800528c       0x1c Drivers/STM32H7xx_HAL_Driver/Src/stm32h7xx_hal_cortex.o
 .text.__NVIC_EnableIRQ
                0x00000000080052a8       0x3c Drivers/STM32H7xx_HAL_Driver/Src/stm32h7xx_hal_cortex.o
 .text.__NVIC_SetPriority
                0x00000000080052e4       0x54 Drivers/STM32H7xx_HAL_Driver/Src/stm32h7xx_hal_cortex.o
 .text.NVIC_EncodePriority
                0x0000000008005338       0x66 Drivers/STM32H7xx_HAL_Driver/Src/stm32h7xx_hal_cortex.o
 *fill*         0x000000000800539e        0x2 
 .text.SysTick_Config
                0x00000000080053a0       0x44 Drivers/STM32H7xx_HAL_Driver/Src/stm32h7xx_hal_cortex.o
 .text.HAL_NVIC_SetPriorityGrouping
                0x00000000080053e4       0x16 Drivers/STM32H7xx_HAL_Driver/Src/stm32h7xx_hal_cortex.o
                0x00000000080053e4                HAL_NVIC_SetPriorityGrouping
 .text.HAL_NVIC_SetPriority
                0x00000000080053fa       0x34 Drivers/STM32H7xx_HAL_Driver/Src/stm32h7xx_hal_cortex.o
                0x00000000080053fa                HAL_NVIC_SetPriority
 .text.HAL_NVIC_EnableIRQ
                0x000000000800542e       0x1c Drivers/STM32H7xx_HAL_Driver/Src/stm32h7xx_hal_cortex.o
                0x000000000800542e                HAL_NVIC_EnableIRQ
 .text.HAL_SYSTICK_Config
                0x000000000800544a       0x18 Drivers/STM32H7xx_HAL_Driver/Src/stm32h7xx_hal_cortex.o
                0x000000000800544a                HAL_SYSTICK_Config
 *fill*         0x0000000008005462        0x2 
 .text.HAL_DMA_Init
                0x0000000008005464      0x6b8 Drivers/STM32H7xx_HAL_Driver/Src/stm32h7xx_hal_dma.o
                0x0000000008005464                HAL_DMA_Init
 .text.HAL_DMA_Start_IT
                0x0000000008005b1c      0x4d4 Drivers/STM32H7xx_HAL_Driver/Src/stm32h7xx_hal_dma.o
                0x0000000008005b1c                HAL_DMA_Start_IT
 .text.HAL_DMA_Abort_IT
                0x0000000008005ff0      0x488 Drivers/STM32H7xx_HAL_Driver/Src/stm32h7xx_hal_dma.o
                0x0000000008005ff0                HAL_DMA_Abort_IT
 .text.HAL_DMA_IRQHandler
                0x0000000008006478      0xe54 Drivers/STM32H7xx_HAL_Driver/Src/stm32h7xx_hal_dma.o
                0x0000000008006478                HAL_DMA_IRQHandler
 .text.DMA_SetConfig
                0x00000000080072cc      0x358 Drivers/STM32H7xx_HAL_Driver/Src/stm32h7xx_hal_dma.o
 .text.DMA_CalcBaseAndBitshift
                0x0000000008007624      0x164 Drivers/STM32H7xx_HAL_Driver/Src/stm32h7xx_hal_dma.o
 .text.DMA_CheckFifoParam
                0x0000000008007788       0xf8 Drivers/STM32H7xx_HAL_Driver/Src/stm32h7xx_hal_dma.o
 .text.DMA_CalcDMAMUXChannelBaseAndMask
                0x0000000008007880      0x134 Drivers/STM32H7xx_HAL_Driver/Src/stm32h7xx_hal_dma.o
 .text.DMA_CalcDMAMUXRequestGenBaseAndMask
                0x00000000080079b4       0xe8 Drivers/STM32H7xx_HAL_Driver/Src/stm32h7xx_hal_dma.o
 .text.HAL_FLASH_Program
                0x0000000008007a9c      0x104 Drivers/STM32H7xx_HAL_Driver/Src/stm32h7xx_hal_flash.o
                0x0000000008007a9c                HAL_FLASH_Program
 .text.HAL_FLASH_Unlock
                0x0000000008007ba0       0x74 Drivers/STM32H7xx_HAL_Driver/Src/stm32h7xx_hal_flash.o
                0x0000000008007ba0                HAL_FLASH_Unlock
 .text.HAL_FLASH_Lock
                0x0000000008007c14       0x54 Drivers/STM32H7xx_HAL_Driver/Src/stm32h7xx_hal_flash.o
                0x0000000008007c14                HAL_FLASH_Lock
 .text.FLASH_WaitForLastOperation
                0x0000000008007c68      0x138 Drivers/STM32H7xx_HAL_Driver/Src/stm32h7xx_hal_flash.o
                0x0000000008007c68                FLASH_WaitForLastOperation
 .text.HAL_FLASHEx_Erase
                0x0000000008007da0      0x194 Drivers/STM32H7xx_HAL_Driver/Src/stm32h7xx_hal_flash_ex.o
                0x0000000008007da0                HAL_FLASHEx_Erase
 .text.FLASH_MassErase
                0x0000000008007f34       0xd4 Drivers/STM32H7xx_HAL_Driver/Src/stm32h7xx_hal_flash_ex.o
 .text.FLASH_Erase_Sector
                0x0000000008008008       0x7c Drivers/STM32H7xx_HAL_Driver/Src/stm32h7xx_hal_flash_ex.o
                0x0000000008008008                FLASH_Erase_Sector
 .text.HAL_GPIO_Init
                0x0000000008008084      0x360 Drivers/STM32H7xx_HAL_Driver/Src/stm32h7xx_hal_gpio.o
                0x0000000008008084                HAL_GPIO_Init
 .text.HAL_GPIO_ReadPin
                0x00000000080083e4       0x30 Drivers/STM32H7xx_HAL_Driver/Src/stm32h7xx_hal_gpio.o
                0x00000000080083e4                HAL_GPIO_ReadPin
 .text.HAL_GPIO_WritePin
                0x0000000008008414       0x32 Drivers/STM32H7xx_HAL_Driver/Src/stm32h7xx_hal_gpio.o
                0x0000000008008414                HAL_GPIO_WritePin
 .text.HAL_GPIO_TogglePin
                0x0000000008008446       0x36 Drivers/STM32H7xx_HAL_Driver/Src/stm32h7xx_hal_gpio.o
                0x0000000008008446                HAL_GPIO_TogglePin
 .text.HAL_PWREx_ConfigSupply
                0x000000000800847c       0x74 Drivers/STM32H7xx_HAL_Driver/Src/stm32h7xx_hal_pwr_ex.o
                0x000000000800847c                HAL_PWREx_ConfigSupply
 .text.HAL_RCC_OscConfig
                0x00000000080084f0      0x7b0 Drivers/STM32H7xx_HAL_Driver/Src/stm32h7xx_hal_rcc.o
                0x00000000080084f0                HAL_RCC_OscConfig
 .text.HAL_RCC_ClockConfig
                0x0000000008008ca0      0x36c Drivers/STM32H7xx_HAL_Driver/Src/stm32h7xx_hal_rcc.o
                0x0000000008008ca0                HAL_RCC_ClockConfig
 .text.HAL_RCC_GetSysClockFreq
                0x000000000800900c      0x2e4 Drivers/STM32H7xx_HAL_Driver/Src/stm32h7xx_hal_rcc.o
                0x000000000800900c                HAL_RCC_GetSysClockFreq
 .text.HAL_RCC_GetHCLKFreq
                0x00000000080092f0       0x60 Drivers/STM32H7xx_HAL_Driver/Src/stm32h7xx_hal_rcc.o
                0x00000000080092f0                HAL_RCC_GetHCLKFreq
 .text.HAL_RCC_GetPCLK1Freq
                0x0000000008009350       0x2c Drivers/STM32H7xx_HAL_Driver/Src/stm32h7xx_hal_rcc.o
                0x0000000008009350                HAL_RCC_GetPCLK1Freq
 .text.HAL_RCC_GetPCLK2Freq
                0x000000000800937c       0x2c Drivers/STM32H7xx_HAL_Driver/Src/stm32h7xx_hal_rcc.o
                0x000000000800937c                HAL_RCC_GetPCLK2Freq
 .text.HAL_RCCEx_PeriphCLKConfig
                0x00000000080093a8      0xdbc Drivers/STM32H7xx_HAL_Driver/Src/stm32h7xx_hal_rcc_ex.o
                0x00000000080093a8                HAL_RCCEx_PeriphCLKConfig
 .text.HAL_RCCEx_GetPeriphCLKFreq
                0x000000000800a164      0x4f0 Drivers/STM32H7xx_HAL_Driver/Src/stm32h7xx_hal_rcc_ex.o
                0x000000000800a164                HAL_RCCEx_GetPeriphCLKFreq
 .text.HAL_RCCEx_GetD3PCLK1Freq
                0x000000000800a654       0x2c Drivers/STM32H7xx_HAL_Driver/Src/stm32h7xx_hal_rcc_ex.o
                0x000000000800a654                HAL_RCCEx_GetD3PCLK1Freq
 .text.HAL_RCCEx_GetPLL2ClockFreq
                0x000000000800a680      0x298 Drivers/STM32H7xx_HAL_Driver/Src/stm32h7xx_hal_rcc_ex.o
                0x000000000800a680                HAL_RCCEx_GetPLL2ClockFreq
 .text.HAL_RCCEx_GetPLL3ClockFreq
                0x000000000800a918      0x298 Drivers/STM32H7xx_HAL_Driver/Src/stm32h7xx_hal_rcc_ex.o
                0x000000000800a918                HAL_RCCEx_GetPLL3ClockFreq
 .text.HAL_RCCEx_GetPLL1ClockFreq
                0x000000000800abb0      0x298 Drivers/STM32H7xx_HAL_Driver/Src/stm32h7xx_hal_rcc_ex.o
                0x000000000800abb0                HAL_RCCEx_GetPLL1ClockFreq
 .text.RCCEx_PLL2_Config
                0x000000000800ae48      0x164 Drivers/STM32H7xx_HAL_Driver/Src/stm32h7xx_hal_rcc_ex.o
 .text.RCCEx_PLL3_Config
                0x000000000800afac      0x164 Drivers/STM32H7xx_HAL_Driver/Src/stm32h7xx_hal_rcc_ex.o
 .text.HAL_TIM_Base_Init
                0x000000000800b110       0x56 Drivers/STM32H7xx_HAL_Driver/Src/stm32h7xx_hal_tim.o
                0x000000000800b110                HAL_TIM_Base_Init
 *fill*         0x000000000800b166        0x2 
 .text.HAL_TIM_Base_Start_IT
                0x000000000800b168       0x54 Drivers/STM32H7xx_HAL_Driver/Src/stm32h7xx_hal_tim.o
                0x000000000800b168                HAL_TIM_Base_Start_IT
 .text.HAL_TIM_IRQHandler
                0x000000000800b1bc      0x23e Drivers/STM32H7xx_HAL_Driver/Src/stm32h7xx_hal_tim.o
                0x000000000800b1bc                HAL_TIM_IRQHandler
 .text.HAL_TIM_OC_DelayElapsedCallback
                0x000000000800b3fa       0x14 Drivers/STM32H7xx_HAL_Driver/Src/stm32h7xx_hal_tim.o
                0x000000000800b3fa                HAL_TIM_OC_DelayElapsedCallback
 .text.HAL_TIM_IC_CaptureCallback
                0x000000000800b40e       0x14 Drivers/STM32H7xx_HAL_Driver/Src/stm32h7xx_hal_tim.o
                0x000000000800b40e                HAL_TIM_IC_CaptureCallback
 .text.HAL_TIM_PWM_PulseFinishedCallback
                0x000000000800b422       0x14 Drivers/STM32H7xx_HAL_Driver/Src/stm32h7xx_hal_tim.o
                0x000000000800b422                HAL_TIM_PWM_PulseFinishedCallback
 .text.HAL_TIM_TriggerCallback
                0x000000000800b436       0x14 Drivers/STM32H7xx_HAL_Driver/Src/stm32h7xx_hal_tim.o
                0x000000000800b436                HAL_TIM_TriggerCallback
 *fill*         0x000000000800b44a        0x2 
 .text.TIM_Base_SetConfig
                0x000000000800b44c      0x134 Drivers/STM32H7xx_HAL_Driver/Src/stm32h7xx_hal_tim.o
                0x000000000800b44c                TIM_Base_SetConfig
 .text.HAL_TIMEx_MasterConfigSynchronization
                0x000000000800b580      0x110 Drivers/STM32H7xx_HAL_Driver/Src/stm32h7xx_hal_tim_ex.o
                0x000000000800b580                HAL_TIMEx_MasterConfigSynchronization
 .text.HAL_TIMEx_CommutCallback
                0x000000000800b690       0x14 Drivers/STM32H7xx_HAL_Driver/Src/stm32h7xx_hal_tim_ex.o
                0x000000000800b690                HAL_TIMEx_CommutCallback
 .text.HAL_TIMEx_BreakCallback
                0x000000000800b6a4       0x14 Drivers/STM32H7xx_HAL_Driver/Src/stm32h7xx_hal_tim_ex.o
                0x000000000800b6a4                HAL_TIMEx_BreakCallback
 .text.HAL_TIMEx_Break2Callback
                0x000000000800b6b8       0x14 Drivers/STM32H7xx_HAL_Driver/Src/stm32h7xx_hal_tim_ex.o
                0x000000000800b6b8                HAL_TIMEx_Break2Callback
 .text.HAL_UART_Init
                0x000000000800b6cc       0xa0 Drivers/STM32H7xx_HAL_Driver/Src/stm32h7xx_hal_uart.o
                0x000000000800b6cc                HAL_UART_Init
 .text.HAL_UART_Transmit
                0x000000000800b76c      0x12c Drivers/STM32H7xx_HAL_Driver/Src/stm32h7xx_hal_uart.o
                0x000000000800b76c                HAL_UART_Transmit
 .text.HAL_UART_Transmit_IT
                0x000000000800b898      0x108 Drivers/STM32H7xx_HAL_Driver/Src/stm32h7xx_hal_uart.o
                0x000000000800b898                HAL_UART_Transmit_IT
 .text.HAL_UART_Receive_IT
                0x000000000800b9a0      0x1b0 Drivers/STM32H7xx_HAL_Driver/Src/stm32h7xx_hal_uart.o
                0x000000000800b9a0                HAL_UART_Receive_IT
 .text.HAL_UART_Receive_DMA
                0x000000000800bb50      0x110 Drivers/STM32H7xx_HAL_Driver/Src/stm32h7xx_hal_uart.o
                0x000000000800bb50                HAL_UART_Receive_DMA
 .text.HAL_UART_IRQHandler
                0x000000000800bc60      0x300 Drivers/STM32H7xx_HAL_Driver/Src/stm32h7xx_hal_uart.o
                0x000000000800bc60                HAL_UART_IRQHandler
 .text.HAL_UART_RxHalfCpltCallback
                0x000000000800bf60       0x14 Drivers/STM32H7xx_HAL_Driver/Src/stm32h7xx_hal_uart.o
                0x000000000800bf60                HAL_UART_RxHalfCpltCallback
 .text.HAL_UART_ErrorCallback
                0x000000000800bf74       0x14 Drivers/STM32H7xx_HAL_Driver/Src/stm32h7xx_hal_uart.o
                0x000000000800bf74                HAL_UART_ErrorCallback
 .text.UART_SetConfig
                0x000000000800bf88     0x22fc Drivers/STM32H7xx_HAL_Driver/Src/stm32h7xx_hal_uart.o
                0x000000000800bf88                UART_SetConfig
 .text.UART_AdvFeatureConfig
                0x000000000800e284      0x144 Drivers/STM32H7xx_HAL_Driver/Src/stm32h7xx_hal_uart.o
                0x000000000800e284                UART_AdvFeatureConfig
 .text.UART_CheckIdleState
                0x000000000800e3c8       0x90 Drivers/STM32H7xx_HAL_Driver/Src/stm32h7xx_hal_uart.o
                0x000000000800e3c8                UART_CheckIdleState
 .text.UART_WaitOnFlagUntilTimeout
                0x000000000800e458      0x100 Drivers/STM32H7xx_HAL_Driver/Src/stm32h7xx_hal_uart.o
                0x000000000800e458                UART_WaitOnFlagUntilTimeout
 .text.UART_EndTxTransfer
                0x000000000800e558       0x3c Drivers/STM32H7xx_HAL_Driver/Src/stm32h7xx_hal_uart.o
 .text.UART_EndRxTransfer
                0x000000000800e594       0x48 Drivers/STM32H7xx_HAL_Driver/Src/stm32h7xx_hal_uart.o
 .text.UART_DMAReceiveCplt
                0x000000000800e5dc       0x66 Drivers/STM32H7xx_HAL_Driver/Src/stm32h7xx_hal_uart.o
 .text.UART_DMARxHalfCplt
                0x000000000800e642       0x1c Drivers/STM32H7xx_HAL_Driver/Src/stm32h7xx_hal_uart.o
 .text.UART_DMAError
                0x000000000800e65e       0x80 Drivers/STM32H7xx_HAL_Driver/Src/stm32h7xx_hal_uart.o
 .text.UART_DMAAbortOnError
                0x000000000800e6de       0x2c Drivers/STM32H7xx_HAL_Driver/Src/stm32h7xx_hal_uart.o
 .text.UART_TxISR_8BIT
                0x000000000800e70a       0x74 Drivers/STM32H7xx_HAL_Driver/Src/stm32h7xx_hal_uart.o
 .text.UART_TxISR_16BIT
                0x000000000800e77e       0x7e Drivers/STM32H7xx_HAL_Driver/Src/stm32h7xx_hal_uart.o
 .text.UART_TxISR_8BIT_FIFOEN
                0x000000000800e7fc       0x9a Drivers/STM32H7xx_HAL_Driver/Src/stm32h7xx_hal_uart.o
 .text.UART_TxISR_16BIT_FIFOEN
                0x000000000800e896       0xa4 Drivers/STM32H7xx_HAL_Driver/Src/stm32h7xx_hal_uart.o
 .text.UART_EndTransmit_IT
                0x000000000800e93a       0x34 Drivers/STM32H7xx_HAL_Driver/Src/stm32h7xx_hal_uart.o
 .text.UART_RxISR_8BIT
                0x000000000800e96e       0xaa Drivers/STM32H7xx_HAL_Driver/Src/stm32h7xx_hal_uart.o
 .text.UART_RxISR_16BIT
                0x000000000800ea18       0xaa Drivers/STM32H7xx_HAL_Driver/Src/stm32h7xx_hal_uart.o
 *fill*         0x000000000800eac2        0x2 
 .text.UART_RxISR_8BIT_FIFOEN
                0x000000000800eac4      0x108 Drivers/STM32H7xx_HAL_Driver/Src/stm32h7xx_hal_uart.o
 .text.UART_RxISR_16BIT_FIFOEN
                0x000000000800ebcc      0x108 Drivers/STM32H7xx_HAL_Driver/Src/stm32h7xx_hal_uart.o
 .text.HAL_UARTEx_WakeupCallback
                0x000000000800ecd4       0x14 Drivers/STM32H7xx_HAL_Driver/Src/stm32h7xx_hal_uart_ex.o
                0x000000000800ecd4                HAL_UARTEx_WakeupCallback
 .text.HAL_UARTEx_RxFifoFullCallback
                0x000000000800ece8       0x14 Drivers/STM32H7xx_HAL_Driver/Src/stm32h7xx_hal_uart_ex.o
                0x000000000800ece8                HAL_UARTEx_RxFifoFullCallback
 .text.HAL_UARTEx_TxFifoEmptyCallback
                0x000000000800ecfc       0x14 Drivers/STM32H7xx_HAL_Driver/Src/stm32h7xx_hal_uart_ex.o
                0x000000000800ecfc                HAL_UARTEx_TxFifoEmptyCallback
 .text.HAL_UARTEx_DisableFifoMode
                0x000000000800ed10       0x72 Drivers/STM32H7xx_HAL_Driver/Src/stm32h7xx_hal_uart_ex.o
                0x000000000800ed10                HAL_UARTEx_DisableFifoMode
 .text.HAL_UARTEx_SetTxFifoThreshold
                0x000000000800ed82       0x7c Drivers/STM32H7xx_HAL_Driver/Src/stm32h7xx_hal_uart_ex.o
                0x000000000800ed82                HAL_UARTEx_SetTxFifoThreshold
 .text.HAL_UARTEx_SetRxFifoThreshold
                0x000000000800edfe       0x7c Drivers/STM32H7xx_HAL_Driver/Src/stm32h7xx_hal_uart_ex.o
                0x000000000800edfe                HAL_UARTEx_SetRxFifoThreshold
 *fill*         0x000000000800ee7a        0x2 
 .text.UARTEx_SetNbDataToProcess
                0x000000000800ee7c       0xd0 Drivers/STM32H7xx_HAL_Driver/Src/stm32h7xx_hal_uart_ex.o
 .text.__errno  0x000000000800ef4c        0xc d:/st/stm32cubeide_1.1.0/stm32cubeide/plugins/com.st.stm32cube.ide.mcu.externaltools.gnu-tools-for-stm32.7-2018-q2-update.win32_1.0.0.201904181610/tools/bin/../lib/gcc/arm-none-eabi/7.3.1/../../../../arm-none-eabi/lib/thumb/v7e-m/fpv5/hard\libc_nano.a(lib_a-errno.o)
                0x000000000800ef4c                __errno
 .text.__libc_init_array
                0x000000000800ef58       0x48 d:/st/stm32cubeide_1.1.0/stm32cubeide/plugins/com.st.stm32cube.ide.mcu.externaltools.gnu-tools-for-stm32.7-2018-q2-update.win32_1.0.0.201904181610/tools/bin/../lib/gcc/arm-none-eabi/7.3.1/../../../../arm-none-eabi/lib/thumb/v7e-m/fpv5/hard\libc_nano.a(lib_a-init.o)
                0x000000000800ef58                __libc_init_array
 .text.memset   0x000000000800efa0       0x10 d:/st/stm32cubeide_1.1.0/stm32cubeide/plugins/com.st.stm32cube.ide.mcu.externaltools.gnu-tools-for-stm32.7-2018-q2-update.win32_1.0.0.201904181610/tools/bin/../lib/gcc/arm-none-eabi/7.3.1/../../../../arm-none-eabi/lib/thumb/v7e-m/fpv5/hard\libc_nano.a(lib_a-memset.o)
                0x000000000800efa0                memset
 .text.sprintf  0x000000000800efb0       0x40 d:/st/stm32cubeide_1.1.0/stm32cubeide/plugins/com.st.stm32cube.ide.mcu.externaltools.gnu-tools-for-stm32.7-2018-q2-update.win32_1.0.0.201904181610/tools/bin/../lib/gcc/arm-none-eabi/7.3.1/../../../../arm-none-eabi/lib/thumb/v7e-m/fpv5/hard\libc_nano.a(lib_a-sprintf.o)
                0x000000000800efb0                siprintf
                0x000000000800efb0                sprintf
 .text.__ssputs_r
                0x000000000800eff0       0xb4 d:/st/stm32cubeide_1.1.0/stm32cubeide/plugins/com.st.stm32cube.ide.mcu.externaltools.gnu-tools-for-stm32.7-2018-q2-update.win32_1.0.0.201904181610/tools/bin/../lib/gcc/arm-none-eabi/7.3.1/../../../../arm-none-eabi/lib/thumb/v7e-m/fpv5/hard\libc_nano.a(lib_a-nano-svfprintf.o)
                0x000000000800eff0                __ssputs_r
 .text._svfprintf_r
                0x000000000800f0a4      0x1f0 d:/st/stm32cubeide_1.1.0/stm32cubeide/plugins/com.st.stm32cube.ide.mcu.externaltools.gnu-tools-for-stm32.7-2018-q2-update.win32_1.0.0.201904181610/tools/bin/../lib/gcc/arm-none-eabi/7.3.1/../../../../arm-none-eabi/lib/thumb/v7e-m/fpv5/hard\libc_nano.a(lib_a-nano-svfprintf.o)
                0x000000000800f0a4                _svfiprintf_r
                0x000000000800f0a4                _svfprintf_r
 .text._printf_common
                0x000000000800f294       0xea d:/st/stm32cubeide_1.1.0/stm32cubeide/plugins/com.st.stm32cube.ide.mcu.externaltools.gnu-tools-for-stm32.7-2018-q2-update.win32_1.0.0.201904181610/tools/bin/../lib/gcc/arm-none-eabi/7.3.1/../../../../arm-none-eabi/lib/thumb/v7e-m/fpv5/hard\libc_nano.a(lib_a-nano-vfprintf_i.o)
                0x000000000800f294                _printf_common
 *fill*         0x000000000800f37e        0x2 
 .text._printf_i
                0x000000000800f380      0x224 d:/st/stm32cubeide_1.1.0/stm32cubeide/plugins/com.st.stm32cube.ide.mcu.externaltools.gnu-tools-for-stm32.7-2018-q2-update.win32_1.0.0.201904181610/tools/bin/../lib/gcc/arm-none-eabi/7.3.1/../../../../arm-none-eabi/lib/thumb/v7e-m/fpv5/hard\libc_nano.a(lib_a-nano-vfprintf_i.o)
                0x000000000800f380                _printf_i
 .text.memcpy   0x000000000800f5a4       0x16 d:/st/stm32cubeide_1.1.0/stm32cubeide/plugins/com.st.stm32cube.ide.mcu.externaltools.gnu-tools-for-stm32.7-2018-q2-update.win32_1.0.0.201904181610/tools/bin/../lib/gcc/arm-none-eabi/7.3.1/../../../../arm-none-eabi/lib/thumb/v7e-m/fpv5/hard\libc_nano.a(lib_a-memcpy-stub.o)
                0x000000000800f5a4                memcpy
 .text.memmove  0x000000000800f5ba       0x32 d:/st/stm32cubeide_1.1.0/stm32cubeide/plugins/com.st.stm32cube.ide.mcu.externaltools.gnu-tools-for-stm32.7-2018-q2-update.win32_1.0.0.201904181610/tools/bin/../lib/gcc/arm-none-eabi/7.3.1/../../../../arm-none-eabi/lib/thumb/v7e-m/fpv5/hard\libc_nano.a(lib_a-memmove.o)
                0x000000000800f5ba                memmove
 .text._free_r  0x000000000800f5ec       0x9c d:/st/stm32cubeide_1.1.0/stm32cubeide/plugins/com.st.stm32cube.ide.mcu.externaltools.gnu-tools-for-stm32.7-2018-q2-update.win32_1.0.0.201904181610/tools/bin/../lib/gcc/arm-none-eabi/7.3.1/../../../../arm-none-eabi/lib/thumb/v7e-m/fpv5/hard\libc_nano.a(lib_a-nano-freer.o)
                0x000000000800f5ec                _free_r
 .text._malloc_r
                0x000000000800f688       0xb4 d:/st/stm32cubeide_1.1.0/stm32cubeide/plugins/com.st.stm32cube.ide.mcu.externaltools.gnu-tools-for-stm32.7-2018-q2-update.win32_1.0.0.201904181610/tools/bin/../lib/gcc/arm-none-eabi/7.3.1/../../../../arm-none-eabi/lib/thumb/v7e-m/fpv5/hard\libc_nano.a(lib_a-nano-mallocr.o)
                0x000000000800f688                _malloc_r
 .text._realloc_r
                0x000000000800f73c       0x4c d:/st/stm32cubeide_1.1.0/stm32cubeide/plugins/com.st.stm32cube.ide.mcu.externaltools.gnu-tools-for-stm32.7-2018-q2-update.win32_1.0.0.201904181610/tools/bin/../lib/gcc/arm-none-eabi/7.3.1/../../../../arm-none-eabi/lib/thumb/v7e-m/fpv5/hard\libc_nano.a(lib_a-nano-reallocr.o)
                0x000000000800f73c                _realloc_r
 .text._sbrk_r  0x000000000800f788       0x20 d:/st/stm32cubeide_1.1.0/stm32cubeide/plugins/com.st.stm32cube.ide.mcu.externaltools.gnu-tools-for-stm32.7-2018-q2-update.win32_1.0.0.201904181610/tools/bin/../lib/gcc/arm-none-eabi/7.3.1/../../../../arm-none-eabi/lib/thumb/v7e-m/fpv5/hard\libc_nano.a(lib_a-sbrkr.o)
                0x000000000800f788                _sbrk_r
 .text.__malloc_lock
                0x000000000800f7a8        0x2 d:/st/stm32cubeide_1.1.0/stm32cubeide/plugins/com.st.stm32cube.ide.mcu.externaltools.gnu-tools-for-stm32.7-2018-q2-update.win32_1.0.0.201904181610/tools/bin/../lib/gcc/arm-none-eabi/7.3.1/../../../../arm-none-eabi/lib/thumb/v7e-m/fpv5/hard\libc_nano.a(lib_a-mlock.o)
                0x000000000800f7a8                __malloc_lock
 .text.__malloc_unlock
                0x000000000800f7aa        0x2 d:/st/stm32cubeide_1.1.0/stm32cubeide/plugins/com.st.stm32cube.ide.mcu.externaltools.gnu-tools-for-stm32.7-2018-q2-update.win32_1.0.0.201904181610/tools/bin/../lib/gcc/arm-none-eabi/7.3.1/../../../../arm-none-eabi/lib/thumb/v7e-m/fpv5/hard\libc_nano.a(lib_a-mlock.o)
                0x000000000800f7aa                __malloc_unlock
 .text._malloc_usable_size_r
                0x000000000800f7ac       0x10 d:/st/stm32cubeide_1.1.0/stm32cubeide/plugins/com.st.stm32cube.ide.mcu.externaltools.gnu-tools-for-stm32.7-2018-q2-update.win32_1.0.0.201904181610/tools/bin/../lib/gcc/arm-none-eabi/7.3.1/../../../../arm-none-eabi/lib/thumb/v7e-m/fpv5/hard\libc_nano.a(lib_a-nano-msizer.o)
                0x000000000800f7ac                _malloc_usable_size_r
 *fill*         0x000000000800f7bc        0x4 
 .text.cos      0x000000000800f7c0       0x78 d:/st/stm32cubeide_1.1.0/stm32cubeide/plugins/com.st.stm32cube.ide.mcu.externaltools.gnu-tools-for-stm32.7-2018-q2-update.win32_1.0.0.201904181610/tools/bin/../lib/gcc/arm-none-eabi/7.3.1/../../../../arm-none-eabi/lib/thumb/v7e-m/fpv5/hard\libm.a(lib_a-s_cos.o)
                0x000000000800f7c0                cos
 .text.atan2    0x000000000800f838        0x4 d:/st/stm32cubeide_1.1.0/stm32cubeide/plugins/com.st.stm32cube.ide.mcu.externaltools.gnu-tools-for-stm32.7-2018-q2-update.win32_1.0.0.201904181610/tools/bin/../lib/gcc/arm-none-eabi/7.3.1/../../../../arm-none-eabi/lib/thumb/v7e-m/fpv5/hard\libm.a(lib_a-w_atan2.o)
                0x000000000800f838                atan2
 *fill*         0x000000000800f83c        0x4 
 .text.sqrt     0x000000000800f840       0x98 d:/st/stm32cubeide_1.1.0/stm32cubeide/plugins/com.st.stm32cube.ide.mcu.externaltools.gnu-tools-for-stm32.7-2018-q2-update.win32_1.0.0.201904181610/tools/bin/../lib/gcc/arm-none-eabi/7.3.1/../../../../arm-none-eabi/lib/thumb/v7e-m/fpv5/hard\libm.a(lib_a-w_sqrt.o)
                0x000000000800f840                sqrt
 .text.__ieee754_atan2
                0x000000000800f8d8      0x1c4 d:/st/stm32cubeide_1.1.0/stm32cubeide/plugins/com.st.stm32cube.ide.mcu.externaltools.gnu-tools-for-stm32.7-2018-q2-update.win32_1.0.0.201904181610/tools/bin/../lib/gcc/arm-none-eabi/7.3.1/../../../../arm-none-eabi/lib/thumb/v7e-m/fpv5/hard\libm.a(lib_a-e_atan2.o)
                0x000000000800f8d8                __ieee754_atan2
 *fill*         0x000000000800fa9c        0x4 
 .text.__ieee754_rem_pio2
                0x000000000800faa0      0x278 d:/st/stm32cubeide_1.1.0/stm32cubeide/plugins/com.st.stm32cube.ide.mcu.externaltools.gnu-tools-for-stm32.7-2018-q2-update.win32_1.0.0.201904181610/tools/bin/../lib/gcc/arm-none-eabi/7.3.1/../../../../arm-none-eabi/lib/thumb/v7e-m/fpv5/hard\libm.a(lib_a-e_rem_pio2.o)
                0x000000000800faa0                __ieee754_rem_pio2
 .text.__ieee754_sqrt
                0x000000000800fd18        0x6 d:/st/stm32cubeide_1.1.0/stm32cubeide/plugins/com.st.stm32cube.ide.mcu.externaltools.gnu-tools-for-stm32.7-2018-q2-update.win32_1.0.0.201904181610/tools/bin/../lib/gcc/arm-none-eabi/7.3.1/../../../../arm-none-eabi/lib/thumb/v7e-m/fpv5/hard\libm.a(lib_a-e_sqrt.o)
                0x000000000800fd18                __ieee754_sqrt
 *fill*         0x000000000800fd1e        0x2 
 .text.__kernel_cos
                0x000000000800fd20       0xd8 d:/st/stm32cubeide_1.1.0/stm32cubeide/plugins/com.st.stm32cube.ide.mcu.externaltools.gnu-tools-for-stm32.7-2018-q2-update.win32_1.0.0.201904181610/tools/bin/../lib/gcc/arm-none-eabi/7.3.1/../../../../arm-none-eabi/lib/thumb/v7e-m/fpv5/hard\libm.a(lib_a-k_cos.o)
                0x000000000800fd20                __kernel_cos
 .text.__kernel_rem_pio2
                0x000000000800fdf8      0x538 d:/st/stm32cubeide_1.1.0/stm32cubeide/plugins/com.st.stm32cube.ide.mcu.externaltools.gnu-tools-for-stm32.7-2018-q2-update.win32_1.0.0.201904181610/tools/bin/../lib/gcc/arm-none-eabi/7.3.1/../../../../arm-none-eabi/lib/thumb/v7e-m/fpv5/hard\libm.a(lib_a-k_rem_pio2.o)
                0x000000000800fdf8                __kernel_rem_pio2
 .text.__kernel_sin
                0x0000000008010330       0xb0 d:/st/stm32cubeide_1.1.0/stm32cubeide/plugins/com.st.stm32cube.ide.mcu.externaltools.gnu-tools-for-stm32.7-2018-q2-update.win32_1.0.0.201904181610/tools/bin/../lib/gcc/arm-none-eabi/7.3.1/../../../../arm-none-eabi/lib/thumb/v7e-m/fpv5/hard\libm.a(lib_a-k_sin.o)
                0x0000000008010330                __kernel_sin
 .text.atan     0x00000000080103e0      0x1f4 d:/st/stm32cubeide_1.1.0/stm32cubeide/plugins/com.st.stm32cube.ide.mcu.externaltools.gnu-tools-for-stm32.7-2018-q2-update.win32_1.0.0.201904181610/tools/bin/../lib/gcc/arm-none-eabi/7.3.1/../../../../arm-none-eabi/lib/thumb/v7e-m/fpv5/hard\libm.a(lib_a-s_atan.o)
                0x00000000080103e0                atan
 .text.fabs     0x00000000080105d4       0x12 d:/st/stm32cubeide_1.1.0/stm32cubeide/plugins/com.st.stm32cube.ide.mcu.externaltools.gnu-tools-for-stm32.7-2018-q2-update.win32_1.0.0.201904181610/tools/bin/../lib/gcc/arm-none-eabi/7.3.1/../../../../arm-none-eabi/lib/thumb/v7e-m/fpv5/hard\libm.a(lib_a-s_fabs.o)
                0x00000000080105d4                fabs
 *fill*         0x00000000080105e6        0x2 
 .text.floor    0x00000000080105e8       0xf0 d:/st/stm32cubeide_1.1.0/stm32cubeide/plugins/com.st.stm32cube.ide.mcu.externaltools.gnu-tools-for-stm32.7-2018-q2-update.win32_1.0.0.201904181610/tools/bin/../lib/gcc/arm-none-eabi/7.3.1/../../../../arm-none-eabi/lib/thumb/v7e-m/fpv5/hard\libm.a(lib_a-s_floor.o)
                0x00000000080105e8                floor
 .text.matherr  0x00000000080106d8        0x4 d:/st/stm32cubeide_1.1.0/stm32cubeide/plugins/com.st.stm32cube.ide.mcu.externaltools.gnu-tools-for-stm32.7-2018-q2-update.win32_1.0.0.201904181610/tools/bin/../lib/gcc/arm-none-eabi/7.3.1/../../../../arm-none-eabi/lib/thumb/v7e-m/fpv5/hard\libm.a(lib_a-s_matherr.o)
                0x00000000080106d8                matherr
 *fill*         0x00000000080106dc        0x4 
 .text.scalbn   0x00000000080106e0       0xfc d:/st/stm32cubeide_1.1.0/stm32cubeide/plugins/com.st.stm32cube.ide.mcu.externaltools.gnu-tools-for-stm32.7-2018-q2-update.win32_1.0.0.201904181610/tools/bin/../lib/gcc/arm-none-eabi/7.3.1/../../../../arm-none-eabi/lib/thumb/v7e-m/fpv5/hard\libm.a(lib_a-s_scalbn.o)
                0x00000000080106e0                scalbn
 .text.copysign
                0x00000000080107dc       0x1e d:/st/stm32cubeide_1.1.0/stm32cubeide/plugins/com.st.stm32cube.ide.mcu.externaltools.gnu-tools-for-stm32.7-2018-q2-update.win32_1.0.0.201904181610/tools/bin/../lib/gcc/arm-none-eabi/7.3.1/../../../../arm-none-eabi/lib/thumb/v7e-m/fpv5/hard\libm.a(lib_a-s_copysign.o)
                0x00000000080107dc                copysign
 *(.glue_7)
 .glue_7        0x00000000080107fa        0x0 linker stubs
 *(.glue_7t)
 .glue_7t       0x00000000080107fa        0x0 linker stubs
 *(.eh_frame)
 *fill*         0x00000000080107fa        0x2 
 .eh_frame      0x00000000080107fc        0x0 d:/st/stm32cubeide_1.1.0/stm32cubeide/plugins/com.st.stm32cube.ide.mcu.externaltools.gnu-tools-for-stm32.7-2018-q2-update.win32_1.0.0.201904181610/tools/bin/../lib/gcc/arm-none-eabi/7.3.1/thumb/v7e-m/fpv5/hard/crtbegin.o
 *(.init)
 .init          0x00000000080107fc        0x4 d:/st/stm32cubeide_1.1.0/stm32cubeide/plugins/com.st.stm32cube.ide.mcu.externaltools.gnu-tools-for-stm32.7-2018-q2-update.win32_1.0.0.201904181610/tools/bin/../lib/gcc/arm-none-eabi/7.3.1/thumb/v7e-m/fpv5/hard/crti.o
                0x00000000080107fc                _init
 .init          0x0000000008010800        0x8 d:/st/stm32cubeide_1.1.0/stm32cubeide/plugins/com.st.stm32cube.ide.mcu.externaltools.gnu-tools-for-stm32.7-2018-q2-update.win32_1.0.0.201904181610/tools/bin/../lib/gcc/arm-none-eabi/7.3.1/thumb/v7e-m/fpv5/hard/crtn.o
 *(.fini)
 .fini          0x0000000008010808        0x4 d:/st/stm32cubeide_1.1.0/stm32cubeide/plugins/com.st.stm32cube.ide.mcu.externaltools.gnu-tools-for-stm32.7-2018-q2-update.win32_1.0.0.201904181610/tools/bin/../lib/gcc/arm-none-eabi/7.3.1/thumb/v7e-m/fpv5/hard/crti.o
                0x0000000008010808                _fini
 .fini          0x000000000801080c        0x8 d:/st/stm32cubeide_1.1.0/stm32cubeide/plugins/com.st.stm32cube.ide.mcu.externaltools.gnu-tools-for-stm32.7-2018-q2-update.win32_1.0.0.201904181610/tools/bin/../lib/gcc/arm-none-eabi/7.3.1/thumb/v7e-m/fpv5/hard/crtn.o
                0x0000000008010814                . = ALIGN (0x4)
                0x0000000008010814                _etext = .

.vfp11_veneer   0x0000000008010814        0x0
 .vfp11_veneer  0x0000000008010814        0x0 linker stubs

.v4_bx          0x0000000008010814        0x0
 .v4_bx         0x0000000008010814        0x0 linker stubs

.iplt           0x0000000008010814        0x0
 .iplt          0x0000000008010814        0x0 d:/st/stm32cubeide_1.1.0/stm32cubeide/plugins/com.st.stm32cube.ide.mcu.externaltools.gnu-tools-for-stm32.7-2018-q2-update.win32_1.0.0.201904181610/tools/bin/../lib/gcc/arm-none-eabi/7.3.1/thumb/v7e-m/fpv5/hard/crtbegin.o

.rodata         0x0000000008010818      0x328
                0x0000000008010818                . = ALIGN (0x4)
 *(.rodata)
 .rodata        0x0000000008010818       0xae Core/Src/main.o
 *fill*         0x00000000080108c6        0x2 
 .rodata        0x00000000080108c8       0x10 Drivers/STM32H7xx_HAL_Driver/Src/stm32h7xx_hal_uart_ex.o
 *(.rodata*)
 .rodata.D1CorePrescTable
                0x00000000080108d8       0x10 Core/Src/system_stm32h7xx.o
                0x00000000080108d8                D1CorePrescTable
 .rodata.flagBitshiftOffset.11601
                0x00000000080108e8        0x8 Drivers/STM32H7xx_HAL_Driver/Src/stm32h7xx_hal_dma.o
 .rodata._svfprintf_r.str1.1
                0x00000000080108f0       0x11 d:/st/stm32cubeide_1.1.0/stm32cubeide/plugins/com.st.stm32cube.ide.mcu.externaltools.gnu-tools-for-stm32.7-2018-q2-update.win32_1.0.0.201904181610/tools/bin/../lib/gcc/arm-none-eabi/7.3.1/../../../../arm-none-eabi/lib/thumb/v7e-m/fpv5/hard\libc_nano.a(lib_a-nano-svfprintf.o)
 .rodata._printf_i.str1.1
                0x0000000008010901       0x22 d:/st/stm32cubeide_1.1.0/stm32cubeide/plugins/com.st.stm32cube.ide.mcu.externaltools.gnu-tools-for-stm32.7-2018-q2-update.win32_1.0.0.201904181610/tools/bin/../lib/gcc/arm-none-eabi/7.3.1/../../../../arm-none-eabi/lib/thumb/v7e-m/fpv5/hard\libc_nano.a(lib_a-nano-vfprintf_i.o)
 .rodata.sqrt.str1.1
                0x0000000008010923        0x5 d:/st/stm32cubeide_1.1.0/stm32cubeide/plugins/com.st.stm32cube.ide.mcu.externaltools.gnu-tools-for-stm32.7-2018-q2-update.win32_1.0.0.201904181610/tools/bin/../lib/gcc/arm-none-eabi/7.3.1/../../../../arm-none-eabi/lib/thumb/v7e-m/fpv5/hard\libm.a(lib_a-w_sqrt.o)
 .rodata.npio2_hw
                0x0000000008010928       0x80 d:/st/stm32cubeide_1.1.0/stm32cubeide/plugins/com.st.stm32cube.ide.mcu.externaltools.gnu-tools-for-stm32.7-2018-q2-update.win32_1.0.0.201904181610/tools/bin/../lib/gcc/arm-none-eabi/7.3.1/../../../../arm-none-eabi/lib/thumb/v7e-m/fpv5/hard\libm.a(lib_a-e_rem_pio2.o)
 .rodata.two_over_pi
                0x00000000080109a8      0x108 d:/st/stm32cubeide_1.1.0/stm32cubeide/plugins/com.st.stm32cube.ide.mcu.externaltools.gnu-tools-for-stm32.7-2018-q2-update.win32_1.0.0.201904181610/tools/bin/../lib/gcc/arm-none-eabi/7.3.1/../../../../arm-none-eabi/lib/thumb/v7e-m/fpv5/hard\libm.a(lib_a-e_rem_pio2.o)
 .rodata.PIo2   0x0000000008010ab0       0x40 d:/st/stm32cubeide_1.1.0/stm32cubeide/plugins/com.st.stm32cube.ide.mcu.externaltools.gnu-tools-for-stm32.7-2018-q2-update.win32_1.0.0.201904181610/tools/bin/../lib/gcc/arm-none-eabi/7.3.1/../../../../arm-none-eabi/lib/thumb/v7e-m/fpv5/hard\libm.a(lib_a-k_rem_pio2.o)
 .rodata.init_jk
                0x0000000008010af0       0x10 d:/st/stm32cubeide_1.1.0/stm32cubeide/plugins/com.st.stm32cube.ide.mcu.externaltools.gnu-tools-for-stm32.7-2018-q2-update.win32_1.0.0.201904181610/tools/bin/../lib/gcc/arm-none-eabi/7.3.1/../../../../arm-none-eabi/lib/thumb/v7e-m/fpv5/hard\libm.a(lib_a-k_rem_pio2.o)
 .rodata.atanhi
                0x0000000008010b00       0x20 d:/st/stm32cubeide_1.1.0/stm32cubeide/plugins/com.st.stm32cube.ide.mcu.externaltools.gnu-tools-for-stm32.7-2018-q2-update.win32_1.0.0.201904181610/tools/bin/../lib/gcc/arm-none-eabi/7.3.1/../../../../arm-none-eabi/lib/thumb/v7e-m/fpv5/hard\libm.a(lib_a-s_atan.o)
 .rodata.atanlo
                0x0000000008010b20       0x20 d:/st/stm32cubeide_1.1.0/stm32cubeide/plugins/com.st.stm32cube.ide.mcu.externaltools.gnu-tools-for-stm32.7-2018-q2-update.win32_1.0.0.201904181610/tools/bin/../lib/gcc/arm-none-eabi/7.3.1/../../../../arm-none-eabi/lib/thumb/v7e-m/fpv5/hard\libm.a(lib_a-s_atan.o)
                0x0000000008010b40                . = ALIGN (0x4)

.ARM.extab      0x0000000008010b40        0x0
                0x0000000008010b40                . = ALIGN (0x4)
 *(.ARM.extab* .gnu.linkonce.armextab.*)
                0x0000000008010b40                . = ALIGN (0x4)

.ARM            0x0000000008010b40        0x8
                0x0000000008010b40                . = ALIGN (0x4)
                0x0000000008010b40                __exidx_start = .
 *(.ARM.exidx*)
 .ARM.exidx     0x0000000008010b40        0x8 d:/st/stm32cubeide_1.1.0/stm32cubeide/plugins/com.st.stm32cube.ide.mcu.externaltools.gnu-tools-for-stm32.7-2018-q2-update.win32_1.0.0.201904181610/tools/bin/../lib/gcc/arm-none-eabi/7.3.1/thumb/v7e-m/fpv5/hard\libgcc.a(_udivmoddi4.o)
                0x0000000008010b48                __exidx_end = .
                0x0000000008010b48                . = ALIGN (0x4)

.rel.dyn        0x0000000008010b48        0x0
 .rel.iplt      0x0000000008010b48        0x0 d:/st/stm32cubeide_1.1.0/stm32cubeide/plugins/com.st.stm32cube.ide.mcu.externaltools.gnu-tools-for-stm32.7-2018-q2-update.win32_1.0.0.201904181610/tools/bin/../lib/gcc/arm-none-eabi/7.3.1/thumb/v7e-m/fpv5/hard/crtbegin.o

.preinit_array  0x0000000008010b48        0x0
                0x0000000008010b48                . = ALIGN (0x4)
                0x0000000008010b48                PROVIDE (__preinit_array_start = .)
 *(.preinit_array*)
                0x0000000008010b48                PROVIDE (__preinit_array_end = .)
                0x0000000008010b48                . = ALIGN (0x4)

.init_array     0x0000000008010b48        0x4
                0x0000000008010b48                . = ALIGN (0x4)
                0x0000000008010b48                PROVIDE (__init_array_start = .)
 *(SORT_BY_NAME(.init_array.*))
 *(.init_array*)
 .init_array    0x0000000008010b48        0x4 d:/st/stm32cubeide_1.1.0/stm32cubeide/plugins/com.st.stm32cube.ide.mcu.externaltools.gnu-tools-for-stm32.7-2018-q2-update.win32_1.0.0.201904181610/tools/bin/../lib/gcc/arm-none-eabi/7.3.1/thumb/v7e-m/fpv5/hard/crtbegin.o
                0x0000000008010b4c                PROVIDE (__init_array_end = .)
                0x0000000008010b4c                . = ALIGN (0x4)

.fini_array     0x0000000008010b4c        0x4
                0x0000000008010b4c                . = ALIGN (0x4)
                [!provide]                        PROVIDE (__fini_array_start = .)
 *(SORT_BY_NAME(.fini_array.*))
 *(.fini_array*)
 .fini_array    0x0000000008010b4c        0x4 d:/st/stm32cubeide_1.1.0/stm32cubeide/plugins/com.st.stm32cube.ide.mcu.externaltools.gnu-tools-for-stm32.7-2018-q2-update.win32_1.0.0.201904181610/tools/bin/../lib/gcc/arm-none-eabi/7.3.1/thumb/v7e-m/fpv5/hard/crtbegin.o
                [!provide]                        PROVIDE (__fini_array_end = .)
                0x0000000008010b50                . = ALIGN (0x4)
                0x0000000008010b50                _sidata = LOADADDR (.data)

.data           0x0000000024000000      0x160 load address 0x0000000008010b50
                0x0000000024000000                . = ALIGN (0x4)
                0x0000000024000000                _sdata = .
 *(.data)
 *(.data*)
 .data.compassTxPacket
                0x0000000024000000        0x9 Core/Src/main.o
                0x0000000024000000                compassTxPacket
 *fill*         0x0000000024000009        0x1 
 .data.joyLeftMidVer
                0x000000002400000a        0x2 Core/Src/main.o
                0x000000002400000a                joyLeftMidVer
 .data.joyLeftMidHor
                0x000000002400000c        0x2 Core/Src/main.o
                0x000000002400000c                joyLeftMidHor
 .data.joyRigtMidVer
                0x000000002400000e        0x2 Core/Src/main.o
                0x000000002400000e                joyRigtMidVer
 .data.joyRigtMidHor
                0x0000000024000010        0x2 Core/Src/main.o
                0x0000000024000010                joyRigtMidHor
 *fill*         0x0000000024000012        0x2 
 .data.spinalCordTxPacket
                0x0000000024000014        0xd Core/Src/main.o
                0x0000000024000014                spinalCordTxPacket
 *fill*         0x0000000024000021        0x7 
 .data.yawKp    0x0000000024000028        0x8 Core/Src/main.o
                0x0000000024000028                yawKp
 .data.yawKd    0x0000000024000030        0x8 Core/Src/main.o
                0x0000000024000030                yawKd
 .data.yawKi    0x0000000024000038        0x8 Core/Src/main.o
                0x0000000024000038                yawKi
 .data.roRKp    0x0000000024000040        0x8 Core/Src/main.o
                0x0000000024000040                roRKp
 .data.roRKi    0x0000000024000048        0x8 Core/Src/main.o
                0x0000000024000048                roRKi
 .data.pitKp    0x0000000024000050        0x8 Core/Src/main.o
                0x0000000024000050                pitKp
 .data.pitKi    0x0000000024000058        0x8 Core/Src/main.o
                0x0000000024000058                pitKi
 .data.factorSpeed
                0x0000000024000060        0x8 Core/Src/main.o
                0x0000000024000060                factorSpeed
 .data.factorYawPID
                0x0000000024000068        0x8 Core/Src/main.o
                0x0000000024000068                factorYawPID
 .data.adcLeft_1000
                0x0000000024000070        0x2 Core/Src/main.o
                0x0000000024000070                adcLeft_1000
 .data.adcLeft_2000
                0x0000000024000072        0x2 Core/Src/main.o
                0x0000000024000072                adcLeft_2000
 .data.adcPitc_1000
                0x0000000024000074        0x2 Core/Src/main.o
                0x0000000024000074                adcPitc_1000
 .data.adcPitc_2000
                0x0000000024000076        0x2 Core/Src/main.o
                0x0000000024000076                adcPitc_2000
 .data.adcRigt_1000
                0x0000000024000078        0x2 Core/Src/main.o
                0x0000000024000078                adcRigt_1000
 .data.adcRigt_2000
                0x000000002400007a        0x2 Core/Src/main.o
                0x000000002400007a                adcRigt_2000
 .data.ball4    0x000000002400007c        0x8 Core/Src/main.o
                0x000000002400007c                ball4
 .data.ball3    0x0000000024000084        0x8 Core/Src/main.o
                0x0000000024000084                ball3
 .data.ball2    0x000000002400008c        0x8 Core/Src/main.o
                0x000000002400008c                ball2
 .data.ball1    0x0000000024000094        0x8 Core/Src/main.o
                0x0000000024000094                ball1
 *fill*         0x000000002400009c        0x4 
 .data.P_Pitch  0x00000000240000a0        0x8 Core/Src/stm32h7xx_it.o
                0x00000000240000a0                P_Pitch
 .data.R_Pitch  0x00000000240000a8        0x8 Core/Src/stm32h7xx_it.o
                0x00000000240000a8                R_Pitch
 .data.Q_Pitch  0x00000000240000b0        0x8 Core/Src/stm32h7xx_it.o
                0x00000000240000b0                Q_Pitch
 .data.P_Left   0x00000000240000b8        0x8 Core/Src/stm32h7xx_it.o
                0x00000000240000b8                P_Left
 .data.R_Left   0x00000000240000c0        0x8 Core/Src/stm32h7xx_it.o
                0x00000000240000c0                R_Left
 .data.Q_Left   0x00000000240000c8        0x8 Core/Src/stm32h7xx_it.o
                0x00000000240000c8                Q_Left
 .data.P_Rigt   0x00000000240000d0        0x8 Core/Src/stm32h7xx_it.o
                0x00000000240000d0                P_Rigt
 .data.R_Rigt   0x00000000240000d8        0x8 Core/Src/stm32h7xx_it.o
                0x00000000240000d8                R_Rigt
 .data.Q_Rigt   0x00000000240000e0        0x8 Core/Src/stm32h7xx_it.o
                0x00000000240000e0                Q_Rigt
 .data.SystemCoreClock
                0x00000000240000e8        0x4 Core/Src/system_stm32h7xx.o
                0x00000000240000e8                SystemCoreClock
 .data.SystemD2Clock
                0x00000000240000ec        0x4 Core/Src/system_stm32h7xx.o
                0x00000000240000ec                SystemD2Clock
 .data.uwTickPrio
                0x00000000240000f0        0x4 Drivers/STM32H7xx_HAL_Driver/Src/stm32h7xx_hal.o
                0x00000000240000f0                uwTickPrio
 .data.uwTickFreq
                0x00000000240000f4        0x1 Drivers/STM32H7xx_HAL_Driver/Src/stm32h7xx_hal.o
                0x00000000240000f4                uwTickFreq
 *fill*         0x00000000240000f5        0x3 
 .data._impure_ptr
                0x00000000240000f8        0x4 d:/st/stm32cubeide_1.1.0/stm32cubeide/plugins/com.st.stm32cube.ide.mcu.externaltools.gnu-tools-for-stm32.7-2018-q2-update.win32_1.0.0.201904181610/tools/bin/../lib/gcc/arm-none-eabi/7.3.1/../../../../arm-none-eabi/lib/thumb/v7e-m/fpv5/hard\libc_nano.a(lib_a-impure.o)
                0x00000000240000f8                _impure_ptr
 .data.impure_data
                0x00000000240000fc       0x60 d:/st/stm32cubeide_1.1.0/stm32cubeide/plugins/com.st.stm32cube.ide.mcu.externaltools.gnu-tools-for-stm32.7-2018-q2-update.win32_1.0.0.201904181610/tools/bin/../lib/gcc/arm-none-eabi/7.3.1/../../../../arm-none-eabi/lib/thumb/v7e-m/fpv5/hard\libc_nano.a(lib_a-impure.o)
 .data.__fdlib_version
                0x000000002400015c        0x1 d:/st/stm32cubeide_1.1.0/stm32cubeide/plugins/com.st.stm32cube.ide.mcu.externaltools.gnu-tools-for-stm32.7-2018-q2-update.win32_1.0.0.201904181610/tools/bin/../lib/gcc/arm-none-eabi/7.3.1/../../../../arm-none-eabi/lib/thumb/v7e-m/fpv5/hard\libm.a(lib_a-s_lib_ver.o)
                0x000000002400015c                __fdlib_version
                0x0000000024000160                . = ALIGN (0x4)
 *fill*         0x000000002400015d        0x3 
                0x0000000024000160                _edata = .

.igot.plt       0x0000000024000160        0x0 load address 0x0000000008010cb0
 .igot.plt      0x0000000024000160        0x0 d:/st/stm32cubeide_1.1.0/stm32cubeide/plugins/com.st.stm32cube.ide.mcu.externaltools.gnu-tools-for-stm32.7-2018-q2-update.win32_1.0.0.201904181610/tools/bin/../lib/gcc/arm-none-eabi/7.3.1/thumb/v7e-m/fpv5/hard/crtbegin.o
                0x0000000024000160                . = ALIGN (0x4)

.bss            0x0000000024000160      0xc64 load address 0x0000000008010cb0
                0x0000000024000160                _sbss = .
                0x0000000024000160                __bss_start__ = _sbss
 *(.bss)
 .bss           0x0000000024000160       0x1c d:/st/stm32cubeide_1.1.0/stm32cubeide/plugins/com.st.stm32cube.ide.mcu.externaltools.gnu-tools-for-stm32.7-2018-q2-update.win32_1.0.0.201904181610/tools/bin/../lib/gcc/arm-none-eabi/7.3.1/thumb/v7e-m/fpv5/hard/crtbegin.o
 *(.bss*)
 .bss.PS2CheckbyteCount
                0x000000002400017c        0x1 Core/Src/main.o
                0x000000002400017c                PS2CheckbyteCount
 .bss.Graphic_Check
                0x000000002400017d        0x1 Core/Src/main.o
                0x000000002400017d                Graphic_Check
 *fill*         0x000000002400017e        0x2 
 .bss.FirstSector
                0x0000000024000180        0x4 Core/Src/main.o
                0x0000000024000180                FirstSector
 .bss.NbOfSectors
                0x0000000024000184        0x4 Core/Src/main.o
                0x0000000024000184                NbOfSectors
 .bss.Address   0x0000000024000188        0x4 Core/Src/main.o
                0x0000000024000188                Address
 .bss.SECTORError
                0x000000002400018c        0x4 Core/Src/main.o
                0x000000002400018c                SECTORError
 .bss.MemoryProgramStatus
                0x0000000024000190        0x4 Core/Src/main.o
                0x0000000024000190                MemoryProgramStatus
 *fill*         0x0000000024000194        0x4 
 .bss.DT50Left  0x0000000024000198        0x8 Core/Src/main.o
                0x0000000024000198                DT50Left
 .bss.DT50Pitc  0x00000000240001a0        0x8 Core/Src/main.o
                0x00000000240001a0                DT50Pitc
 .bss.DT50Rigt  0x00000000240001a8        0x8 Core/Src/main.o
                0x00000000240001a8                DT50Rigt
 .bss.ball_temp
                0x00000000240001b0        0x8 Core/Src/main.o
                0x00000000240001b0                ball_temp
 .bss.heap_end.6424
                0x00000000240001b8        0x4 Core/Src/sysmem.o
 .bss.__malloc_free_list
                0x00000000240001bc        0x4 d:/st/stm32cubeide_1.1.0/stm32cubeide/plugins/com.st.stm32cube.ide.mcu.externaltools.gnu-tools-for-stm32.7-2018-q2-update.win32_1.0.0.201904181610/tools/bin/../lib/gcc/arm-none-eabi/7.3.1/../../../../arm-none-eabi/lib/thumb/v7e-m/fpv5/hard\libc_nano.a(lib_a-nano-mallocr.o)
                0x00000000240001bc                __malloc_free_list
 .bss.__malloc_sbrk_start
                0x00000000240001c0        0x4 d:/st/stm32cubeide_1.1.0/stm32cubeide/plugins/com.st.stm32cube.ide.mcu.externaltools.gnu-tools-for-stm32.7-2018-q2-update.win32_1.0.0.201904181610/tools/bin/../lib/gcc/arm-none-eabi/7.3.1/../../../../arm-none-eabi/lib/thumb/v7e-m/fpv5/hard\libc_nano.a(lib_a-nano-mallocr.o)
                0x00000000240001c0                __malloc_sbrk_start
 *(COMMON)
 *fill*         0x00000000240001c4        0x4 
 COMMON         0x00000000240001c8      0xba8 Core/Src/main.o
                0x00000000240001c8                startCol
                0x00000000240001c9                btn_X
                0x00000000240001ca                compassRxCplt_Flag
                0x00000000240001d0                motor1Speed_
                0x00000000240001d8                pitPreError
                0x00000000240001e0                roRPreError
                0x00000000240001e8                yawD
                0x00000000240001f0                leftRawDistance
                0x00000000240001f8                rigtArmStatus
                0x0000000024000200                bRigt_Linear
                0x0000000024000208                trackingC13
                0x000000002400020c                huart7
                0x0000000024000298                FlashWord
                0x00000000240002b8                pos2
                0x00000000240002c0                zmanualTxCplt_Flag
                0x00000000240002c2                pitchRawADC
                0x00000000240002c8                pitD
                0x00000000240002d0                roLD
                0x00000000240002d8                rigtRawDistance
                0x00000000240002e0                hdma_usart3_rx
                0x0000000024000358                roLI
                0x0000000024000360                yawPreError
                0x0000000024000364                huart3
                0x00000000240003f0                aRigt_Linear
                0x00000000240003f8                rigtRawADC
                0x00000000240003fa                _motor4Speed
                0x00000000240003fc                btn_leftLeft
                0x00000000240003fd                btn_D
                0x00000000240003fe                compassTxCplt_Flag
                0x00000000240003ff                btn_E
                0x0000000024000400                roRPID
                0x0000000024000408                pitError
                0x0000000024000410                pitKd
                0x0000000024000418                joyRigtHor
                0x000000002400041c                image
                0x000000002400081c                DT50Rigt_2000
                0x000000002400081e                leftHor
                0x0000000024000820                PS2Data
                0x0000000024000828                compassRxPacket
                0x0000000024000838                roRI
                0x0000000024000840                DT50Pitc_2000
                0x0000000024000848                roLKd
                0x0000000024000850                bLeft_Linear
                0x0000000024000858                DT50Rigt_1000
                0x0000000024000860                _dir
                0x0000000024000868                hdma_adc3
                0x00000000240008e0                yawI
                0x00000000240008e8                yawError
                0x00000000240008ea                roLError
                0x00000000240008ec                btn_Sel
                0x00000000240008ed                btn_W
                0x00000000240008f0                motor4Speed_
                0x00000000240008f8                zmanualRxPacket
                0x0000000024000900                compassData
                0x0000000024000908                yawP
                0x0000000024000910                spinalCordTxCplt_Flag
                0x0000000024000918                roLPID
                0x0000000024000920                pitI
                0x0000000024000928                EraseInitStruct
                0x0000000024000940                rigtDistance
                0x0000000024000948                leftArmElapsedPulses
                0x000000002400094c                trackingLegShoot
                0x0000000024000950                hdma_uart7_rx
                0x00000000240009c8                PS2DataIndex
                0x00000000240009cc                rollRawValue
                0x00000000240009d0                hadc3
                0x0000000024000a34                PS2TxTracking
                0x0000000024000a38                hdma_usart1_rx
                0x0000000024000ab0                aPitch_Linear
                0x0000000024000ab8                pitP
                0x0000000024000ac0                startRow
                0x0000000024000ac4                controlData
                0x0000000024000ac8                compassGetDataPeriod
                0x0000000024000aca                _motor1Speed
                0x0000000024000acc                endCol
                0x0000000024000ad0                roRP
                0x0000000024000ad8                pos1
                0x0000000024000ae0                huart1
                0x0000000024000b6c                PS2RxTracking
                0x0000000024000b70                trackingLeg
                0x0000000024000b74                roLPreError
                0x0000000024000b78                _controlSpeed
                0x0000000024000b80                legEn
                0x0000000024000b84                PS2Button
                0x0000000024000b86                DT50Left_1000
                0x0000000024000b88                startMode
                0x0000000024000b89                btn_leftRigt
                0x0000000024000b90                leftDistance
                0x0000000024000b98                btn_leftDown
                0x0000000024000b9a                PS2JoyRigt
                0x0000000024000b9c                btn_A
                0x0000000024000ba0                leftArmStatus
                0x0000000024000ba4                tracking
                0x0000000024000ba8                pitPID
                0x0000000024000bb0                motor3Speed_
                0x0000000024000bb8                rigtArmEn
                0x0000000024000bbc                joyRigtVer
                0x0000000024000bbe                btn_Sta
                0x0000000024000bc0                _motor2Speed
                0x0000000024000bc8                roLP
                0x0000000024000bd0                leftVer
                0x0000000024000bd2                PS2TxCplt_Flag
                0x0000000024000bd3                btn_Q
                0x0000000024000bd4                legElapsedPulses
                0x0000000024000bd8                zmanualRxCplt_Flag
                0x0000000024000bd9                btn_joyRigt
                0x0000000024000bdc                trackingA0
                0x0000000024000be0                rigtArmElapsedPulses
                0x0000000024000be4                pitchRawValue
                0x0000000024000be8                yawPID
                0x0000000024000bf0                DT50Left_2000
                0x0000000024000bf4                huart6
                0x0000000024000c80                PS2RxPacket
                0x0000000024000c88                aLeft_Linear
                0x0000000024000c90                legStatus
                0x0000000024000c98                bPitch_Linear
                0x0000000024000ca0                btn_leftUp
                0x0000000024000ca2                PS2JoyLeft
                0x0000000024000ca4                _motor3Speed
                0x0000000024000ca8                roRKd
                0x0000000024000cb0                btn_Z
                0x0000000024000cb8                motor2Speed_
                0x0000000024000cc0                spinalCordRxPacket
                0x0000000024000cce                DT50Pitc_1000
                0x0000000024000cd0                pitchDistance
                0x0000000024000cd8                joyLeftHor
                0x0000000024000cdc                adc3Value
                0x0000000024000ce2                btn_joyLeft
                0x0000000024000ce4                htim7
                0x0000000024000d24                btn_C
                0x0000000024000d28                startTime
                0x0000000024000d2c                joyLeftVer
                0x0000000024000d30                kalmanGain_Pitch
                0x0000000024000d38                leftArmEn
                0x0000000024000d3c                leftRawADC
                0x0000000024000d40                roRD
                0x0000000024000d48                spinalCordRxCplt_Flag
                0x0000000024000d50                pitchRawDistance
                0x0000000024000d58                roRError
                0x0000000024000d5a                endRow
                0x0000000024000d60                x_Pitch
 COMMON         0x0000000024000d70       0x30 Core/Src/stm32h7xx_it.o
                0x0000000024000d70                kalmanGain_Rigt
                0x0000000024000d78                kalmanGain_Left
                0x0000000024000d80                x_Left
                0x0000000024000d90                x_Rigt
 COMMON         0x0000000024000da0        0x4 Drivers/STM32H7xx_HAL_Driver/Src/stm32h7xx_hal.o
                0x0000000024000da0                uwTick
 COMMON         0x0000000024000da4       0x1c Drivers/STM32H7xx_HAL_Driver/Src/stm32h7xx_hal_flash.o
                0x0000000024000da4                pFlash
 COMMON         0x0000000024000dc0        0x4 d:/st/stm32cubeide_1.1.0/stm32cubeide/plugins/com.st.stm32cube.ide.mcu.externaltools.gnu-tools-for-stm32.7-2018-q2-update.win32_1.0.0.201904181610/tools/bin/../lib/gcc/arm-none-eabi/7.3.1/../../../../arm-none-eabi/lib/thumb/v7e-m/fpv5/hard\libc_nano.a(lib_a-reent.o)
                0x0000000024000dc0                errno
                0x0000000024000dc4                . = ALIGN (0x4)
                0x0000000024000dc4                _ebss = .
                0x0000000024000dc4                __bss_end__ = _ebss

._user_heap_stack
                0x0000000024000dc4      0x604 load address 0x0000000008010cb0
                0x0000000024000dc8                . = ALIGN (0x8)
 *fill*         0x0000000024000dc4        0x4 
                0x0000000024000dc8                PROVIDE (end = .)
                [!provide]                        PROVIDE (_end = .)
                0x0000000024000fc8                . = (. + _Min_Heap_Size)
 *fill*         0x0000000024000dc8      0x200 
                0x00000000240013c8                . = (. + _Min_Stack_Size)
 *fill*         0x0000000024000fc8      0x400 
                0x00000000240013c8                . = ALIGN (0x8)

/DISCARD/
 libc.a(*)
 libm.a(*)
 libgcc.a(*)

.ARM.attributes
                0x0000000000000000       0x2e
 *(.ARM.attributes)
 .ARM.attributes
                0x0000000000000000       0x20 d:/st/stm32cubeide_1.1.0/stm32cubeide/plugins/com.st.stm32cube.ide.mcu.externaltools.gnu-tools-for-stm32.7-2018-q2-update.win32_1.0.0.201904181610/tools/bin/../lib/gcc/arm-none-eabi/7.3.1/thumb/v7e-m/fpv5/hard/crti.o
 .ARM.attributes
                0x0000000000000020       0x32 d:/st/stm32cubeide_1.1.0/stm32cubeide/plugins/com.st.stm32cube.ide.mcu.externaltools.gnu-tools-for-stm32.7-2018-q2-update.win32_1.0.0.201904181610/tools/bin/../lib/gcc/arm-none-eabi/7.3.1/thumb/v7e-m/fpv5/hard/crtbegin.o
 .ARM.attributes