Archive member included to satisfy reference by file (symbol)

d:/st/stm32cubeide_1.1.0/stm32cubeide/plugins/com.st.stm32cube.ide.mcu.externaltools.gnu-tools-for-stm32.7-2018-q2-update.win32_1.0.0.201904181610/tools/bin/../lib/gcc/arm-none-eabi/7.3.1/../../../../arm-none-eabi/lib/thumb/v7e-m/fpv5/hard\libc_nano.a(lib_a-errno.o)
                              Core/Src/syscalls.o (__errno)
d:/st/stm32cubeide_1.1.0/stm32cubeide/plugins/com.st.stm32cube.ide.mcu.externaltools.gnu-tools-for-stm32.7-2018-q2-update.win32_1.0.0.201904181610/tools/bin/../lib/gcc/arm-none-eabi/7.3.1/../../../../arm-none-eabi/lib/thumb/v7e-m/fpv5/hard\libc_nano.a(lib_a-exit.o)
                              d:/st/stm32cubeide_1.1.0/stm32cubeide/plugins/com.st.stm32cube.ide.mcu.externaltools.gnu-tools-for-stm32.7-2018-q2-update.win32_1.0.0.201904181610/tools/bin/../lib/gcc/arm-none-eabi/7.3.1/../../../../arm-none-eabi/lib/thumb/v7e-m/fpv5/hard/crt0.o (exit)
d:/st/stm32cubeide_1.1.0/stm32cubeide/plugins/com.st.stm32cube.ide.mcu.externaltools.gnu-tools-for-stm32.7-2018-q2-update.win32_1.0.0.201904181610/tools/bin/../lib/gcc/arm-none-eabi/7.3.1/../../../../arm-none-eabi/lib/thumb/v7e-m/fpv5/hard\libc_nano.a(lib_a-impure.o)
                              d:/st/stm32cubeide_1.1.0/stm32cubeide/plugins/com.st.stm32cube.ide.mcu.externaltools.gnu-tools-for-stm32.7-2018-q2-update.win32_1.0.0.201904181610/tools/bin/../lib/gcc/arm-none-eabi/7.3.1/../../../../arm-none-eabi/lib/thumb/v7e-m/fpv5/hard\libc_nano.a(lib_a-exit.o) (_global_impure_ptr)
d:/st/stm32cubeide_1.1.0/stm32cubeide/plugins/com.st.stm32cube.ide.mcu.externaltools.gnu-tools-for-stm32.7-2018-q2-update.win32_1.0.0.201904181610/tools/bin/../lib/gcc/arm-none-eabi/7.3.1/../../../../arm-none-eabi/lib/thumb/v7e-m/fpv5/hard\libc_nano.a(lib_a-init.o)
                              d:/st/stm32cubeide_1.1.0/stm32cubeide/plugins/com.st.stm32cube.ide.mcu.externaltools.gnu-tools-for-stm32.7-2018-q2-update.win32_1.0.0.201904181610/tools/bin/../lib/gcc/arm-none-eabi/7.3.1/../../../../arm-none-eabi/lib/thumb/v7e-m/fpv5/hard/crt0.o (__libc_init_array)
d:/st/stm32cubeide_1.1.0/stm32cubeide/plugins/com.st.stm32cube.ide.mcu.externaltools.gnu-tools-for-stm32.7-2018-q2-update.win32_1.0.0.201904181610/tools/bin/../lib/gcc/arm-none-eabi/7.3.1/../../../../arm-none-eabi/lib/thumb/v7e-m/fpv5/hard\libc_nano.a(lib_a-memset.o)
                              d:/st/stm32cubeide_1.1.0/stm32cubeide/plugins/com.st.stm32cube.ide.mcu.externaltools.gnu-tools-for-stm32.7-2018-q2-update.win32_1.0.0.201904181610/tools/bin/../lib/gcc/arm-none-eabi/7.3.1/../../../../arm-none-eabi/lib/thumb/v7e-m/fpv5/hard/crt0.o (memset)
d:/st/stm32cubeide_1.1.0/stm32cubeide/plugins/com.st.stm32cube.ide.mcu.externaltools.gnu-tools-for-stm32.7-2018-q2-update.win32_1.0.0.201904181610/tools/bin/../lib/gcc/arm-none-eabi/7.3.1/../../../../arm-none-eabi/lib/thumb/v7e-m/fpv5/hard\libm.a(lib_a-s_cos.o)
                              Core/Src/mainBrain.o (cos)
d:/st/stm32cubeide_1.1.0/stm32cubeide/plugins/com.st.stm32cube.ide.mcu.externaltools.gnu-tools-for-stm32.7-2018-q2-update.win32_1.0.0.201904181610/tools/bin/../lib/gcc/arm-none-eabi/7.3.1/../../../../arm-none-eabi/lib/thumb/v7e-m/fpv5/hard\libm.a(lib_a-s_sin.o)
                              Core/Src/mainBrain.o (sin)
d:/st/stm32cubeide_1.1.0/stm32cubeide/plugins/com.st.stm32cube.ide.mcu.externaltools.gnu-tools-for-stm32.7-2018-q2-update.win32_1.0.0.201904181610/tools/bin/../lib/gcc/arm-none-eabi/7.3.1/../../../../arm-none-eabi/lib/thumb/v7e-m/fpv5/hard\libm.a(lib_a-w_atan2.o)
                              Core/Src/mainBrain.o (atan2)
d:/st/stm32cubeide_1.1.0/stm32cubeide/plugins/com.st.stm32cube.ide.mcu.externaltools.gnu-tools-for-stm32.7-2018-q2-update.win32_1.0.0.201904181610/tools/bin/../lib/gcc/arm-none-eabi/7.3.1/../../../../arm-none-eabi/lib/thumb/v7e-m/fpv5/hard\libm.a(lib_a-w_sqrt.o)
                              Core/Src/mainBrain.o (sqrt)
d:/st/stm32cubeide_1.1.0/stm32cubeide/plugins/com.st.stm32cube.ide.mcu.externaltools.gnu-tools-for-stm32.7-2018-q2-update.win32_1.0.0.201904181610/tools/bin/../lib/gcc/arm-none-eabi/7.3.1/../../../../arm-none-eabi/lib/thumb/v7e-m/fpv5/hard\libm.a(lib_a-e_atan2.o)
                              d:/st/stm32cubeide_1.1.0/stm32cubeide/plugins/com.st.stm32cube.ide.mcu.externaltools.gnu-tools-for-stm32.7-2018-q2-update.win32_1.0.0.201904181610/tools/bin/../lib/gcc/arm-none-eabi/7.3.1/../../../../arm-none-eabi/lib/thumb/v7e-m/fpv5/hard\libm.a(lib_a-w_atan2.o) (__ieee754_atan2)
d:/st/stm32cubeide_1.1.0/stm32cubeide/plugins/com.st.stm32cube.ide.mcu.externaltools.gnu-tools-for-stm32.7-2018-q2-update.win32_1.0.0.201904181610/tools/bin/../lib/gcc/arm-none-eabi/7.3.1/../../../../arm-none-eabi/lib/thumb/v7e-m/fpv5/hard\libm.a(lib_a-e_rem_pio2.o)
[...]
Memory Configuration

Name             Origin             Length             Attributes
DTCMRAM          0x0000000020000000 0x0000000000020000 xrw
ITCMRAM          0x0000000000000000 0x0000000000010000 xrw
RAM_D1           0x0000000024000000 0x0000000000080000 xrw
RAM_D2           0x0000000030000000 0x0000000000048000 xrw
RAM_D3           0x0000000038000000 0x0000000000010000 xrw
FLASH            0x0000000008000000 0x0000000000200000 xr
*default*        0x0000000000000000 0xffffffffffffffff

Linker script and memory map

LOAD d:/st/stm32cubeide_1.1.0/stm32cubeide/plugins/com.st.stm32cube.ide.mcu.externaltools.gnu-tools-for-stm32.7-2018-q2-update.win32_1.0.0.201904181610/tools/bin/../lib/gcc/arm-none-eabi/7.3.1/thumb/v7e-m/fpv5/hard/crti.o
LOAD d:/st/stm32cubeide_1.1.0/stm32cubeide/plugins/com.st.stm32cube.ide.mcu.externaltools.gnu-tools-for-stm32.7-2018-q2-update.win32_1.0.0.201904181610/tools/bin/../lib/gcc/arm-none-eabi/7.3.1/thumb/v7e-m/fpv5/hard/crtbegin.o
LOAD d:/st/stm32cubeide_1.1.0/stm32cubeide/plugins/com.st.stm32cube.ide.mcu.externaltools.gnu-tools-for-stm32.7-2018-q2-update.win32_1.0.0.201904181610/tools/bin/../lib/gcc/arm-none-eabi/7.3.1/../../../../arm-none-eabi/lib/thumb/v7e-m/fpv5/hard/crt0.o
LOAD Core/Src/mainBrain.o
LOAD Core/Src/stm32h7xx_hal_msp.o
LOAD Core/Src/stm32h7xx_it.o
LOAD Core/Src/syscalls.o
LOAD Core/Src/sysmem.o
LOAD Core/Src/system_stm32h7xx.o
LOAD Core/Startup/startup_stm32h743zitx.o
LOAD Drivers/STM32H7xx_HAL_Driver/Src/stm32h7xx_hal.o
LOAD Drivers/STM32H7xx_HAL_Driver/Src/stm32h7xx_hal_adc.o
LOAD Drivers/STM32H7xx_HAL_Driver/Src/stm32h7xx_hal_adc_ex.o
LOAD Drivers/STM32H7xx_HAL_Driver/Src/stm32h7xx_hal_cortex.o
LOAD Drivers/STM32H7xx_HAL_Driver/Src/stm32h7xx_hal_dma.o
LOAD Drivers/STM32H7xx_HAL_Driver/Src/stm32h7xx_hal_dma_ex.o
LOAD Drivers/STM32H7xx_HAL_Driver/Src/stm32h7xx_hal_exti.o
LOAD Drivers/STM32H7xx_HAL_Driver/Src/stm32h7xx_hal_flash.o
LOAD Drivers/STM32H7xx_HAL_Driver/Src/stm32h7xx_hal_flash_ex.o
LOAD Drivers/STM32H7xx_HAL_Driver/Src/stm32h7xx_hal_gpio.o
LOAD Drivers/STM32H7xx_HAL_Driver/Src/stm32h7xx_hal_hsem.o
LOAD Drivers/STM32H7xx_HAL_Driver/Src/stm32h7xx_hal_i2c.o
LOAD Drivers/STM32H7xx_HAL_Driver/Src/stm32h7xx_hal_i2c_ex.o
LOAD Drivers/STM32H7xx_HAL_Driver/Src/stm32h7xx_hal_mdma.o
LOAD Drivers/STM32H7xx_HAL_Driver/Src/stm32h7xx_hal_pwr.o
LOAD Drivers/STM32H7xx_HAL_Driver/Src/stm32h7xx_hal_pwr_ex.o
LOAD Drivers/STM32H7xx_HAL_Driver/Src/stm32h7xx_hal_rcc.o
LOAD Drivers/STM32H7xx_HAL_Driver/Src/stm32h7xx_hal_rcc_ex.o
LOAD Drivers/STM32H7xx_HAL_Driver/Src/stm32h7xx_hal_tim.o
LOAD Drivers/STM32H7xx_HAL_Driver/Src/stm32h7xx_hal_tim_ex.o
LOAD Drivers/STM32H7xx_HAL_Driver/Src/stm32h7xx_hal_uart.o
LOAD Drivers/STM32H7xx_HAL_Driver/Src/stm32h7xx_hal_uart_ex.o
START GROUP
LOAD d:/st/stm32cubeide_1.1.0/stm32cubeide/plugins/com.st.stm32cube.ide.mcu.externaltools.gnu-tools-for-stm32.7-2018-q2-update.win32_1.0.0.201904181610/tools/bin/../lib/gcc/arm-none-eabi/7.3.1/../../../../arm-none-eabi/lib/thumb/v7e-m/fpv5/hard\libc_nano.a
LOAD d:/st/stm32cubeide_1.1.0/stm32cubeide/plugins/com.st.stm32cube.ide.mcu.externaltools.gnu-tools-for-stm32.7-2018-q2-update.win32_1.0.0.201904181610/tools/bin/../lib/gcc/arm-none-eabi/7.3.1/../../../../arm-none-eabi/lib/thumb/v7e-m/fpv5/hard\libm.a
END GROUP
START GROUP
LOAD d:/st/stm32cubeide_1.1.0/stm32cubeide/plugins/com.st.stm32cube.ide.mcu.externaltools.gnu-tools-for-stm32.7-2018-q2-update.win32_1.0.0.201904181610/tools/bin/../lib/gcc/arm-none-eabi/7.3.1/thumb/v7e-m/fpv5/hard\libgcc.a
LOAD d:/st/stm32cubeide_1.1.0/stm32cubeide/plugins/com.st.stm32cube.ide.mcu.externaltools.gnu-tools-for-stm32.7-2018-q2-update.win32_1.0.0.201904181610/tools/bin/../lib/gcc/arm-none-eabi/7.3.1/../../../../arm-none-eabi/lib/thumb/v7e-m/fpv5/hard\libc_nano.a
END GROUP
START GROUP
LOAD d:/st/stm32cubeide_1.1.0/stm32cubeide/plugins/com.st.stm32cube.ide.mcu.externaltools.gnu-tools-for-stm32.7-2018-q2-update.win32_1.0.0.201904181610/tools/bin/../lib/gcc/arm-none-eabi/7.3.1/thumb/v7e-m/fpv5/hard\libgcc.a
LOAD d:/st/stm32cubeide_1.1.0/stm32cubeide/plugins/com.st.stm32cube.ide.mcu.externaltools.gnu-tools-for-stm32.7-2018-q2-update.win32_1.0.0.201904181610/tools/bin/../lib/gcc/arm-none-eabi/7.3.1/../../../../arm-none-eabi/lib/thumb/v7e-m/fpv5/hard\libc_nano.a
LOAD d:/st/stm32cubeide_1.1.0/stm32cubeide/plugins/com.st.stm32cube.ide.mcu.externaltools.gnu-tools-for-stm32.7-2018-q2-update.win32_1.0.0.201904181610/tools/bin/../lib/gcc/arm-none-eabi/7.3.1/../../../../arm-none-eabi/lib/thumb/v7e-m/fpv5/hard\libnosys.a
END GROUP
START GROUP
LOAD d:/st/stm32cubeide_1.1.0/stm32cubeide/plugins/com.st.stm32cube.ide.mcu.externaltools.gnu-tools-for-stm32.7-2018-q2-update.win32_1.0.0.201904181610/tools/bin/../lib/gcc/arm-none-eabi/7.3.1/thumb/v7e-m/fpv5/hard\libgcc.a
LOAD d:/st/stm32cubeide_1.1.0/stm32cubeide/plugins/com.st.stm32cube.ide.mcu.externaltools.gnu-tools-for-stm32.7-2018-q2-update.win32_1.0.0.201904181610/tools/bin/../lib/gcc/arm-none-eabi/7.3.1/../../../../arm-none-eabi/lib/thumb/v7e-m/fpv5/hard\libc_nano.a
LOAD d:/st/stm32cubeide_1.1.0/stm32cubeide/plugins/com.st.stm32cube.ide.mcu.externaltools.gnu-tools-for-stm32.7-2018-q2-update.win32_1.0.0.201904181610/tools/bin/../lib/gcc/arm-none-eabi/7.3.1/../../../../arm-none-eabi/lib/thumb/v7e-m/fpv5/hard\libnosys.a
END GROUP
LOAD d:/st/stm32cubeide_1.1.0/stm32cubeide/plugins/com.st.stm32cube.ide.mcu.externaltools.gnu-tools-for-stm32.7-2018-q2-update.win32_1.0.0.201904181610/tools/bin/../lib/gcc/arm-none-eabi/7.3.1/thumb/v7e-m/fpv5/hard/crtend.o
LOAD d:/st/stm32cubeide_1.1.0/stm32cubeide/plugins/com.st.stm32cube.ide.mcu.externaltools.gnu-tools-for-stm32.7-2018-q2-update.win32_1.0.0.201904181610/tools/bin/../lib/gcc/arm-none-eabi/7.3.1/thumb/v7e-m/fpv5/hard/crtn.o
                0x0000000024080000                _estack = (ORIGIN (RAM_D1) + LENGTH (RAM_D1))
                0x0000000000000200                _Min_Heap_Size = 0x200
                0x0000000000000400                _Min_Stack_Size = 0x400

.isr_vector     0x0000000008000000      0x298
                0x0000000008000000                . = ALIGN (0x4)
 *(.isr_vector)
 .isr_vector    0x0000000008000000      0x298 Core/Startup/startup_stm32h743zitx.o
                0x0000000008000000                g_pfnVectors
                0x0000000008000298                . = ALIGN (0x4)

.text           0x0000000008000298     0xbbf4
                0x0000000008000298                . = ALIGN (0x4)
 *(.text)
 .text          0x0000000008000298       0x40 d:/st/stm32cubeide_1.1.0/stm32cubeide/plugins/com.st.stm32cube.ide.mcu.externaltools.gnu-tools-for-stm32.7-2018-q2-update.win32_1.0.0.201904181610/tools/bin/../lib/gcc/arm-none-eabi/7.3.1/thumb/v7e-m/fpv5/hard/crtbegin.o
 .text          0x00000000080002d8       0x30 d:/st/stm32cubeide_1.1.0/stm32cubeide/plugins/com.st.stm32cube.ide.mcu.externaltools.gnu-tools-for-stm32.7-2018-q2-update.win32_1.0.0.201904181610/tools/bin/../lib/gcc/arm-none-eabi/7.3.1/thumb/v7e-m/fpv5/hard\libgcc.a(_aeabi_uldivmod.o)
                0x00000000080002d8                __aeabi_uldivmod
 .text          0x0000000008000308      0x2cc d:/st/stm32cubeide_1.1.0/stm32cubeide/plugins/com.st.stm32cube.ide.mcu.externaltools.gnu-tools-for-stm32.7-2018-q2-update.win32_1.0.0.201904181610/tools/bin/../lib/gcc/arm-none-eabi/7.3.1/thumb/v7e-m/fpv5/hard\libgcc.a(_udivmoddi4.o)
                0x0000000008000308                __udivmoddi4
 .text          0x00000000080005d4        0x4 d:/st/stm32cubeide_1.1.0/stm32cubeide/plugins/com.st.stm32cube.ide.mcu.externaltools.gnu-tools-for-stm32.7-2018-q2-update.win32_1.0.0.201904181610/tools/bin/../lib/gcc/arm-none-eabi/7.3.1/thumb/v7e-m/fpv5/hard\libgcc.a(_dvmd_tls.o)
                0x00000000080005d4                __aeabi_idiv0
                0x00000000080005d4                __aeabi_ldiv0
 *(.text*)
 .text.delayUs_Init
                0x00000000080005d8       0x40 Core/Src/mainBrain.o
                0x00000000080005d8                delayUs_Init
 .text.peripheralUART_Init
                0x0000000008000618       0x1c Core/Src/mainBrain.o
                0x0000000008000618                peripheralUART_Init
 .text.compassReset
                0x0000000008000634       0x24 Core/Src/mainBrain.o
                0x0000000008000634                compassReset
 .text.wait4CompassTx
                0x0000000008000658       0x30 Core/Src/mainBrain.o
                0x0000000008000658                wait4CompassTx
 .text.controlMotor1
                0x0000000008000688       0x48 Core/Src/mainBrain.o
                0x0000000008000688                controlMotor1
 .text.controlMotor2
                0x00000000080006d0       0x48 Core/Src/mainBrain.o
                0x00000000080006d0                controlMotor2
 .text.controlMotor3
                0x0000000008000718       0x48 Core/Src/mainBrain.o
                0x0000000008000718                controlMotor3
 .text.controlMotor4
                0x0000000008000760       0x48 Core/Src/mainBrain.o
                0x0000000008000760                controlMotor4
 .text.positionControl_Init
                0x00000000080007a8       0x28 Core/Src/mainBrain.o
                0x00000000080007a8                positionControl_Init
 .text.HAL_UART_TxCpltCallback
                0x00000000080007d0       0x84 Core/Src/mainBrain.o
                0x00000000080007d0                HAL_UART_TxCpltCallback
 .text.HAL_UART_RxCpltCallback
                0x0000000008000854       0xb0 Core/Src/mainBrain.o
                0x0000000008000854                HAL_UART_RxCpltCallback
 .text.HAL_TIM_PeriodElapsedCallback
                0x0000000008000904      0x308 Core/Src/mainBrain.o
                0x0000000008000904                HAL_TIM_PeriodElapsedCallback
 .text.main     0x0000000008000c0c      0x128 Core/Src/mainBrain.o
                0x0000000008000c0c                main
 .text.SystemClock_Config
                0x0000000008000d34      0x16c Core/Src/mainBrain.o
                0x0000000008000d34                SystemClock_Config
 .text.MX_ADC1_Init
                0x0000000008000ea0      0x110 Core/Src/mainBrain.o
 .text.MX_ADC3_Init
                0x0000000008000fb0       0xc8 Core/Src/mainBrain.o
 .text.MX_TIM7_Init
                0x0000000008001078       0x70 Core/Src/mainBrain.o
 .text.MX_TIM12_Init
                0x00000000080010e8       0x74 Core/Src/mainBrain.o
 .text.MX_TIM15_Init
                0x000000000800115c       0xa4 Core/Src/mainBrain.o
 .text.MX_UART7_Init
                0x0000000008001200       0x98 Core/Src/mainBrain.o
 .text.MX_USART1_UART_Init
                0x0000000008001298       0x98 Core/Src/mainBrain.o
 .text.MX_USART3_UART_Init
                0x0000000008001330       0x98 Core/Src/mainBrain.o
 .text.MX_USART6_UART_Init
                0x00000000080013c8       0x98 Core/Src/mainBrain.o
 .text.MX_DMA_Init
                0x0000000008001460       0x50 Core/Src/mainBrain.o
 .text.MX_GPIO_Init
                0x00000000080014b0      0x210 Core/Src/mainBrain.o
 .text.Error_Handler
                0x00000000080016c0        0xe Core/Src/mainBrain.o
                0x00000000080016c0                Error_Handler
 *fill*         0x00000000080016ce        0x2 
 .text.HAL_MspInit
                0x00000000080016d0       0x34 Core/Src/stm32h7xx_hal_msp.o
                0x00000000080016d0                HAL_MspInit
 .text.HAL_ADC_MspInit
                0x0000000008001704      0x1ec Core/Src/stm32h7xx_hal_msp.o
                0x0000000008001704                HAL_ADC_MspInit
 .text.HAL_TIM_Base_MspInit
                0x00000000080018f0       0xcc Core/Src/stm32h7xx_hal_msp.o
                0x00000000080018f0                HAL_TIM_Base_MspInit
 .text.HAL_UART_MspInit
                0x00000000080019bc      0x224 Core/Src/stm32h7xx_hal_msp.o
                0x00000000080019bc                HAL_UART_MspInit
 .text.NMI_Handler
                0x0000000008001be0        0xe Core/Src/stm32h7xx_it.o
                0x0000000008001be0                NMI_Handler
 .text.HardFault_Handler
                0x0000000008001bee        0x6 Core/Src/stm32h7xx_it.o
                0x0000000008001bee                HardFault_Handler
 .text.MemManage_Handler
                0x0000000008001bf4        0x6 Core/Src/stm32h7xx_it.o
                0x0000000008001bf4                MemManage_Handler
 .text.BusFault_Handler
                0x0000000008001bfa        0x6 Core/Src/stm32h7xx_it.o
                0x0000000008001bfa                BusFault_Handler
 .text.UsageFault_Handler
                0x0000000008001c00        0x6 Core/Src/stm32h7xx_it.o
                0x0000000008001c00                UsageFault_Handler
 .text.SVC_Handler
                0x0000000008001c06        0xe Core/Src/stm32h7xx_it.o
                0x0000000008001c06                SVC_Handler
 .text.DebugMon_Handler
                0x0000000008001c14        0xe Core/Src/stm32h7xx_it.o
                0x0000000008001c14                DebugMon_Handler
 .text.PendSV_Handler
                0x0000000008001c22        0xe Core/Src/stm32h7xx_it.o
                0x0000000008001c22                PendSV_Handler
 .text.SysTick_Handler
                0x0000000008001c30        0xc Core/Src/stm32h7xx_it.o
                0x0000000008001c30                SysTick_Handler
 .text.DMA1_Stream0_IRQHandler
                0x0000000008001c3c       0x14 Core/Src/stm32h7xx_it.o
                0x0000000008001c3c                DMA1_Stream0_IRQHandler
 .text.DMA1_Stream1_IRQHandler
                0x0000000008001c50       0x14 Core/Src/stm32h7xx_it.o
                0x0000000008001c50                DMA1_Stream1_IRQHandler
 .text.USART1_IRQHandler
                0x0000000008001c64       0x14 Core/Src/stm32h7xx_it.o
                0x0000000008001c64                USART1_IRQHandler
 .text.USART3_IRQHandler
                0x0000000008001c78       0x14 Core/Src/stm32h7xx_it.o
                0x0000000008001c78                USART3_IRQHandler
 .text.TIM8_BRK_TIM12_IRQHandler
                0x0000000008001c8c       0x14 Core/Src/stm32h7xx_it.o
                0x0000000008001c8c                TIM8_BRK_TIM12_IRQHandler
 .text.TIM7_IRQHandler
                0x0000000008001ca0       0x14 Core/Src/stm32h7xx_it.o
                0x0000000008001ca0                TIM7_IRQHandler
 .text.USART6_IRQHandler
                0x0000000008001cb4       0x14 Core/Src/stm32h7xx_it.o
                0x0000000008001cb4                USART6_IRQHandler
 .text.UART7_IRQHandler
                0x0000000008001cc8       0x14 Core/Src/stm32h7xx_it.o
                0x0000000008001cc8                UART7_IRQHandler
 .text.TIM15_IRQHandler
                0x0000000008001cdc       0x14 Core/Src/stm32h7xx_it.o
                0x0000000008001cdc                TIM15_IRQHandler
 .text.SystemInit
                0x0000000008001cf0       0xc4 Core/Src/system_stm32h7xx.o
                0x0000000008001cf0                SystemInit
 .text.Reset_Handler
                0x0000000008001db4       0x50 Core/Startup/startup_stm32h743zitx.o
                0x0000000008001db4                Reset_Handler
 .text.Default_Handler
                0x0000000008001e04        0x2 Core/Startup/startup_stm32h743zitx.o
                0x0000000008001e04                RTC_Alarm_IRQHandler
                0x0000000008001e04                EXTI2_IRQHandler
                0x0000000008001e04                TIM8_CC_IRQHandler
                0x0000000008001e04                HRTIM1_Master_IRQHandler
                0x0000000008001e04                UART8_IRQHandler
                0x0000000008001e04                SPI4_IRQHandler
                0x0000000008001e04                TIM1_CC_IRQHandler
                0x0000000008001e04                BDMA_Channel6_IRQHandler
                0x0000000008001e04                DMA2_Stream5_IRQHandler
                0x0000000008001e04                HRTIM1_FLT_IRQHandler
                0x0000000008001e04                JPEG_IRQHandler
                0x0000000008001e04                DMA1_Stream5_IRQHandler
                0x0000000008001e04                BDMA_Channel1_IRQHandler
                0x0000000008001e04                HRTIM1_TIMD_IRQHandler
                0x0000000008001e04                TAMP_STAMP_IRQHandler
                0x0000000008001e04                EXTI3_IRQHandler
                0x0000000008001e04                LPTIM4_IRQHandler
                0x0000000008001e04                TIM8_TRG_COM_TIM14_IRQHandler
                0x0000000008001e04                LPTIM2_IRQHandler
                0x0000000008001e04                DFSDM1_FLT1_IRQHandler
                0x0000000008001e04                DMAMUX2_OVR_IRQHandler
                0x0000000008001e04                TIM8_UP_TIM13_IRQHandler
                0x0000000008001e04                I2C3_ER_IRQHandler
                0x0000000008001e04                DFSDM1_FLT2_IRQHandler
                0x0000000008001e04                MDMA_IRQHandler
                0x0000000008001e04                LPTIM3_IRQHandler
                0x0000000008001e04                HSEM1_IRQHandler
                0x0000000008001e04                EXTI0_IRQHandler
                0x0000000008001e04                I2C2_EV_IRQHandler
                0x0000000008001e04                DMA1_Stream2_IRQHandler
                0x0000000008001e04                FPU_IRQHandler
                0x0000000008001e04                OTG_HS_WKUP_IRQHandler
                0x0000000008001e04                FDCAN1_IT1_IRQHandler
                0x0000000008001e04                LTDC_ER_IRQHandler
                0x0000000008001e04                DMA2_Stream2_IRQHandler
                0x0000000008001e04                HRTIM1_TIME_IRQHandler
                0x0000000008001e04                SPI1_IRQHandler
                0x0000000008001e04                TIM6_DAC_IRQHandler
                0x0000000008001e04                DCMI_IRQHandler
                0x0000000008001e04                HRTIM1_TIMC_IRQHandler
                0x0000000008001e04                DMA2_Stream3_IRQHandler
                0x0000000008001e04                SAI2_IRQHandler
                0x0000000008001e04                DFSDM1_FLT3_IRQHandler
                0x0000000008001e04                TIM17_IRQHandler
                0x0000000008001e04                BDMA_Channel7_IRQHandler
                0x0000000008001e04                LPTIM5_IRQHandler
                0x0000000008001e04                UART5_IRQHandler
                0x0000000008001e04                ADC3_IRQHandler
                0x0000000008001e04                DMA2_Stream0_IRQHandler
                0x0000000008001e04                TIM4_IRQHandler
                0x0000000008001e04                BDMA_Channel2_IRQHandler
                0x0000000008001e04                QUADSPI_IRQHandler
                0x0000000008001e04                I2C1_EV_IRQHandler
                0x0000000008001e04                DMA1_Stream6_IRQHandler
                0x0000000008001e04                DMAMUX1_OVR_IRQHandler
                0x0000000008001e04                TIM16_IRQHandler
                0x0000000008001e04                UART4_IRQHandler
                0x0000000008001e04                BDMA_Channel5_IRQHandler
                0x0000000008001e04                TIM3_IRQHandler
                0x0000000008001e04                RCC_IRQHandler
                0x0000000008001e04                TIM1_TRG_COM_IRQHandler
                0x0000000008001e04                Default_Handler
                0x0000000008001e04                ECC_IRQHandler
                0x0000000008001e04                CEC_IRQHandler
                0x0000000008001e04                EXTI15_10_IRQHandler
                0x0000000008001e04                BDMA_Channel0_IRQHandler
                0x0000000008001e04                ADC_IRQHandler
                0x0000000008001e04                DMA1_Stream7_IRQHandler
                0x0000000008001e04                HRTIM1_TIMA_IRQHandler
                0x0000000008001e04                SPI5_IRQHandler
                0x0000000008001e04                SDMMC1_IRQHandler
                0x0000000008001e04                TIM5_IRQHandler
                0x0000000008001e04                DMA2_Stream7_IRQHandler
                0x0000000008001e04                PVD_AVD_IRQHandler
                0x0000000008001e04                I2C3_EV_IRQHandler
                0x0000000008001e04                EXTI9_5_IRQHandler
                0x0000000008001e04                RTC_WKUP_IRQHandler
                0x0000000008001e04                LTDC_IRQHandler
                0x0000000008001e04                SAI3_IRQHandler
                0x0000000008001e04                ETH_WKUP_IRQHandler
                0x0000000008001e04                SPDIF_RX_IRQHandler
                0x0000000008001e04                SPI2_IRQHandler
                0x0000000008001e04                OTG_HS_EP1_IN_IRQHandler
                0x0000000008001e04                CRS_IRQHandler
                0x0000000008001e04                EXTI4_IRQHandler
                0x0000000008001e04                RNG_IRQHandler
                0x0000000008001e04                HRTIM1_TIMB_IRQHandler
                0x0000000008001e04                FDCAN2_IT1_IRQHandler
                0x0000000008001e04                ETH_IRQHandler
                0x0000000008001e04                TIM1_UP_IRQHandler
                0x0000000008001e04                BDMA_Channel4_IRQHandler
                0x0000000008001e04                OTG_HS_EP1_OUT_IRQHandler
                0x0000000008001e04                WWDG_IRQHandler
                0x0000000008001e04                SPI6_IRQHandler
                0x0000000008001e04                MDIOS_IRQHandler
                0x0000000008001e04                I2C4_EV_IRQHandler
                0x0000000008001e04                FDCAN2_IT0_IRQHandler
                0x0000000008001e04                LPUART1_IRQHandler
                0x0000000008001e04                FDCAN1_IT0_IRQHandler
                0x0000000008001e04                TIM2_IRQHandler
                0x0000000008001e04                OTG_FS_WKUP_IRQHandler
                0x0000000008001e04                OTG_HS_IRQHandler
                0x0000000008001e04                DMA2D_IRQHandler
                0x0000000008001e04                TIM1_BRK_IRQHandler
                0x0000000008001e04                EXTI1_IRQHandler
                0x0000000008001e04                SDMMC2_IRQHandler
                0x0000000008001e04                OTG_FS_EP1_OUT_IRQHandler
                0x0000000008001e04                BDMA_Channel3_IRQHandler
                0x0000000008001e04                MDIOS_WKUP_IRQHandler
                0x0000000008001e04                USART2_IRQHandler
                0x0000000008001e04                DFSDM1_FLT0_IRQHandler
                0x0000000008001e04                SAI4_IRQHandler
                0x0000000008001e04                I2C2_ER_IRQHandler
                0x0000000008001e04                DMA2_Stream1_IRQHandler
                0x0000000008001e04                FLASH_IRQHandler
                0x0000000008001e04                DMA2_Stream4_IRQHandler
                0x0000000008001e04                OTG_FS_IRQHandler
                0x0000000008001e04                SPI3_IRQHandler
                0x0000000008001e04                WAKEUP_PIN_IRQHandler
                0x0000000008001e04                DMA1_Stream4_IRQHandler
                0x0000000008001e04                OTG_FS_EP1_IN_IRQHandler
                0x0000000008001e04                I2C1_ER_IRQHandler
                0x0000000008001e04                FMC_IRQHandler
                0x0000000008001e04                FDCAN_CAL_IRQHandler
                0x0000000008001e04                SWPMI1_IRQHandler
                0x0000000008001e04                COMP1_IRQHandler
                0x0000000008001e04                LPTIM1_IRQHandler
                0x0000000008001e04                I2C4_ER_IRQHandler
                0x0000000008001e04                DMA2_Stream6_IRQHandler
                0x0000000008001e04                SAI1_IRQHandler
                0x0000000008001e04                DMA1_Stream3_IRQHandler
 *fill*         0x0000000008001e06        0x2 
 .text.HAL_Init
                0x0000000008001e08       0x78 Drivers/STM32H7xx_HAL_Driver/Src/stm32h7xx_hal.o
                0x0000000008001e08                HAL_Init
 .text.HAL_InitTick
                0x0000000008001e80       0x6c Drivers/STM32H7xx_HAL_Driver/Src/stm32h7xx_hal.o
                0x0000000008001e80                HAL_InitTick
 .text.HAL_IncTick
                0x0000000008001eec       0x28 Drivers/STM32H7xx_HAL_Driver/Src/stm32h7xx_hal.o
                0x0000000008001eec                HAL_IncTick
 .text.HAL_GetTick
                0x0000000008001f14       0x18 Drivers/STM32H7xx_HAL_Driver/Src/stm32h7xx_hal.o
                0x0000000008001f14                HAL_GetTick
 .text.HAL_Delay
                0x0000000008001f2c       0x44 Drivers/STM32H7xx_HAL_Driver/Src/stm32h7xx_hal.o
                0x0000000008001f2c                HAL_Delay
 .text.HAL_GetREVID
                0x0000000008001f70       0x18 Drivers/STM32H7xx_HAL_Driver/Src/stm32h7xx_hal.o
                0x0000000008001f70                HAL_GetREVID
 .text.HAL_SYSCFG_AnalogSwitchConfig
                0x0000000008001f88       0x2c Drivers/STM32H7xx_HAL_Driver/Src/stm32h7xx_hal.o
                0x0000000008001f88                HAL_SYSCFG_AnalogSwitchConfig
 .text.LL_ADC_SetCommonClock
                0x0000000008001fb4       0x26 Drivers/STM32H7xx_HAL_Driver/Src/stm32h7xx_hal_adc.o
 .text.LL_ADC_SetCommonPathInternalCh
                0x0000000008001fda       0x26 Drivers/STM32H7xx_HAL_Driver/Src/stm32h7xx_hal_adc.o
 .text.LL_ADC_GetCommonPathInternalCh
                0x0000000008002000       0x1c Drivers/STM32H7xx_HAL_Driver/Src/stm32h7xx_hal_adc.o
 .text.LL_ADC_SetOffset
                0x000000000800201c       0x3a Drivers/STM32H7xx_HAL_Driver/Src/stm32h7xx_hal_adc.o
 .text.LL_ADC_SetDataRightShift
                0x0000000008002056       0x32 Drivers/STM32H7xx_HAL_Driver/Src/stm32h7xx_hal_adc.o
 .text.LL_ADC_SetOffsetSignedSaturation
                0x0000000008002088       0x30 Drivers/STM32H7xx_HAL_Driver/Src/stm32h7xx_hal_adc.o
 .text.LL_ADC_REG_SetSequencerRanks
                0x00000000080020b8       0x52 Drivers/STM32H7xx_HAL_Driver/Src/stm32h7xx_hal_adc.o
 .text.LL_ADC_SetChannelSamplingTime
                0x000000000800210a       0x50 Drivers/STM32H7xx_HAL_Driver/Src/stm32h7xx_hal_adc.o
 *fill*         0x000000000800215a        0x2 
 .text.LL_ADC_SetChannelSingleDiff
                0x000000000800215c       0x48 Drivers/STM32H7xx_HAL_Driver/Src/stm32h7xx_hal_adc.o
 .text.LL_ADC_DisableDeepPowerDown
                0x00000000080021a4       0x24 Drivers/STM32H7xx_HAL_Driver/Src/stm32h7xx_hal_adc.o
 .text.LL_ADC_IsDeepPowerDownEnabled
                0x00000000080021c8       0x28 Drivers/STM32H7xx_HAL_Driver/Src/stm32h7xx_hal_adc.o
 .text.LL_ADC_EnableInternalRegulator
                0x00000000080021f0       0x28 Drivers/STM32H7xx_HAL_Driver/Src/stm32h7xx_hal_adc.o
 .text.LL_ADC_IsInternalRegulatorEnabled
                0x0000000008002218       0x28 Drivers/STM32H7xx_HAL_Driver/Src/stm32h7xx_hal_adc.o
 .text.LL_ADC_IsEnabled
                0x0000000008002240       0x26 Drivers/STM32H7xx_HAL_Driver/Src/stm32h7xx_hal_adc.o
 .text.LL_ADC_REG_IsConversionOngoing
                0x0000000008002266       0x26 Drivers/STM32H7xx_HAL_Driver/Src/stm32h7xx_hal_adc.o
 .text.LL_ADC_INJ_IsConversionOngoing
                0x000000000800228c       0x26 Drivers/STM32H7xx_HAL_Driver/Src/stm32h7xx_hal_adc.o
 *fill*         0x00000000080022b2        0x2 
 .text.HAL_ADC_Init
                0x00000000080022b4      0x340 Drivers/STM32H7xx_HAL_Driver/Src/stm32h7xx_hal_adc.o
                0x00000000080022b4                HAL_ADC_Init
 .text.HAL_ADC_ConfigChannel
                0x00000000080025f4      0x628 Drivers/STM32H7xx_HAL_Driver/Src/stm32h7xx_hal_adc.o
                0x00000000080025f4                HAL_ADC_ConfigChannel
 .text.ADC_ConfigureBoostMode
                0x0000000008002c1c      0x1f0 Drivers/STM32H7xx_HAL_Driver/Src/stm32h7xx_hal_adc.o
                0x0000000008002c1c                ADC_ConfigureBoostMode
 .text.LL_ADC_IsEnabled
                0x0000000008002e0c       0x26 Drivers/STM32H7xx_HAL_Driver/Src/stm32h7xx_hal_adc_ex.o
 .text.LL_ADC_REG_IsConversionOngoing
                0x0000000008002e32       0x26 Drivers/STM32H7xx_HAL_Driver/Src/stm32h7xx_hal_adc_ex.o
 .text.HAL_ADCEx_MultiModeConfigChannel
                0x0000000008002e58      0x1b4 Drivers/STM32H7xx_HAL_Driver/Src/stm32h7xx_hal_adc_ex.o
                0x0000000008002e58                HAL_ADCEx_MultiModeConfigChannel
 .text.__NVIC_SetPriorityGrouping
                0x000000000800300c       0x48 Drivers/STM32H7xx_HAL_Driver/Src/stm32h7xx_hal_cortex.o
 .text.__NVIC_GetPriorityGrouping
                0x0000000008003054       0x1c Drivers/STM32H7xx_HAL_Driver/Src/stm32h7xx_hal_cortex.o
 .text.__NVIC_EnableIRQ
                0x0000000008003070       0x3c Drivers/STM32H7xx_HAL_Driver/Src/stm32h7xx_hal_cortex.o
 .text.__NVIC_SetPriority
                0x00000000080030ac       0x54 Drivers/STM32H7xx_HAL_Driver/Src/stm32h7xx_hal_cortex.o
 .text.NVIC_EncodePriority
                0x0000000008003100       0x66 Drivers/STM32H7xx_HAL_Driver/Src/stm32h7xx_hal_cortex.o
 *fill*         0x0000000008003166        0x2 
 .text.SysTick_Config
                0x0000000008003168       0x44 Drivers/STM32H7xx_HAL_Driver/Src/stm32h7xx_hal_cortex.o
 .text.HAL_NVIC_SetPriorityGrouping
                0x00000000080031ac       0x16 Drivers/STM32H7xx_HAL_Driver/Src/stm32h7xx_hal_cortex.o
                0x00000000080031ac                HAL_NVIC_SetPriorityGrouping
 .text.HAL_NVIC_SetPriority
                0x00000000080031c2       0x34 Drivers/STM32H7xx_HAL_Driver/Src/stm32h7xx_hal_cortex.o
                0x00000000080031c2                HAL_NVIC_SetPriority
 .text.HAL_NVIC_EnableIRQ
                0x00000000080031f6       0x1c Drivers/STM32H7xx_HAL_Driver/Src/stm32h7xx_hal_cortex.o
                0x00000000080031f6                HAL_NVIC_EnableIRQ
 .text.HAL_SYSTICK_Config
                0x0000000008003212       0x18 Drivers/STM32H7xx_HAL_Driver/Src/stm32h7xx_hal_cortex.o
                0x0000000008003212                HAL_SYSTICK_Config
 *fill*         0x000000000800322a        0x2 
 .text.HAL_DMA_Init
                0x000000000800322c      0x6b8 Drivers/STM32H7xx_HAL_Driver/Src/stm32h7xx_hal_dma.o
                0x000000000800322c                HAL_DMA_Init
 .text.HAL_DMA_Abort_IT
                0x00000000080038e4      0x488 Drivers/STM32H7xx_HAL_Driver/Src/stm32h7xx_hal_dma.o
                0x00000000080038e4                HAL_DMA_Abort_IT
 .text.HAL_DMA_IRQHandler
                0x0000000008003d6c      0xe54 Drivers/STM32H7xx_HAL_Driver/Src/stm32h7xx_hal_dma.o
                0x0000000008003d6c                HAL_DMA_IRQHandler
 .text.DMA_CalcBaseAndBitshift
                0x0000000008004bc0      0x164 Drivers/STM32H7xx_HAL_Driver/Src/stm32h7xx_hal_dma.o
 .text.DMA_CheckFifoParam
                0x0000000008004d24       0xf8 Drivers/STM32H7xx_HAL_Driver/Src/stm32h7xx_hal_dma.o
 .text.DMA_CalcDMAMUXChannelBaseAndMask
                0x0000000008004e1c      0x134 Drivers/STM32H7xx_HAL_Driver/Src/stm32h7xx_hal_dma.o
 .text.DMA_CalcDMAMUXRequestGenBaseAndMask
                0x0000000008004f50       0xe8 Drivers/STM32H7xx_HAL_Driver/Src/stm32h7xx_hal_dma.o
 .text.HAL_GPIO_Init
                0x0000000008005038      0x360 Drivers/STM32H7xx_HAL_Driver/Src/stm32h7xx_hal_gpio.o
                0x0000000008005038                HAL_GPIO_Init
 .text.HAL_GPIO_WritePin
                0x0000000008005398       0x32 Drivers/STM32H7xx_HAL_Driver/Src/stm32h7xx_hal_gpio.o
                0x0000000008005398                HAL_GPIO_WritePin
 .text.HAL_GPIO_TogglePin
                0x00000000080053ca       0x36 Drivers/STM32H7xx_HAL_Driver/Src/stm32h7xx_hal_gpio.o
                0x00000000080053ca                HAL_GPIO_TogglePin
 .text.HAL_PWREx_ConfigSupply
                0x0000000008005400       0x74 Drivers/STM32H7xx_HAL_Driver/Src/stm32h7xx_hal_pwr_ex.o
                0x0000000008005400                HAL_PWREx_ConfigSupply
 .text.HAL_RCC_OscConfig
                0x0000000008005474      0x7b0 Drivers/STM32H7xx_HAL_Driver/Src/stm32h7xx_hal_rcc.o
                0x0000000008005474                HAL_RCC_OscConfig
 .text.HAL_RCC_ClockConfig
                0x0000000008005c24      0x36c Drivers/STM32H7xx_HAL_Driver/Src/stm32h7xx_hal_rcc.o
                0x0000000008005c24                HAL_RCC_ClockConfig
 .text.HAL_RCC_GetSysClockFreq
                0x0000000008005f90      0x2e4 Drivers/STM32H7xx_HAL_Driver/Src/stm32h7xx_hal_rcc.o
                0x0000000008005f90                HAL_RCC_GetSysClockFreq
 .text.HAL_RCC_GetHCLKFreq
                0x0000000008006274       0x60 Drivers/STM32H7xx_HAL_Driver/Src/stm32h7xx_hal_rcc.o
                0x0000000008006274                HAL_RCC_GetHCLKFreq
 .text.HAL_RCC_GetPCLK1Freq
                0x00000000080062d4       0x2c Drivers/STM32H7xx_HAL_Driver/Src/stm32h7xx_hal_rcc.o
                0x00000000080062d4                HAL_RCC_GetPCLK1Freq
 .text.HAL_RCC_GetPCLK2Freq
                0x0000000008006300       0x2c Drivers/STM32H7xx_HAL_Driver/Src/stm32h7xx_hal_rcc.o
                0x0000000008006300                HAL_RCC_GetPCLK2Freq
 .text.HAL_RCCEx_PeriphCLKConfig
                0x000000000800632c      0xdbc Drivers/STM32H7xx_HAL_Driver/Src/stm32h7xx_hal_rcc_ex.o
                0x000000000800632c                HAL_RCCEx_PeriphCLKConfig
 .text.HAL_RCCEx_GetPeriphCLKFreq
                0x00000000080070e8      0x4f0 Drivers/STM32H7xx_HAL_Driver/Src/stm32h7xx_hal_rcc_ex.o
                0x00000000080070e8                HAL_RCCEx_GetPeriphCLKFreq
 .text.HAL_RCCEx_GetD3PCLK1Freq
                0x00000000080075d8       0x2c Drivers/STM32H7xx_HAL_Driver/Src/stm32h7xx_hal_rcc_ex.o
                0x00000000080075d8                HAL_RCCEx_GetD3PCLK1Freq
 .text.HAL_RCCEx_GetPLL2ClockFreq
                0x0000000008007604      0x298 Drivers/STM32H7xx_HAL_Driver/Src/stm32h7xx_hal_rcc_ex.o
                0x0000000008007604                HAL_RCCEx_GetPLL2ClockFreq
 .text.HAL_RCCEx_GetPLL3ClockFreq
                0x000000000800789c      0x298 Drivers/STM32H7xx_HAL_Driver/Src/stm32h7xx_hal_rcc_ex.o
                0x000000000800789c                HAL_RCCEx_GetPLL3ClockFreq
 .text.HAL_RCCEx_GetPLL1ClockFreq
                0x0000000008007b34      0x298 Drivers/STM32H7xx_HAL_Driver/Src/stm32h7xx_hal_rcc_ex.o
                0x0000000008007b34                HAL_RCCEx_GetPLL1ClockFreq
 .text.RCCEx_PLL2_Config
                0x0000000008007dcc      0x164 Drivers/STM32H7xx_HAL_Driver/Src/stm32h7xx_hal_rcc_ex.o
 .text.RCCEx_PLL3_Config
                0x0000000008007f30      0x164 Drivers/STM32H7xx_HAL_Driver/Src/stm32h7xx_hal_rcc_ex.o
 .text.HAL_TIM_Base_Init
                0x0000000008008094       0x56 Drivers/STM32H7xx_HAL_Driver/Src/stm32h7xx_hal_tim.o
                0x0000000008008094                HAL_TIM_Base_Init
 *fill*         0x00000000080080ea        0x2 
 .text.HAL_TIM_Base_Start_IT
                0x00000000080080ec       0x54 Drivers/STM32H7xx_HAL_Driver/Src/stm32h7xx_hal_tim.o
                0x00000000080080ec                HAL_TIM_Base_Start_IT
 .text.HAL_TIM_IRQHandler
                0x0000000008008140      0x23e Drivers/STM32H7xx_HAL_Driver/Src/stm32h7xx_hal_tim.o
                0x0000000008008140                HAL_TIM_IRQHandler
 *fill*         0x000000000800837e        0x2 
 .text.HAL_TIM_ConfigClockSource
                0x0000000008008380      0x1a0 Drivers/STM32H7xx_HAL_Driver/Src/stm32h7xx_hal_tim.o
                0x0000000008008380                HAL_TIM_ConfigClockSource
 .text.HAL_TIM_OC_DelayElapsedCallback
                0x0000000008008520       0x14 Drivers/STM32H7xx_HAL_Driver/Src/stm32h7xx_hal_tim.o
                0x0000000008008520                HAL_TIM_OC_DelayElapsedCallback
 .text.HAL_TIM_IC_CaptureCallback
                0x0000000008008534       0x14 Drivers/STM32H7xx_HAL_Driver/Src/stm32h7xx_hal_tim.o
                0x0000000008008534                HAL_TIM_IC_CaptureCallback
 .text.HAL_TIM_PWM_PulseFinishedCallback
                0x0000000008008548       0x14 Drivers/STM32H7xx_HAL_Driver/Src/stm32h7xx_hal_tim.o
                0x0000000008008548                HAL_TIM_PWM_PulseFinishedCallback
 .text.HAL_TIM_TriggerCallback
                0x000000000800855c       0x14 Drivers/STM32H7xx_HAL_Driver/Src/stm32h7xx_hal_tim.o
                0x000000000800855c                HAL_TIM_TriggerCallback
 .text.TIM_Base_SetConfig
                0x0000000008008570      0x134 Drivers/STM32H7xx_HAL_Driver/Src/stm32h7xx_hal_tim.o
                0x0000000008008570                TIM_Base_SetConfig
 .text.TIM_TI1_ConfigInputStage
                0x00000000080086a4       0x5e Drivers/STM32H7xx_HAL_Driver/Src/stm32h7xx_hal_tim.o
 .text.TIM_TI2_ConfigInputStage
                0x0000000008008702       0x60 Drivers/STM32H7xx_HAL_Driver/Src/stm32h7xx_hal_tim.o
 *fill*         0x0000000008008762        0x2 
 .text.TIM_ITRx_SetConfig
                0x0000000008008764       0x3c Drivers/STM32H7xx_HAL_Driver/Src/stm32h7xx_hal_tim.o
 .text.TIM_ETR_SetConfig
                0x00000000080087a0       0x40 Drivers/STM32H7xx_HAL_Driver/Src/stm32h7xx_hal_tim.o
                0x00000000080087a0                TIM_ETR_SetConfig
 .text.HAL_TIMEx_MasterConfigSynchronization
                0x00000000080087e0      0x110 Drivers/STM32H7xx_HAL_Driver/Src/stm32h7xx_hal_tim_ex.o
                0x00000000080087e0                HAL_TIMEx_MasterConfigSynchronization
 .text.HAL_TIMEx_CommutCallback
                0x00000000080088f0       0x14 Drivers/STM32H7xx_HAL_Driver/Src/stm32h7xx_hal_tim_ex.o
                0x00000000080088f0                HAL_TIMEx_CommutCallback
 .text.HAL_TIMEx_BreakCallback
                0x0000000008008904       0x14 Drivers/STM32H7xx_HAL_Driver/Src/stm32h7xx_hal_tim_ex.o
                0x0000000008008904                HAL_TIMEx_BreakCallback
 .text.HAL_TIMEx_Break2Callback
                0x0000000008008918       0x14 Drivers/STM32H7xx_HAL_Driver/Src/stm32h7xx_hal_tim_ex.o
                0x0000000008008918                HAL_TIMEx_Break2Callback
 .text.HAL_UART_Init
                0x000000000800892c       0xa0 Drivers/STM32H7xx_HAL_Driver/Src/stm32h7xx_hal_uart.o
                0x000000000800892c                HAL_UART_Init
 .text.HAL_UART_Transmit_IT
                0x00000000080089cc      0x108 Drivers/STM32H7xx_HAL_Driver/Src/stm32h7xx_hal_uart.o
                0x00000000080089cc                HAL_UART_Transmit_IT
 .text.HAL_UART_Receive_IT
                0x0000000008008ad4      0x1b0 Drivers/STM32H7xx_HAL_Driver/Src/stm32h7xx_hal_uart.o
                0x0000000008008ad4                HAL_UART_Receive_IT
 .text.HAL_UART_IRQHandler
                0x0000000008008c84      0x300 Drivers/STM32H7xx_HAL_Driver/Src/stm32h7xx_hal_uart.o
                0x0000000008008c84                HAL_UART_IRQHandler
 .text.HAL_UART_ErrorCallback
                0x0000000008008f84       0x14 Drivers/STM32H7xx_HAL_Driver/Src/stm32h7xx_hal_uart.o
                0x0000000008008f84                HAL_UART_ErrorCallback
 .text.UART_SetConfig
                0x0000000008008f98     0x22fc Drivers/STM32H7xx_HAL_Driver/Src/stm32h7xx_hal_uart.o
                0x0000000008008f98                UART_SetConfig
 .text.UART_AdvFeatureConfig
                0x000000000800b294      0x144 Drivers/STM32H7xx_HAL_Driver/Src/stm32h7xx_hal_uart.o
                0x000000000800b294                UART_AdvFeatureConfig
 .text.UART_CheckIdleState
                0x000000000800b3d8       0x90 Drivers/STM32H7xx_HAL_Driver/Src/stm32h7xx_hal_uart.o
                0x000000000800b3d8                UART_CheckIdleState
 .text.UART_WaitOnFlagUntilTimeout
                0x000000000800b468      0x100 Drivers/STM32H7xx_HAL_Driver/Src/stm32h7xx_hal_uart.o
                0x000000000800b468                UART_WaitOnFlagUntilTimeout
 .text.UART_EndRxTransfer
                0x000000000800b568       0x48 Drivers/STM32H7xx_HAL_Driver/Src/stm32h7xx_hal_uart.o
 .text.UART_DMAAbortOnError
                0x000000000800b5b0       0x2c Drivers/STM32H7xx_HAL_Driver/Src/stm32h7xx_hal_uart.o
 .text.UART_TxISR_8BIT
                0x000000000800b5dc       0x74 Drivers/STM32H7xx_HAL_Driver/Src/stm32h7xx_hal_uart.o
 .text.UART_TxISR_16BIT
                0x000000000800b650       0x7e Drivers/STM32H7xx_HAL_Driver/Src/stm32h7xx_hal_uart.o
 .text.UART_TxISR_8BIT_FIFOEN
                0x000000000800b6ce       0x9a Drivers/STM32H7xx_HAL_Driver/Src/stm32h7xx_hal_uart.o
 .text.UART_TxISR_16BIT_FIFOEN
                0x000000000800b768       0xa4 Drivers/STM32H7xx_HAL_Driver/Src/stm32h7xx_hal_uart.o
 .text.UART_EndTransmit_IT
                0x000000000800b80c       0x34 Drivers/STM32H7xx_HAL_Driver/Src/stm32h7xx_hal_uart.o
 .text.UART_RxISR_8BIT
                0x000000000800b840       0xaa Drivers/STM32H7xx_HAL_Driver/Src/stm32h7xx_hal_uart.o
 .text.UART_RxISR_16BIT
                0x000000000800b8ea       0xaa Drivers/STM32H7xx_HAL_Driver/Src/stm32h7xx_hal_uart.o
 .text.UART_RxISR_8BIT_FIFOEN
                0x000000000800b994      0x108 Drivers/STM32H7xx_HAL_Driver/Src/stm32h7xx_hal_uart.o
 .text.UART_RxISR_16BIT_FIFOEN
                0x000000000800ba9c      0x108 Drivers/STM32H7xx_HAL_Driver/Src/stm32h7xx_hal_uart.o
 .text.HAL_UARTEx_WakeupCallback
                0x000000000800bba4       0x14 Drivers/STM32H7xx_HAL_Driver/Src/stm32h7xx_hal_uart_ex.o
                0x000000000800bba4                HAL_UARTEx_WakeupCallback
 .text.HAL_UARTEx_RxFifoFullCallback
                0x000000000800bbb8       0x14 Drivers/STM32H7xx_HAL_Driver/Src/stm32h7xx_hal_uart_ex.o
                0x000000000800bbb8                HAL_UARTEx_RxFifoFullCallback
 .text.HAL_UARTEx_TxFifoEmptyCallback
                0x000000000800bbcc       0x14 Drivers/STM32H7xx_HAL_Driver/Src/stm32h7xx_hal_uart_ex.o
                0x000000000800bbcc                HAL_UARTEx_TxFifoEmptyCallback
 .text.HAL_UARTEx_DisableFifoMode
                0x000000000800bbe0       0x72 Drivers/STM32H7xx_HAL_Driver/Src/stm32h7xx_hal_uart_ex.o
                0x000000000800bbe0                HAL_UARTEx_DisableFifoMode
 .text.HAL_UARTEx_SetTxFifoThreshold
                0x000000000800bc52       0x7c Drivers/STM32H7xx_HAL_Driver/Src/stm32h7xx_hal_uart_ex.o
                0x000000000800bc52                HAL_UARTEx_SetTxFifoThreshold
 .text.HAL_UARTEx_SetRxFifoThreshold
                0x000000000800bcce       0x7c Drivers/STM32H7xx_HAL_Driver/Src/stm32h7xx_hal_uart_ex.o
                0x000000000800bcce                HAL_UARTEx_SetRxFifoThreshold
 *fill*         0x000000000800bd4a        0x2 
 .text.UARTEx_SetNbDataToProcess
                0x000000000800bd4c       0xd0 Drivers/STM32H7xx_HAL_Driver/Src/stm32h7xx_hal_uart_ex.o
 .text.__libc_init_array
                0x000000000800be1c       0x48 d:/st/stm32cubeide_1.1.0/stm32cubeide/plugins/com.st.stm32cube.ide.mcu.externaltools.gnu-tools-for-stm32.7-2018-q2-update.win32_1.0.0.201904181610/tools/bin/../lib/gcc/arm-none-eabi/7.3.1/../../../../arm-none-eabi/lib/thumb/v7e-m/fpv5/hard\libc_nano.a(lib_a-init.o)
                0x000000000800be1c                __libc_init_array
 .text.memset   0x000000000800be64       0x10 d:/st/stm32cubeide_1.1.0/stm32cubeide/plugins/com.st.stm32cube.ide.mcu.externaltools.gnu-tools-for-stm32.7-2018-q2-update.win32_1.0.0.201904181610/tools/bin/../lib/gcc/arm-none-eabi/7.3.1/../../../../arm-none-eabi/lib/thumb/v7e-m/fpv5/hard\libc_nano.a(lib_a-memset.o)
                0x000000000800be64                memset
 *(.glue_7)
 .glue_7        0x000000000800be74        0x0 linker stubs
 *(.glue_7t)
 .glue_7t       0x000000000800be74        0x0 linker stubs
 *(.eh_frame)
 .eh_frame      0x000000000800be74        0x0 d:/st/stm32cubeide_1.1.0/stm32cubeide/plugins/com.st.stm32cube.ide.mcu.externaltools.gnu-tools-for-stm32.7-2018-q2-update.win32_1.0.0.201904181610/tools/bin/../lib/gcc/arm-none-eabi/7.3.1/thumb/v7e-m/fpv5/hard/crtbegin.o
 *(.init)
 .init          0x000000000800be74        0x4 d:/st/stm32cubeide_1.1.0/stm32cubeide/plugins/com.st.stm32cube.ide.mcu.externaltools.gnu-tools-for-stm32.7-2018-q2-update.win32_1.0.0.201904181610/tools/bin/../lib/gcc/arm-none-eabi/7.3.1/thumb/v7e-m/fpv5/hard/crti.o
                0x000000000800be74                _init
 .init          0x000000000800be78        0x8 d:/st/stm32cubeide_1.1.0/stm32cubeide/plugins/com.st.stm32cube.ide.mcu.externaltools.gnu-tools-for-stm32.7-2018-q2-update.win32_1.0.0.201904181610/tools/bin/../lib/gcc/arm-none-eabi/7.3.1/thumb/v7e-m/fpv5/hard/crtn.o
 *(.fini)
 .fini          0x000000000800be80        0x4 d:/st/stm32cubeide_1.1.0/stm32cubeide/plugins/com.st.stm32cube.ide.mcu.externaltools.gnu-tools-for-stm32.7-2018-q2-update.win32_1.0.0.201904181610/tools/bin/../lib/gcc/arm-none-eabi/7.3.1/thumb/v7e-m/fpv5/hard/crti.o
                0x000000000800be80                _fini
 .fini          0x000000000800be84        0x8 d:/st/stm32cubeide_1.1.0/stm32cubeide/plugins/com.st.stm32cube.ide.mcu.externaltools.gnu-tools-for-stm32.7-2018-q2-update.win32_1.0.0.201904181610/tools/bin/../lib/gcc/arm-none-eabi/7.3.1/thumb/v7e-m/fpv5/hard/crtn.o
                0x000000000800be8c                . = ALIGN (0x4)
                0x000000000800be8c                _etext = .

.vfp11_veneer   0x000000000800be8c        0x0
 .vfp11_veneer  0x000000000800be8c        0x0 linker stubs

.v4_bx          0x000000000800be8c        0x0
 .v4_bx         0x000000000800be8c        0x0 linker stubs

.iplt           0x000000000800be8c        0x0
 .iplt          0x000000000800be8c        0x0 d:/st/stm32cubeide_1.1.0/stm32cubeide/plugins/com.st.stm32cube.ide.mcu.externaltools.gnu-tools-for-stm32.7-2018-q2-update.win32_1.0.0.201904181610/tools/bin/../lib/gcc/arm-none-eabi/7.3.1/thumb/v7e-m/fpv5/hard/crtbegin.o

.rodata         0x000000000800be8c       0x28
                0x000000000800be8c                . = ALIGN (0x4)
 *(.rodata)
 .rodata        0x000000000800be8c       0x10 Drivers/STM32H7xx_HAL_Driver/Src/stm32h7xx_hal_uart_ex.o
 *(.rodata*)
 .rodata.D1CorePrescTable
                0x000000000800be9c       0x10 Core/Src/system_stm32h7xx.o
                0x000000000800be9c                D1CorePrescTable
 .rodata.flagBitshiftOffset.11601
                0x000000000800beac        0x8 Drivers/STM32H7xx_HAL_Driver/Src/stm32h7xx_hal_dma.o
                0x000000000800beb4                . = ALIGN (0x4)

.ARM.extab      0x000000000800beb4        0x0
                0x000000000800beb4                . = ALIGN (0x4)
 *(.ARM.extab* .gnu.linkonce.armextab.*)
                0x000000000800beb4                . = ALIGN (0x4)

.ARM            0x000000000800beb4        0x8
                0x000000000800beb4                . = ALIGN (0x4)
                0x000000000800beb4                __exidx_start = .
 *(.ARM.exidx*)
 .ARM.exidx     0x000000000800beb4        0x8 d:/st/stm32cubeide_1.1.0/stm32cubeide/plugins/com.st.stm32cube.ide.mcu.externaltools.gnu-tools-for-stm32.7-2018-q2-update.win32_1.0.0.201904181610/tools/bin/../lib/gcc/arm-none-eabi/7.3.1/thumb/v7e-m/fpv5/hard\libgcc.a(_udivmoddi4.o)
                0x000000000800bebc                __exidx_end = .
                0x000000000800bebc                . = ALIGN (0x4)

.rel.dyn        0x000000000800bebc        0x0
 .rel.iplt      0x000000000800bebc        0x0 d:/st/stm32cubeide_1.1.0/stm32cubeide/plugins/com.st.stm32cube.ide.mcu.externaltools.gnu-tools-for-stm32.7-2018-q2-update.win32_1.0.0.201904181610/tools/bin/../lib/gcc/arm-none-eabi/7.3.1/thumb/v7e-m/fpv5/hard/crtbegin.o

.preinit_array  0x000000000800bebc        0x0
                0x000000000800bebc                . = ALIGN (0x4)
                0x000000000800bebc                PROVIDE (__preinit_array_start = .)
 *(.preinit_array*)
                0x000000000800bebc                PROVIDE (__preinit_array_end = .)
                0x000000000800bebc                . = ALIGN (0x4)

.init_array     0x000000000800bebc        0x4
                0x000000000800bebc                . = ALIGN (0x4)
                0x000000000800bebc                PROVIDE (__init_array_start = .)
 *(SORT_BY_NAME(.init_array.*))
 *(.init_array*)
 .init_array    0x000000000800bebc        0x4 d:/st/stm32cubeide_1.1.0/stm32cubeide/plugins/com.st.stm32cube.ide.mcu.externaltools.gnu-tools-for-stm32.7-2018-q2-update.win32_1.0.0.201904181610/tools/bin/../lib/gcc/arm-none-eabi/7.3.1/thumb/v7e-m/fpv5/hard/crtbegin.o
                0x000000000800bec0                PROVIDE (__init_array_end = .)
                0x000000000800bec0                . = ALIGN (0x4)

.fini_array     0x000000000800bec0        0x4
                0x000000000800bec0                . = ALIGN (0x4)
                [!provide]                        PROVIDE (__fini_array_start = .)
 *(SORT_BY_NAME(.fini_array.*))
 *(.fini_array*)
 .fini_array    0x000000000800bec0        0x4 d:/st/stm32cubeide_1.1.0/stm32cubeide/plugins/com.st.stm32cube.ide.mcu.externaltools.gnu-tools-for-stm32.7-2018-q2-update.win32_1.0.0.201904181610/tools/bin/../lib/gcc/arm-none-eabi/7.3.1/thumb/v7e-m/fpv5/hard/crtbegin.o
                [!provide]                        PROVIDE (__fini_array_end = .)
                0x000000000800bec4                . = ALIGN (0x4)
                0x000000000800bec4                _sidata = LOADADDR (.data)

.data           0x0000000024000000       0x28 load address 0x000000000800bec4
                0x0000000024000000                . = ALIGN (0x4)
                0x0000000024000000                _sdata = .
 *(.data)
 *(.data*)
 .data.compassTxPacket
                0x0000000024000000        0x9 Core/Src/mainBrain.o
                0x0000000024000000                compassTxPacket
 *fill*         0x0000000024000009        0x3 
 .data.spinalCordTxPacket
                0x000000002400000c        0x9 Core/Src/mainBrain.o
                0x000000002400000c                spinalCordTxPacket
 *fill*         0x0000000024000015        0x3 
 .data.SystemCoreClock
                0x0000000024000018        0x4 Core/Src/system_stm32h7xx.o
                0x0000000024000018                SystemCoreClock
 .data.SystemD2Clock
                0x000000002400001c        0x4 Core/Src/system_stm32h7xx.o
                0x000000002400001c                SystemD2Clock
 .data.uwTickPrio
                0x0000000024000020        0x4 Drivers/STM32H7xx_HAL_Driver/Src/stm32h7xx_hal.o
                0x0000000024000020                uwTickPrio
 .data.uwTickFreq
                0x0000000024000024        0x1 Drivers/STM32H7xx_HAL_Driver/Src/stm32h7xx_hal.o
                0x0000000024000024                uwTickFreq
                0x0000000024000028                . = ALIGN (0x4)
 *fill*         0x0000000024000025        0x3 
                0x0000000024000028                _edata = .

.igot.plt       0x0000000024000028        0x0 load address 0x000000000800beec
 .igot.plt      0x0000000024000028        0x0 d:/st/stm32cubeide_1.1.0/stm32cubeide/plugins/com.st.stm32cube.ide.mcu.externaltools.gnu-tools-for-stm32.7-2018-q2-update.win32_1.0.0.201904181610/tools/bin/../lib/gcc/arm-none-eabi/7.3.1/thumb/v7e-m/fpv5/hard/crtbegin.o
                0x0000000024000028                . = ALIGN (0x4)

.bss            0x0000000024000028      0x694 load address 0x000000000800beec
                0x0000000024000028                _sbss = .
                0x0000000024000028                __bss_start__ = _sbss
 *(.bss)
 .bss           0x0000000024000028       0x1c d:/st/stm32cubeide_1.1.0/stm32cubeide/plugins/com.st.stm32cube.ide.mcu.externaltools.gnu-tools-for-stm32.7-2018-q2-update.win32_1.0.0.201904181610/tools/bin/../lib/gcc/arm-none-eabi/7.3.1/thumb/v7e-m/fpv5/hard/crtbegin.o
 *(.bss*)
 *(COMMON)
 *fill*         0x0000000024000044        0x4 
 COMMON         0x0000000024000048      0x670 Core/Src/mainBrain.o
                0x0000000024000048                pitPreError
                0x0000000024000050                roRPreError
                0x0000000024000054                manualRobotRxPacket
                0x0000000024000060                yawD
                0x0000000024000068                leftRawDistance
                0x000000002400006c                rigtArmStatus
                0x0000000024000070                huart7
                0x00000000240000fc                trackingWait4SpinalCordRx
                0x0000000024000100                pitD
                0x0000000024000108                roLD
                0x0000000024000110                rigtRawDistance
                0x0000000024000118                roLI
                0x0000000024000120                yawPreError
                0x0000000024000124                huart3
                0x00000000240001b0                trackingControlMotor3
                0x00000000240001b4                constantMoving_tracking
                0x00000000240001b8                htim15
                0x00000000240001f8                roRPID
                0x0000000024000200                pitError
                0x0000000024000208                pitKd
                0x0000000024000210                compassRxPacket
                0x0000000024000220                roRI
                0x0000000024000228                PS2TxCplt
                0x000000002400022c                trackingControlMotor2
                0x0000000024000230                roLKd
                0x0000000024000238                hdma_adc3
                0x00000000240002b0                yawI
                0x00000000240002b8                yawError
                0x00000000240002ba                _rollLeftFinalFilter
                0x00000000240002bc                roLError
                0x00000000240002be                compassData
                0x00000000240002c0                yawP
                0x00000000240002c8                roLPID
                0x00000000240002d0                pitI
                0x00000000240002d8                compassRxCplt
                0x00000000240002dc                leftArmElapsedPulses
                0x00000000240002e0                trackingLegShoot
                0x00000000240002e4                hadc1
                0x0000000024000348                manualRobotRxCplt
                0x000000002400034c                rollRawValue
                0x0000000024000350                hadc3
                0x00000000240003b8                pitP
                0x00000000240003c0                trackingControlMotor1
                0x00000000240003c8                roRP
                0x00000000240003d0                huart1
                0x000000002400045c                trackingLeg
                0x0000000024000460                roLPreError
                0x0000000024000464                legEn
                0x0000000024000468                spinalCordTxCplt
                0x0000000024000469                PS2RxCplt
                0x000000002400046c                hdma_adc1
                0x00000000240004e4                leftArmStatus
                0x00000000240004e8                tracking
                0x00000000240004f0                pitPID
                0x00000000240004f8                trackingControlMotor4
                0x00000000240004fc                _pitchFinalFilter
                0x0000000024000500                roRKi
                0x0000000024000508                rigtArmEn
                0x000000002400050c                manualRobotTxCplt
                0x0000000024000510                roLP
                0x0000000024000518                legElapsedPulses
                0x0000000024000520                roRKp
                0x0000000024000528                trackingWait4SpinalCordTx
                0x000000002400052c                rigtArmElapsedPulses
                0x0000000024000530                pitchRawValue
                0x0000000024000538                yawPID
                0x0000000024000540                huart6
                0x00000000240005cc                PS2RxPacket
                0x00000000240005d4                legStatus
                0x00000000240005d8                trackingRigtArm
                0x00000000240005e0                roLKi
                0x00000000240005e8                roRKd
                0x00000000240005f0                compassTxCplt
                0x00000000240005f2                _rollRigtFinalFilter
                0x00000000240005f4                spinalCordRxPacket
                0x0000000024000600                trackingLeftArm
                0x0000000024000608                roLKp
                0x0000000024000610                pitKi
                0x0000000024000618                htim12
                0x0000000024000658                spinalCordRxCplt
                0x000000002400065c                trackingReceiSpinalCord
                0x0000000024000660                htim7
                0x00000000240006a0                trackingWait4CompassRx
                0x00000000240006a4                leftArmEn
                0x00000000240006a8                roRD
                0x00000000240006b0                pitchRawDistance
                0x00000000240006b2                roRError
                0x00000000240006b4                trackingWait4CompassTx
 COMMON         0x00000000240006b8        0x4 Drivers/STM32H7xx_HAL_Driver/Src/stm32h7xx_hal.o
                0x00000000240006b8                uwTick
                0x00000000240006bc                . = ALIGN (0x4)
                0x00000000240006bc                _ebss = .
                0x00000000240006bc                __bss_end__ = _ebss

._user_heap_stack
                0x00000000240006bc      0x604 load address 0x000000000800beec
                0x00000000240006c0                . = ALIGN (0x8)
 *fill*         0x00000000240006bc        0x4 
                0x00000000240006c0                PROVIDE (end = .)
                [!provide]                        PROVIDE (_end = .)
                0x00000000240008c0                . = (. + _Min_Heap_Size)
 *fill*         0x00000000240006c0      0x200 
                0x0000000024000cc0                . = (. + _Min_Stack_Size)
 *fill*         0x00000000240008c0      0x400 
                0x0000000024000cc0                . = ALIGN (0x8)

/DISCARD/
 libc.a(*)
 libm.a(*)
 libgcc.a(*)

.ARM.attributes
                0x0000000000000000       0x2e
 *(.ARM.attributes)
 .ARM.attributes
                0x0000000000000000       0x20 d:/st/stm32cubeide_1.1.0/stm32cubeide/plugins/com.st.stm32cube.ide.mcu.externaltools.gnu-tools-for-stm32.7-2018-q2-update.win32_1.0.0.201904181610/tools/bin/../lib/gcc/arm-none-eabi/7.3.1/thumb/v7e-m/fpv5/hard/crti.o
 .ARM.attributes
                0x0000000000000020       0x32 d:/st/stm32cubeide_1.1.0/stm32cubeide/plugins/com.st.stm32cube.ide.mcu.externaltools.gnu-tools-for-stm32.7-2018-q2-update.win32_1.0.0.201904181610/tools/bin/../lib/gcc/arm-none-eabi/7.3.1/thumb/v7e-m/fpv5/hard/crtbegin.o
 .ARM.attributes
                0x0000000000000052       0x37 Core/Src/mainBrain.o
 .ARM.attributes
                0x0000000000000089       0x37 Core/Src/stm32h7xx_hal_msp.o
 .ARM.attributes
                0x00000000000000c0       0x37 Core/Src/stm32h7xx_it.o
 .ARM.attributes
                0x00000000000000f7       0x37 Core/Src/system_stm32h7xx.o
 .ARM.attributes
                0x000000000000012e       0x21 Core/Startup/startup_stm32h743zitx.o
 .ARM.attributes
                0x000000000000014f       0x37 Drivers/STM32H7xx_HAL_Driver/Src/stm32h7xx_hal.o
 .ARM.attributes
                0x0000000000000186       0x37 Drivers/STM32H7xx_HAL_Driver/Src/stm32h7xx_hal_adc.o
 .ARM.attributes
                0x00000000000001bd       0x37 Drivers/STM32H7xx_HAL_Driver/Src/stm32h7xx_hal_adc_ex.o
 .ARM.attributes
                0x00000000000001f4       0x37 Drivers/STM32H7xx_HAL_Driver/Src/stm32h7xx_hal_cortex.o
 .ARM.attributes
                0x000000000000022b       0x37 Drivers/STM32H7xx_HAL_Driver/Src/stm32h7xx_hal_dma.o
 .ARM.attributes
                0x0000000000000262       0x37 Drivers/STM32H7xx_HAL_Driver/Src/stm32h7xx_hal_gpio.o
 .ARM.attributes
                0x0000000000000299       0x37 Drivers/STM32H7xx_HAL_Driver/Src/stm32h7xx_hal_pwr_ex.o
 .ARM.attributes
                0x00000000000002d0       0x37 Drivers/STM32H7xx_HAL_Driver/Src/stm32h7xx_hal_rcc.o
 .ARM.attributes
                0x0000000000000307       0x37 Drivers/STM32H7xx_HAL_Driver/Src/stm32h7xx_hal_rcc_ex.o
 .ARM.attributes
                0x000000000000033e       0x37 Drivers/STM32H7xx_HAL_Driver/Src/stm32h7xx_hal_tim.o
 .ARM.attributes
                0x0000000000000375       0x37 Drivers/STM32H7xx_HAL_Driver/Src/stm32h7xx_hal_tim_ex.o
 .ARM.attributes
                0x00000000000003ac       0x37 Drivers/STM32H7xx_HAL_Driver/Src/stm32h7xx_hal_uart.o
 .ARM.attributes
                0x00000000000003e3       0x37 Drivers/STM32H7xx_HAL_Driver/Src/stm32h7xx_hal_uart_ex.o
 .ARM.attributes
                0x000000000000041a       0x32 d:/st/stm32cubeide_1.1.0/stm32cubeide/plugins/com.st.stm32cube.ide.mcu.externaltools.gnu-tools-for-stm32.7-2018-q2-update.win32_1.0.0.201904181610/tools/bin/../lib/gcc/arm-none-eabi/7.3.1/../../../../arm-none-eabi/lib/thumb/v7e-m/fpv5/hard\libc_nano.a(lib_a-init.o)
 .ARM.attributes
                0x000000000000044c       0x32 d:/st/stm32cubeide_1.1.0/stm32cubeide/plugins/com.st.stm32cube.ide.mcu.externaltools.gnu-tools-for-stm32.7-2018-q2-update.win32_1.0.0.201904181610/tools/bin/../lib/gcc/arm-none-eabi/7.3.1/../../../../arm-none-eabi/lib/thumb/v7e-m/fpv5/hard\libc_nano.a(lib_a-memset.o)
 .ARM.attributes
                0x000000000000047e       0x20 d:/st/stm32cubeide_1.1.0/stm32cubeide/plugins/com.st.stm32cube.ide.mcu.externaltools.gnu-tools-for-stm32.7-2018-q2-update.win32_1.0.0.201904181610/tools/bin/../lib/gcc/arm-none-eabi/7.3.1/thumb/v7e-m/fpv5/hard\libgcc.a(_aeabi_uldivmod.o)
 .ARM.attributes
                0x000000000000049e       0x32 d:/st/stm32cubeide_1.1.0/stm32cubeide/plugins/com.st.stm32cube.ide.mcu.externaltools.gnu-tools-for-stm32.7-2018-q2-update.win32_1.0.0.201904181610/tools/bin/../lib/gcc/arm-none-eabi/7.3.1/thumb/v7e-m/fpv5/hard\libgcc.a(_udivmoddi4.o)
 .ARM.attributes
                0x00000000000004d0       0x20 d:/st/stm32cubeide_1.1.0/stm32cubeide/plugins/com.st.stm32cube.ide.mcu.externaltools.gnu-tools-for-stm32.7-2018-q2-update.win32_1.0.0.201904181610/tools/bin/../lib/gcc/arm-none-eabi/7.3.1/thumb/v7e-m/fpv5/hard\libgcc.a(_dvmd_tls.o)
 .ARM.attributes
                0x00000000000004f0       0x20 d:/st/stm32cubeide_1.1.0/stm32cubeide/plugins/com.st.stm32cube.ide.mcu.externaltools.gnu-tools-for-stm32.7-2018-q2-update.win32_1.0.0.201904181610/tools/bin/../lib/gcc/arm-none-eabi/7.3.1/thumb/v7e-m/fpv5/hard/crtn.o
OUTPUT(brain.elf elf32-littlearm)

.debug_info     0x0000000000000000    0x20784
 .debug_info    0x0000000000000000     0x3974 Core/Src/mainBrain.o
 .debug_info    0x0000000000003974     0x22f3 Core/Src/stm32h7xx_hal_msp.o
 .debug_info    0x0000000000005c67     0x14e8 Core/Src/stm32h7xx_it.o
 .debug_info    0x000000000000714f     0x1331 Core/Src/system_stm32h7xx.o
 .debug_info    0x0000000000008480       0x22 Core/Startup/startup_stm32h743zitx.o
 .debug_info    0x00000000000084a2     0x1e00 Drivers/STM32H7xx_HAL_Driver/Src/stm32h7xx_hal.o
 .debug_info    0x000000000000a2a2     0x25a0 Drivers/STM32H7xx_HAL_Driver/Src/stm32h7xx_hal_adc.o
 .debug_info    0x000000000000c842     0x26d5 Drivers/STM32H7xx_HAL_Driver/Src/stm32h7xx_hal_adc_ex.o
 .debug_info    0x000000000000ef17     0x1a74 Drivers/STM32H7xx_HAL_Driver/Src/stm32h7xx_hal_cortex.o
 .debug_info    0x000000000001098b     0x15b7 Drivers/STM32H7xx_HAL_Driver/Src/stm32h7xx_hal_dma.o
 .debug_info    0x0000000000011f42     0x1640 Drivers/STM32H7xx_HAL_Driver/Src/stm32h7xx_hal_gpio.o
 .debug_info    0x0000000000013582     0x1915 Drivers/STM32H7xx_HAL_Driver/Src/stm32h7xx_hal_pwr_ex.o
 .debug_info    0x0000000000014e97     0x17a1 Drivers/STM32H7xx_HAL_Driver/Src/stm32h7xx_hal_rcc.o
 .debug_info    0x0000000000016638     0x1af9 Drivers/STM32H7xx_HAL_Driver/Src/stm32h7xx_hal_rcc_ex.o
 .debug_info    0x0000000000018131     0x3050 Drivers/STM32H7xx_HAL_Driver/Src/stm32h7xx_hal_tim.o
 .debug_info    0x000000000001b181     0x1d08 Drivers/STM32H7xx_HAL_Driver/Src/stm32h7xx_hal_tim_ex.o
 .debug_info    0x000000000001ce89     0x2478 Drivers/STM32H7xx_HAL_Driver/Src/stm32h7xx_hal_uart.o
 .debug_info    0x000000000001f301     0x1483 Drivers/STM32H7xx_HAL_Driver/Src/stm32h7xx_hal_uart_ex.o

.debug_abbrev   0x0000000000000000     0x2ed3
 .debug_abbrev  0x0000000000000000      0x36d Core/Src/mainBrain.o
 .debug_abbrev  0x000000000000036d      0x26f Core/Src/stm32h7xx_hal_msp.o
 .debug_abbrev  0x00000000000005dc      0x1ff Core/Src/stm32h7xx_it.o
 .debug_abbrev  0x00000000000007db      0x21f Core/Src/system_stm32h7xx.o
 .debug_abbrev  0x00000000000009fa       0x12 Core/Startup/startup_stm32h743zitx.o
 .debug_abbrev  0x0000000000000a0c      0x2d9 Drivers/STM32H7xx_HAL_Driver/Src/stm32h7xx_hal.o
 .debug_abbrev  0x0000000000000ce5      0x2c8 Drivers/STM32H7xx_HAL_Driver/Src/stm32h7xx_hal_adc.o
 .debug_abbrev  0x0000000000000fad      0x306 Drivers/STM32H7xx_HAL_Driver/Src/stm32h7xx_hal_adc_ex.o
 .debug_abbrev  0x00000000000012b3      0x3b5 Drivers/STM32H7xx_HAL_Driver/Src/stm32h7xx_hal_cortex.o
 .debug_abbrev  0x0000000000001668      0x289 Drivers/STM32H7xx_HAL_Driver/Src/stm32h7xx_hal_dma.o
 .debug_abbrev  0x00000000000018f1      0x28f Drivers/STM32H7xx_HAL_Driver/Src/stm32h7xx_hal_gpio.o
 .debug_abbrev  0x0000000000001b80      0x311 Drivers/STM32H7xx_HAL_Driver/Src/stm32h7xx_hal_pwr_ex.o
 .debug_abbrev  0x0000000000001e91      0x2e2 Drivers/STM32H7xx_HAL_Driver/Src/stm32h7xx_hal_rcc.o
 .debug_abbrev  0x0000000000002173      0x2db Drivers/STM32H7xx_HAL_Driver/Src/stm32h7xx_hal_rcc_ex.o
 .debug_abbrev  0x000000000000244e      0x2bd Drivers/STM32H7xx_HAL_Driver/Src/stm32h7xx_hal_tim.o
 .debug_abbrev  0x000000000000270b      0x2ab Drivers/STM32H7xx_HAL_Driver/Src/stm32h7xx_hal_tim_ex.o
 .debug_abbrev  0x00000000000029b6      0x2ae Drivers/STM32H7xx_HAL_Driver/Src/stm32h7xx_hal_uart.o
 .debug_abbrev  0x0000000000002c64      0x26f Drivers/STM32H7xx_HAL_Driver/Src/stm32h7xx_hal_uart_ex.o

.debug_aranges  0x0000000000000000     0x15c8
 .debug_aranges
                0x0000000000000000      0x1e0 Core/Src/mainBrain.o
 .debug_aranges
                0x00000000000001e0       0x50 Core/Src/stm32h7xx_hal_msp.o
 .debug_aranges
                0x0000000000000230       0xa8 Core/Src/stm32h7xx_it.o
 .debug_aranges
                0x00000000000002d8       0x28 Core/Src/system_stm32h7xx.o
 .debug_aranges
                0x0000000000000300       0x28 Core/Startup/startup_stm32h743zitx.o
 .debug_aranges
                0x0000000000000328      0x1b8 Drivers/STM32H7xx_HAL_Driver/Src/stm32h7xx_hal.o
 .debug_aranges
                0x00000000000004e0      0x228 Drivers/STM32H7xx_HAL_Driver/Src/stm32h7xx_hal_adc.o
 .debug_aranges
                0x0000000000000708      0x1e0 Drivers/STM32H7xx_HAL_Driver/Src/stm32h7xx_hal_adc_ex.o
 .debug_aranges
                0x00000000000008e8      0x120 Drivers/STM32H7xx_HAL_Driver/Src/stm32h7xx_hal_cortex.o
 .debug_aranges
                0x0000000000000a08       0xa0 Drivers/STM32H7xx_HAL_Driver/Src/stm32h7xx_hal_dma.o
 .debug_aranges
                0x0000000000000aa8       0x58 Drivers/STM32H7xx_HAL_Driver/Src/stm32h7xx_hal_gpio.o
 .debug_aranges
                0x0000000000000b00      0x158 Drivers/STM32H7xx_HAL_Driver/Src/stm32h7xx_hal_pwr_ex.o
 .debug_aranges
                0x0000000000000c58       0x88 Drivers/STM32H7xx_HAL_Driver/Src/stm32h7xx_hal_rcc.o
 .debug_aranges
                0x0000000000000ce0       0xf8 Drivers/STM32H7xx_HAL_Driver/Src/stm32h7xx_hal_rcc_ex.o
 .debug_aranges
                0x0000000000000dd8      0x3c8 Drivers/STM32H7xx_HAL_Driver/Src/stm32h7xx_hal_tim.o
 .debug_aranges
                0x00000000000011a0      0x170 Drivers/STM32H7xx_HAL_Driver/Src/stm32h7xx_hal_tim_ex.o
 .debug_aranges
                0x0000000000001310      0x230 Drivers/STM32H7xx_HAL_Driver/Src/stm32h7xx_hal_uart.o
 .debug_aranges
                0x0000000000001540       0x88 Drivers/STM32H7xx_HAL_Driver/Src/stm32h7xx_hal_uart_ex.o

.debug_ranges   0x0000000000000000     0x14b0
 .debug_ranges  0x0000000000000000      0x1d0 Core/Src/mainBrain.o
 .debug_ranges  0x00000000000001d0       0x40 Core/Src/stm32h7xx_hal_msp.o
 .debug_ranges  0x0000000000000210       0x98 Core/Src/stm32h7xx_it.o
 .debug_ranges  0x00000000000002a8       0x18 Core/Src/system_stm32h7xx.o
 .debug_ranges  0x00000000000002c0       0x20 Core/Startup/startup_stm32h743zitx.o
 .debug_ranges  0x00000000000002e0      0x1a8 Drivers/STM32H7xx_HAL_Driver/Src/stm32h7xx_hal.o
 .debug_ranges  0x0000000000000488      0x218 Drivers/STM32H7xx_HAL_Driver/Src/stm32h7xx_hal_adc.o
 .debug_ranges  0x00000000000006a0      0x1d0 Drivers/STM32H7xx_HAL_Driver/Src/stm32h7xx_hal_adc_ex.o
 .debug_ranges  0x0000000000000870      0x110 Drivers/STM32H7xx_HAL_Driver/Src/stm32h7xx_hal_cortex.o
 .debug_ranges  0x0000000000000980       0x90 Drivers/STM32H7xx_HAL_Driver/Src/stm32h7xx_hal_dma.o
 .debug_ranges  0x0000000000000a10       0x48 Drivers/STM32H7xx_HAL_Driver/Src/stm32h7xx_hal_gpio.o
 .debug_ranges  0x0000000000000a58      0x148 Drivers/STM32H7xx_HAL_Driver/Src/stm32h7xx_hal_pwr_ex.o
 .debug_ranges  0x0000000000000ba0       0x78 Drivers/STM32H7xx_HAL_Driver/Src/stm32h7xx_hal_rcc.o
 .debug_ranges  0x0000000000000c18       0xe8 Drivers/STM32H7xx_HAL_Driver/Src/stm32h7xx_hal_rcc_ex.o
 .debug_ranges  0x0000000000000d00      0x3b8 Drivers/STM32H7xx_HAL_Driver/Src/stm32h7xx_hal_tim.o
 .debug_ranges  0x00000000000010b8      0x160 Drivers/STM32H7xx_HAL_Driver/Src/stm32h7xx_hal_tim_ex.o
 .debug_ranges  0x0000000000001218      0x220 Drivers/STM32H7xx_HAL_Driver/Src/stm32h7xx_hal_uart.o
 .debug_ranges  0x0000000000001438       0x78 Drivers/STM32H7xx_HAL_Driver/Src/stm32h7xx_hal_uart_ex.o

.debug_macro    0x0000000000000000    0x38692
 .debug_macro   0x0000000000000000      0x335 Core/Src/mainBrain.o
 .debug_macro   0x0000000000000335      0xa66 Core/Src/mainBrain.o
 .debug_macro   0x0000000000000d9b      0x221 Core/Src/mainBrain.o
 .debug_macro   0x0000000000000fbc       0x2e Core/Src/mainBrain.o
 .debug_macro   0x0000000000000fea       0x3b Core/Src/mainBrain.o
 .debug_macro   0x0000000000001025       0x22 Core/Src/mainBrain.o
 .debug_macro   0x0000000000001047       0x8e Core/Src/mainBrain.o
 .debug_macro   0x00000000000010d5       0x51 Core/Src/mainBrain.o
 .debug_macro   0x0000000000001126       0xef Core/Src/mainBrain.o
 .debug_macro   0x0000000000001215       0x6a Core/Src/mainBrain.o
 .debug_macro   0x000000000000127f      0x1df Core/Src/mainBrain.o
 .debug_macro   0x000000000000145e       0x1c Core/Src/mainBrain.o
 .debug_macro   0x000000000000147a       0x22 Core/Src/mainBrain.o
 .debug_macro   0x000000000000149c       0xdf Core/Src/mainBrain.o
 .debug_macro   0x000000000000157b     0x12cd Core/Src/mainBrain.o
 .debug_macro   0x0000000000002848      0x11f Core/Src/mainBrain.o
 .debug_macro   0x0000000000002967       0x19 Core/Src/mainBrain.o
 .debug_macro   0x0000000000002980    0x25393 Core/Src/mainBrain.o
 .debug_macro   0x0000000000027d13       0x43 Core/Src/mainBrain.o
 .debug_macro   0x0000000000027d56     0x3cd3 Core/Src/mainBrain.o
 .debug_macro   0x000000000002ba29      0x174 Core/Src/mainBrain.o
 .debug_macro   0x000000000002bb9d       0x46 Core/Src/mainBrain.o
 .debug_macro   0x000000000002bbe3       0x17 Core/Src/mainBrain.o
 .debug_macro   0x000000000002bbfa       0x3c Core/Src/mainBrain.o
 .debug_macro   0x000000000002bc36       0x34 Core/Src/mainBrain.o
 .debug_macro   0x000000000002bc6a       0x52 Core/Src/mainBrain.o
 .debug_macro   0x000000000002bcbc       0x1f Core/Src/mainBrain.o
 .debug_macro   0x000000000002bcdb       0x43 Core/Src/mainBrain.o
 .debug_macro   0x000000000002bd1e       0x20 Core/Src/mainBrain.o
 .debug_macro   0x000000000002bd3e      0x1a3 Core/Src/mainBrain.o
 .debug_macro   0x000000000002bee1      0x32a Core/Src/mainBrain.o
 .debug_macro   0x000000000002c20b      0x1e1 Core/Src/mainBrain.o
 .debug_macro   0x000000000002c3ec       0x54 Core/Src/mainBrain.o
 .debug_macro   0x000000000002c440     0x2382 Core/Src/mainBrain.o
 .debug_macro   0x000000000002e7c2      0xfe6 Core/Src/mainBrain.o
 .debug_macro   0x000000000002f7a8      0x138 Core/Src/mainBrain.o
 .debug_macro   0x000000000002f8e0      0x117 Core/Src/mainBrain.o
 .debug_macro   0x000000000002f9f7      0x394 Core/Src/mainBrain.o
 .debug_macro   0x000000000002fd8b       0x27 Core/Src/mainBrain.o
 .debug_macro   0x000000000002fdb2      0x72d Core/Src/mainBrain.o
 .debug_macro   0x00000000000304df      0x229 Core/Src/mainBrain.o
 .debug_macro   0x0000000000030708       0x66 Core/Src/mainBrain.o
 .debug_macro   0x000000000003076e      0x3ad Core/Src/mainBrain.o
 .debug_macro   0x0000000000030b1b      0x3e5 Core/Src/mainBrain.o
 .debug_macro   0x0000000000030f00      0x275 Core/Src/mainBrain.o
 .debug_macro   0x0000000000031175     0x101a Core/Src/mainBrain.o
 .debug_macro   0x000000000003218f      0x6b7 Core/Src/mainBrain.o
 .debug_macro   0x0000000000032846      0x36e Core/Src/mainBrain.o
 .debug_macro   0x0000000000032bb4      0x3cb Core/Src/mainBrain.o
 .debug_macro   0x0000000000032f7f      0x40f Core/Src/mainBrain.o
 .debug_macro   0x000000000003338e       0x51 Core/Src/mainBrain.o
 .debug_macro   0x00000000000333df       0x4a Core/Src/mainBrain.o
 .debug_macro   0x0000000000033429      0x22c Core/Src/mainBrain.o
 .debug_macro   0x0000000000033655       0x58 Core/Src/mainBrain.o
 .debug_macro   0x00000000000336ad       0xa5 Core/Src/mainBrain.o
 .debug_macro   0x0000000000033752      0x1c5 Core/Src/mainBrain.o
 .debug_macro   0x0000000000033917      0x259 Core/Src/mainBrain.o
 .debug_macro   0x0000000000033b70       0x35 Core/Src/mainBrain.o
 .debug_macro   0x0000000000033ba5      0xaad Core/Src/mainBrain.o
 .debug_macro   0x0000000000034652      0x2a0 Core/Src/mainBrain.o
 .debug_macro   0x00000000000348f2      0x662 Core/Src/mainBrain.o
 .debug_macro   0x0000000000034f54       0xa6 Core/Src/mainBrain.o
 .debug_macro   0x0000000000034ffa      0x58b Core/Src/mainBrain.o
 .debug_macro   0x0000000000035585      0x160 Core/Src/mainBrain.o
 .debug_macro   0x00000000000356e5       0x16 Core/Src/mainBrain.o
 .debug_macro   0x00000000000356fb       0x35 Core/Src/mainBrain.o
 .debug_macro   0x0000000000035730       0x16 Core/Src/mainBrain.o
 .debug_macro   0x0000000000035746       0x29 Core/Src/mainBrain.o
 .debug_macro   0x000000000003576f       0x10 Core/Src/mainBrain.o
 .debug_macro   0x000000000003577f       0x4c Core/Src/mainBrain.o
 .debug_macro   0x00000000000357cb       0x1c Core/Src/mainBrain.o
 .debug_macro   0x00000000000357e7       0x5e Core/Src/mainBrain.o
 .debug_macro   0x0000000000035845       0xb2 Core/Src/mainBrain.o
 .debug_macro   0x00000000000358f7      0x2cc Core/Src/stm32h7xx_hal_msp.o
 .debug_macro   0x0000000000035bc3      0x2d6 Core/Src/stm32h7xx_it.o
 .debug_macro   0x0000000000035e99      0x2c3 Core/Src/system_stm32h7xx.o
 .debug_macro   0x000000000003615c      0x2e7 Drivers/STM32H7xx_HAL_Driver/Src/stm32h7xx_hal.o
 .debug_macro   0x0000000000036443      0x2e1 Drivers/STM32H7xx_HAL_Driver/Src/stm32h7xx_hal_adc.o
 .debug_macro   0x0000000000036724      0x2c9 Drivers/STM32H7xx_HAL_Driver/Src/stm32h7xx_hal_adc_ex.o
 .debug_macro   0x00000000000369ed      0x2bd Drivers/STM32H7xx_HAL_Driver/Src/stm32h7xx_hal_cortex.o
 .debug_macro   0x0000000000036caa      0x311 Drivers/STM32H7xx_HAL_Driver/Src/stm32h7xx_hal_dma.o
 .debug_macro   0x0000000000036fbb      0x2f9 Drivers/STM32H7xx_HAL_Driver/Src/stm32h7xx_hal_gpio.o
 .debug_macro   0x00000000000372b4      0x2f6 Drivers/STM32H7xx_HAL_Driver/Src/stm32h7xx_hal_pwr_ex.o
 .debug_macro   0x00000000000375aa      0x2e1 Drivers/STM32H7xx_HAL_Driver/Src/stm32h7xx_hal_rcc.o
 .debug_macro   0x000000000003788b      0x2db Drivers/STM32H7xx_HAL_Driver/Src/stm32h7xx_hal_rcc_ex.o
 .debug_macro   0x0000000000037b66      0x2be Drivers/STM32H7xx_HAL_Driver/Src/stm32h7xx_hal_tim.o
 .debug_macro   0x0000000000037e24      0x2bd Drivers/STM32H7xx_HAL_Driver/Src/stm32h7xx_hal_tim_ex.o
 .debug_macro   0x00000000000380e1      0x2e8 Drivers/STM32H7xx_HAL_Driver/Src/stm32h7xx_hal_uart.o
 .debug_macro   0x00000000000383c9      0x2c9 Drivers/STM32H7xx_HAL_Driver/Src/stm32h7xx_hal_uart_ex.o

.debug_line     0x0000000000000000    0x1227c
 .debug_line    0x0000000000000000     0x1161 Core/Src/mainBrain.o
 .debug_line    0x0000000000001161      0x9b8 Core/Src/stm32h7xx_hal_msp.o
 .debug_line    0x0000000000001b19      0x9d5 Core/Src/stm32h7xx_it.o
 .debug_line    0x00000000000024ee      0x8d4 Core/Src/system_stm32h7xx.o
 .debug_line    0x0000000000002dc2       0x85 Core/Startup/startup_stm32h743zitx.o
 .debug_line    0x0000000000002e47      0xc8d Drivers/STM32H7xx_HAL_Driver/Src/stm32h7xx_hal.o
 .debug_line    0x0000000000003ad4     0x1865 Drivers/STM32H7xx_HAL_Driver/Src/stm32h7xx_hal_adc.o
 .debug_line    0x0000000000005339     0x1634 Drivers/STM32H7xx_HAL_Driver/Src/stm32h7xx_hal_adc_ex.o
 .debug_line    0x000000000000696d      0xbcb Drivers/STM32H7xx_HAL_Driver/Src/stm32h7xx_hal_cortex.o
 .debug_line    0x0000000000007538     0x1d82 Drivers/STM32H7xx_HAL_Driver/Src/stm32h7xx_hal_dma.o
 .debug_line    0x00000000000092ba      0xa86 Drivers/STM32H7xx_HAL_Driver/Src/stm32h7xx_hal_gpio.o
 .debug_line    0x0000000000009d40      0xc63 Drivers/STM32H7xx_HAL_Driver/Src/stm32h7xx_hal_pwr_ex.o
 .debug_line    0x000000000000a9a3      0xc38 Drivers/STM32H7xx_HAL_Driver/Src/stm32h7xx_hal_rcc.o
 .debug_line    0x000000000000b5db      0xec5 Drivers/STM32H7xx_HAL_Driver/Src/stm32h7xx_hal_rcc_ex.o
 .debug_line    0x000000000000c4a0     0x1d6b Drivers/STM32H7xx_HAL_Driver/Src/stm32h7xx_hal_tim.o
 .debug_line    0x000000000000e20b      0xfd5 Drivers/STM32H7xx_HAL_Driver/Src/stm32h7xx_hal_tim_ex.o
 .debug_line    0x000000000000f1e0     0x259e Drivers/STM32H7xx_HAL_Driver/Src/stm32h7xx_hal_uart.o
 .debug_line    0x000000000001177e      0xafe Drivers/STM32H7xx_HAL_Driver/Src/stm32h7xx_hal_uart_ex.o

.debug_str      0x0000000000000000   0x17387c
 .debug_str     0x0000000000000000   0x16dc52 Core/Src/mainBrain.o
                                     0x16e6a2 (size before relaxing)
 .debug_str     0x000000000016dc52       0xc0 Core/Src/stm32h7xx_hal_msp.o
                                     0x16d11f (size before relaxing)
 .debug_str     0x000000000016dd12      0x16f Core/Src/stm32h7xx_it.o
                                     0x16c48b (size before relaxing)
 .debug_str     0x000000000016de81      0x1f1 Core/Src/system_stm32h7xx.o
                                     0x16b920 (size before relaxing)
 .debug_str     0x000000000016e072       0x5c Core/Startup/startup_stm32h743zitx.o
 .debug_str     0x000000000016e0ce      0x7e5 Drivers/STM32H7xx_HAL_Driver/Src/stm32h7xx_hal.o
                                     0x16c8ee (size before relaxing)
 .debug_str     0x000000000016e8b3      0xa48 Drivers/STM32H7xx_HAL_Driver/Src/stm32h7xx_hal_adc.o
                                     0x16c6a0 (size before relaxing)
 .debug_str     0x000000000016f2fb      0x8ad Drivers/STM32H7xx_HAL_Driver/Src/stm32h7xx_hal_adc_ex.o
                                     0x16c7b7 (size before relaxing)
 .debug_str     0x000000000016fba8      0x3a1 Drivers/STM32H7xx_HAL_Driver/Src/stm32h7xx_hal_cortex.o
                                     0x16c379 (size before relaxing)
 .debug_str     0x000000000016ff49      0x883 Drivers/STM32H7xx_HAL_Driver/Src/stm32h7xx_hal_dma.o
                                     0x16c15a (size before relaxing)
 .debug_str     0x00000000001707cc      0x1ff Drivers/STM32H7xx_HAL_Driver/Src/stm32h7xx_hal_gpio.o
                                     0x16bb11 (size before relaxing)
 .debug_str     0x00000000001709cb      0x627 Drivers/STM32H7xx_HAL_Driver/Src/stm32h7xx_hal_pwr_ex.o
                                     0x16bec5 (size before relaxing)
 .debug_str     0x0000000000170ff2      0x38c Drivers/STM32H7xx_HAL_Driver/Src/stm32h7xx_hal_rcc.o
                                     0x16bda0 (size before relaxing)
 .debug_str     0x000000000017137e      0x665 Drivers/STM32H7xx_HAL_Driver/Src/stm32h7xx_hal_rcc_ex.o
                                     0x16c252 (size before relaxing)
 .debug_str     0x00000000001719e3      0xd47 Drivers/STM32H7xx_HAL_Driver/Src/stm32h7xx_hal_tim.o
                                     0x16c914 (size before relaxing)
 .debug_str     0x000000000017272a      0x5af Drivers/STM32H7xx_HAL_Driver/Src/stm32h7xx_hal_tim_ex.o
                                     0x16c204 (size before relaxing)
 .debug_str     0x0000000000172cd9      0x91d Drivers/STM32H7xx_HAL_Driver/Src/stm32h7xx_hal_uart.o
                                     0x16c6c8 (size before relaxing)
 .debug_str     0x00000000001735f6      0x286 Drivers/STM32H7xx_HAL_Driver/Src/stm32h7xx_hal_uart_ex.o
                                     0x16bd10 (size before relaxing)

.comment        0x0000000000000000       0x7b
 .comment       0x0000000000000000       0x7b Core/Src/mainBrain.o
                                         0x7c (size before relaxing)
 .comment       0x000000000000007b       0x7c Core/Src/stm32h7xx_hal_msp.o
 .comment       0x000000000000007b       0x7c Core/Src/stm32h7xx_it.o
 .comment       0x000000000000007b       0x7c Core/Src/system_stm32h7xx.o
 .comment       0x000000000000007b       0x7c Drivers/STM32H7xx_HAL_Driver/Src/stm32h7xx_hal.o
 .comment       0x000000000000007b       0x7c Drivers/STM32H7xx_HAL_Driver/Src/stm32h7xx_hal_adc.o
 .comment       0x000000000000007b       0x7c Drivers/STM32H7xx_HAL_Driver/Src/stm32h7xx_hal_adc_ex.o
 .comment       0x000000000000007b       0x7c Drivers/STM32H7xx_HAL_Driver/Src/stm32h7xx_hal_cortex.o
 .comment       0x000000000000007b       0x7c Drivers/STM32H7xx_HAL_Driver/Src/stm32h7xx_hal_dma.o
 .comment       0x000000000000007b       0x7c Drivers/STM32H7xx_HAL_Driver/Src/stm32h7xx_hal_gpio.o
 .comment       0x000000000000007b       0x7c Drivers/STM32H7xx_HAL_Driver/Src/stm32h7xx_hal_pwr_ex.o
 .comment       0x000000000000007b       0x7c Drivers/STM32H7xx_HAL_Driver/Src/stm32h7xx_hal_rcc.o
 .comment       0x000000000000007b       0x7c Drivers/STM32H7xx_HAL_Driver/Src/stm32h7xx_hal_rcc_ex.o
 .comment       0x000000000000007b       0x7c Drivers/STM32H7xx_HAL_Driver/Src/stm32h7xx_hal_tim.o
 .comment       0x000000000000007b       0x7c Drivers/STM32H7xx_HAL_Driver/Src/stm32h7xx_hal_tim_ex.o
 .comment       0x000000000000007b       0x7c Drivers/STM32H7xx_HAL_Driver/Src/stm32h7xx_hal_uart.o
 .comment       0x000000000000007b       0x7c Drivers/STM32H7xx_HAL_Driver/Src/stm32h7xx_hal_uart_ex.o

.debug_frame    0x0000000000000000     0x5e30
 .debug_frame   0x0000000000000000      0x7e0 Core/Src/mainBrain.o
 .debug_frame   0x00000000000007e0      0x110 Core/Src/stm32h7xx_hal_msp.o
 .debug_frame   0x00000000000008f0      0x208 Core/Src/stm32h7xx_it.o
 .debug_frame   0x0000000000000af8       0x58 Core/Src/system_stm32h7xx.o
 .debug_frame   0x0000000000000b50      0x710 Drivers/STM32H7xx_HAL_Driver/Src/stm32h7xx_hal.o
 .debug_frame   0x0000000000001260      0xa28 Drivers/STM32H7xx_HAL_Driver/Src/stm32h7xx_hal_adc.o
 .debug_frame   0x0000000000001c88      0x8b4 Drivers/STM32H7xx_HAL_Driver/Src/stm32h7xx_hal_adc_ex.o
 .debug_frame   0x000000000000253c      0x4b8 Drivers/STM32H7xx_HAL_Driver/Src/stm32h7xx_hal_cortex.o
 .debug_frame   0x00000000000029f4      0x2b4 Drivers/STM32H7xx_HAL_Driver/Src/stm32h7xx_hal_dma.o
 .debug_frame   0x0000000000002ca8      0x14c Drivers/STM32H7xx_HAL_Driver/Src/stm32h7xx_hal_gpio.o
 .debug_frame   0x0000000000002df4      0x580 Drivers/STM32H7xx_HAL_Driver/Src/stm32h7xx_hal_pwr_ex.o
 .debug_frame   0x0000000000003374      0x1f8 Drivers/STM32H7xx_HAL_Driver/Src/stm32h7xx_hal_rcc.o
 .debug_frame   0x000000000000356c      0x3f4 Drivers/STM32H7xx_HAL_Driver/Src/stm32h7xx_hal_rcc_ex.o
 .debug_frame   0x0000000000003960     0x118c Drivers/STM32H7xx_HAL_Driver/Src/stm32h7xx_hal_tim.o
 .debug_frame   0x0000000000004aec      0x660 Drivers/STM32H7xx_HAL_Driver/Src/stm32h7xx_hal_tim_ex.o
 .debug_frame   0x000000000000514c      0xa0c Drivers/STM32H7xx_HAL_Driver/Src/stm32h7xx_hal_uart.o
 .debug_frame   0x0000000000005b58      0x22c Drivers/STM32H7xx_HAL_Driver/Src/stm32h7xx_hal_uart_ex.o
 .debug_frame   0x0000000000005d84       0x2c d:/st/stm32cubeide_1.1.0/stm32cubeide/plugins/com.st.stm32cube.ide.mcu.externaltools.gnu-tools-for-stm32.7-2018-q2-update.win32_1.0.0.201904181610/tools/bin/../lib/gcc/arm-none-eabi/7.3.1/../../../../arm-none-eabi/lib/thumb/v7e-m/fpv5/hard\libc_nano.a(lib_a-init.o)
 .debug_frame   0x0000000000005db0       0x20 d:/st/stm32cubeide_1.1.0/stm32cubeide/plugins/com.st.stm32cube.ide.mcu.externaltools.gnu-tools-for-stm32.7-2018-q2-update.win32_1.0.0.201904181610/tools/bin/../lib/gcc/arm-none-eabi/7.3.1/../../../../arm-none-eabi/lib/thumb/v7e-m/fpv5/hard\libc_nano.a(lib_a-memset.o)
 .debug_frame   0x0000000000005dd0       0x2c d:/st/stm32cubeide_1.1.0/stm32cubeide/plugins/com.st.stm32cube.ide.mcu.externaltools.gnu-tools-for-stm32.7-2018-q2-update.win32_1.0.0.201904181610/tools/bin/../lib/gcc/arm-none-eabi/7.3.1/thumb/v7e-m/fpv5/hard\libgcc.a(_aeabi_uldivmod.o)
 .debug_frame   0x0000000000005dfc       0x34 d:/st/stm32cubeide_1.1.0/stm32cubeide/plugins/com.st.stm32cube.ide.mcu.externaltools.gnu-tools-for-stm32.7-2018-q2-update.win32_1.0.0.201904181610/tools/bin/../lib/gcc/arm-none-eabi/7.3.1/thumb/v7e-m/fpv5/hard\libgcc.a(_udivmoddi4.o)
